C:/Users/adool/Documents/H1ARxx-Firmware/BOS/BOS.c:61:6:Processor_type	0	static
C:/Users/adool/Documents/H1ARxx-Firmware/BOS/BOS.c:77:9:Get_Module_Name	0	static
C:/Users/adool/Documents/H1ARxx-Firmware/BOS/BOS.c:82:19:Send_BOS_Message	24	static
C:/Users/adool/Documents/H1ARxx-Firmware/BOS/BOS.c:393:12:LoadROtopology	24	static
C:/Users/adool/Documents/H1ARxx-Firmware/BOS/BOS.c:426:12:LoadEEportsDir	16	static
C:/Users/adool/Documents/H1ARxx-Firmware/BOS/BOS.c:442:12:LoadEEalias	32	static
C:/Users/adool/Documents/H1ARxx-Firmware/BOS/BOS.c:463:12:LoadEEgroup	40	static
C:/Users/adool/Documents/H1ARxx-Firmware/BOS/BOS.c:494:12:LoadEEstreams	32	static
C:/Users/adool/Documents/H1ARxx-Firmware/BOS/BOS.c:555:12:LoadEEparams	16	static
C:/Users/adool/Documents/H1ARxx-Firmware/BOS/BOS.c:648:12:LoadEEbuttons	56	static
C:/Users/adool/Documents/H1ARxx-Firmware/BOS/BOS.c:684:12:LoadROsnippets	40	static
C:/Users/adool/Documents/H1ARxx-Firmware/BOS/BOS.c:363:6:LoadEEvars	8	static
C:/Users/adool/Documents/H1ARxx-Firmware/BOS/BOS.c:744:12:SaveEEportsDir	16	static
C:/Users/adool/Documents/H1ARxx-Firmware/BOS/BOS.c:760:12:SaveEEalias	24	static
C:/Users/adool/Documents/H1ARxx-Firmware/BOS/BOS.c:782:12:SaveEEgroup	24	static
C:/Users/adool/Documents/H1ARxx-Firmware/BOS/BOS.c:814:12:SaveEEstreams	40	static
C:/Users/adool/Documents/H1ARxx-Firmware/BOS/BOS.c:835:12:SaveEEparams	16	static
C:/Users/adool/Documents/H1ARxx-Firmware/BOS/BOS.c:869:12:ClearEEportsDir	16	static
C:/Users/adool/Documents/H1ARxx-Firmware/BOS/BOS.c:888:6:EE_FormatForFactoryReset	8	static
C:/Users/adool/Documents/H1ARxx-Firmware/BOS/BOS.c:908:9:IsLowerCLIbaud	72	static
C:/Users/adool/Documents/H1ARxx-Firmware/BOS/BOS.c:954:9:IsModuleParameter	16	static
C:/Users/adool/Documents/H1ARxx-Firmware/BOS/BOS.c:966:9:IsMathOperator	16	static
C:/Users/adool/Documents/H1ARxx-Firmware/BOS/BOS.c:993:6:BOS_Init	8	static,ignoring_inline_asm
C:/Users/adool/Documents/H1ARxx-Firmware/BOS/BOS.c:1081:6:Module_Init	8	static
C:/Users/adool/Documents/H1ARxx-Firmware/BOS/BOS.c:1363:12:ExploreNeighbors	24	static
C:/Users/adool/Documents/H1ARxx-Firmware/BOS/BOS.c:1386:12:FindBroadcastRoutes	48	dynamic
C:/Users/adool/Documents/H1ARxx-Firmware/BOS/BOS.c:1550:9:minArr	16	static
C:/Users/adool/Documents/H1ARxx-Firmware/BOS/BOS.c:1572:9:QnotEmpty	0	static
C:/Users/adool/Documents/H1ARxx-Firmware/BOS/BOS.c:1467:9:FindRoute	80	static
C:/Users/adool/Documents/H1ARxx-Firmware/BOS/BOS.c:1585:6:DisplayTopology	32	static
C:/Users/adool/Documents/H1ARxx-Firmware/BOS/BOS.c:1625:6:DisplayPortsDir	32	static
C:/Users/adool/Documents/H1ARxx-Firmware/BOS/BOS.c:1650:6:DisplayModuleStatus	32	static
C:/Users/adool/Documents/H1ARxx-Firmware/BOS/BOS.c:1741:9:GetID	16	static
C:/Users/adool/Documents/H1ARxx-Firmware/BOS/BOS.c:1781:12:NameModule	24	static
C:/Users/adool/Documents/H1ARxx-Firmware/BOS/BOS.c:1831:12:AddModuleToGroup	24	static
C:/Users/adool/Documents/H1ARxx-Firmware/BOS/BOS.c:1906:12:WriteToRemote	32	static
C:/Users/adool/Documents/H1ARxx-Firmware/BOS/BOS.c:2057:11:ReadRemoteVar	16	static
C:/Users/adool/Documents/H1ARxx-Firmware/BOS/BOS.c:2091:11:ReadRemoteMemory	24	static
C:/Users/adool/Documents/H1ARxx-Firmware/BOS/BOS.c:2127:11:ReadRemoteParam	24	static
C:/Users/adool/Documents/H1ARxx-Firmware/BOS/BOS.c:2161:12:WriteRemote	16	static
C:/Users/adool/Documents/H1ARxx-Firmware/BOS/BOS.c:2174:12:WriteRemoteForce	16	static
C:/Users/adool/Documents/H1ARxx-Firmware/BOS/BOS.c:2182:9:AddBOSvar	16	static
C:/Users/adool/Documents/H1ARxx-Firmware/BOS/BOS.c:2209:12:ReadFromMBModule	16	static
C:/Users/adool/Documents/H1ARxx-Firmware/BOS/BOS.c:2252:12:WriteToMBModule	16	static
C:/Users/adool/Documents/H1ARxx-Firmware/BOS/BOS.c:2284:7:GetDateString	24	static
C:/Users/adool/Documents/H1ARxx-Firmware/BOS/BOS.c:2295:7:GetTimeString	16	static
C:/Users/adool/Documents/H1ARxx-Firmware/BOS/BOS.c:2306:12:Bridge	24	static
C:/Users/adool/Documents/H1ARxx-Firmware/BOS/BOS.c:2314:12:Unbridge	40	static
C:/Users/adool/Documents/H1ARxx-Firmware/BOS/BOS.c:2340:12:printfp	24	static
