Archive member included to satisfy reference by file (symbol)

C:/ST/STM32CubeIDE_1.12.0/STM32CubeIDE/plugins/com.st.stm32cube.ide.mcu.externaltools.gnu-tools-for-stm32.11.3.rel1.win32_1.1.100.202309141235/tools/bin/../lib/gcc/arm-none-eabi/11.3.1/../../../../arm-none-eabi/lib/thumb/v6-m/nofp\libc.a(libc_a-atof.o)
                              ./BOS/BOS_CLI.o (atof)
C:/ST/STM32CubeIDE_1.12.0/STM32CubeIDE/plugins/com.st.stm32cube.ide.mcu.externaltools.gnu-tools-for-stm32.11.3.rel1.win32_1.1.100.202309141235/tools/bin/../lib/gcc/arm-none-eabi/11.3.1/../../../../arm-none-eabi/lib/thumb/v6-m/nofp\libc.a(libc_a-atoi.o)
                              ./BOS/BOS_CLI.o (atoi)
C:/ST/STM32CubeIDE_1.12.0/STM32CubeIDE/plugins/com.st.stm32cube.ide.mcu.externaltools.gnu-tools-for-stm32.11.3.rel1.win32_1.1.100.202309141235/tools/bin/../lib/gcc/arm-none-eabi/11.3.1/../../../../arm-none-eabi/lib/thumb/v6-m/nofp\libc.a(libc_a-atol.o)
                              ./BOS/BOS.o (atol)
C:/ST/STM32CubeIDE_1.12.0/STM32CubeIDE/plugins/com.st.stm32cube.ide.mcu.externaltools.gnu-tools-for-stm32.11.3.rel1.win32_1.1.100.202309141235/tools/bin/../lib/gcc/arm-none-eabi/11.3.1/../../../../arm-none-eabi/lib/thumb/v6-m/nofp\libc.a(libc_a-exit.o)
                              C:/ST/STM32CubeIDE_1.12.0/STM32CubeIDE/plugins/com.st.stm32cube.ide.mcu.externaltools.gnu-tools-for-stm32.11.3.rel1.win32_1.1.100.202309141235/tools/bin/../lib/gcc/arm-none-eabi/11.3.1/../../../../arm-none-eabi/lib/thumb/v6-m/nofp/crt0.o (exit)
C:/ST/STM32CubeIDE_1.12.0/STM32CubeIDE/plugins/com.st.stm32cube.ide.mcu.externaltools.gnu-tools-for-stm32.11.3.rel1.win32_1.1.100.202309141235/tools/bin/../lib/gcc/arm-none-eabi/11.3.1/../../../../arm-none-eabi/lib/thumb/v6-m/nofp\libc.a(libc_a-malloc.o)
                              ./BOS/BOS.o (malloc)
C:/ST/STM32CubeIDE_1.12.0/STM32CubeIDE/plugins/com.st.stm32cube.ide.mcu.externaltools.gnu-tools-for-stm32.11.3.rel1.win32_1.1.100.202309141235/tools/bin/../lib/gcc/arm-none-eabi/11.3.1/../../../../arm-none-eabi/lib/thumb/v6-m/nofp\libc.a(libc_a-mallocr.o)
                              C:/ST/STM32CubeIDE_1.12.0/STM32CubeIDE/plugins/com.st.stm32cube.ide.mcu.externaltools.gnu-tools-for-stm32.11.3.rel1.win32_1.1.100.202309141235/tools/bin/../lib/gcc/arm-none-eabi/11.3.1/../../../../arm-none-eabi/lib/thumb/v6-m/nofp\libc.a(libc_a-malloc.o) (_malloc_r)
C:/ST/STM32CubeIDE_1.12.0/STM32CubeIDE/plugins/com.st.stm32cube.ide.mcu.externaltools.gnu-tools-for-stm32.11.3.rel1.win32_1.1.100.202309141235/tools/bin/../lib/gcc/arm-none-eabi/11.3.1/../../../../arm-none-eabi/lib/thumb/v6-m/nofp\libc.a(libc_a-mlock.o)
                              C:/ST/STM32CubeIDE_1.12.0/STM32CubeIDE/plugins/com.st.stm32cube.ide.mcu.externaltools.gnu-tools-for-stm32.11.3.rel1.win32_1.1.100.202309141235/tools/bin/../lib/gcc/arm-none-eabi/11.3.1/../../../../arm-none-eabi/lib/thumb/v6-m/nofp\libc.a(libc_a-mallocr.o) (__malloc_lock)
C:/ST/STM32CubeIDE_1.12.0/STM32CubeIDE/plugins/com.st.stm32cube.ide.mcu.externaltools.gnu-tools-for-stm32.11.3.rel1.win32_1.1.100.202309141235/tools/bin/../lib/gcc/arm-none-eabi/11.3.1/../../../../arm-none-eabi/lib/thumb/v6-m/nofp\libc.a(libc_a-rand.o)
                              ./BOS/BOS_CLIcommands.o (rand)
C:/ST/STM32CubeIDE_1.12.0/STM32CubeIDE/plugins/com.st.stm32cube.ide.mcu.externaltools.gnu-tools-for-stm32.11.3.rel1.win32_1.1.100.202309141235/tools/bin/../lib/gcc/arm-none-eabi/11.3.1/../../../../arm-none-eabi/lib/thumb/v6-m/nofp\libc.a(libc_a-realloc.o)
                              ./BOS/BOS_CLI.o (realloc)
C:/ST/STM32CubeIDE_1.12.0/STM32CubeIDE/plugins/com.st.stm32cube.ide.mcu.externaltools.gnu-tools-for-stm32.11.3.rel1.win32_1.1.100.202309141235/tools/bin/../lib/gcc/arm-none-eabi/11.3.1/../../../../arm-none-eabi/lib/thumb/v6-m/nofp\libc.a(libc_a-reallocr.o)
                              C:/ST/STM32CubeIDE_1.12.0/STM32CubeIDE/plugins/com.st.stm32cube.ide.mcu.externaltools.gnu-tools-for-stm32.11.3.rel1.win32_1.1.100.202309141235/tools/bin/../lib/gcc/arm-none-eabi/11.3.1/../../../../arm-none-eabi/lib/thumb/v6-m/nofp\libc.a(libc_a-realloc.o) (_realloc_r)
C:/ST/STM32CubeIDE_1.12.0/STM32CubeIDE/plugins/com.st.stm32cube.ide.mcu.externaltools.gnu-tools-for-stm32.11.3.rel1.win32_1.1.100.202309141235/tools/bin/../lib/gcc/arm-none-eabi/11.3.1/../../../../arm-none-eabi/lib/thumb/v6-m/nofp\libc.a(libc_a-strtod.o)
                              C:/ST/STM32CubeIDE_1.12.0/STM32CubeIDE/plugins/com.st.stm32cube.ide.mcu.externaltools.gnu-tools-for-stm32.11.3.rel1.win32_1.1.100.202309141235/tools/bin/../lib/gcc/arm-none-eabi/11.3.1/../../../../arm-none-eabi/lib/thumb/v6-m/nofp\libc.a(libc_a-atof.o) (strtod)
C:/ST/STM32CubeIDE_1.12.0/STM32CubeIDE/plugins/com.st.stm32cube.ide.mcu.externaltools.gnu-tools-for-stm32.11.3.rel1.win32_1.1.100.202309141235/tools/bin/../lib/gcc/arm-none-eabi/11.3.1/../../../../arm-none-eabi/lib/thumb/v6-m/nofp\libc.a(libc_a-strtol.o)
[...]
Memory Configuration

Name             Origin             Length             Attributes
RAM              0x0000000020000000 0x0000000000008000 xrw
FLASH            0x0000000008000000 0x0000000000020000 xr
*default*        0x0000000000000000 0xffffffffffffffff

Linker script and memory map

LOAD C:/ST/STM32CubeIDE_1.12.0/STM32CubeIDE/plugins/com.st.stm32cube.ide.mcu.externaltools.gnu-tools-for-stm32.11.3.rel1.win32_1.1.100.202309141235/tools/bin/../lib/gcc/arm-none-eabi/11.3.1/thumb/v6-m/nofp/crti.o
LOAD C:/ST/STM32CubeIDE_1.12.0/STM32CubeIDE/plugins/com.st.stm32cube.ide.mcu.externaltools.gnu-tools-for-stm32.11.3.rel1.win32_1.1.100.202309141235/tools/bin/../lib/gcc/arm-none-eabi/11.3.1/thumb/v6-m/nofp/crtbegin.o
LOAD C:/ST/STM32CubeIDE_1.12.0/STM32CubeIDE/plugins/com.st.stm32cube.ide.mcu.externaltools.gnu-tools-for-stm32.11.3.rel1.win32_1.1.100.202309141235/tools/bin/../lib/gcc/arm-none-eabi/11.3.1/../../../../arm-none-eabi/lib/thumb/v6-m/nofp/crt0.o
LOAD ./BOS/BOS.o
LOAD ./BOS/BOS_CLI.o
LOAD ./BOS/BOS_CLIcommands.o
LOAD ./BOS/BOS_dma.o
LOAD ./BOS/BOS_freertos.o
LOAD ./BOS/BOS_messaging.o
LOAD ./BOS/BOS_msgparser.o
LOAD ./H1AR0/H1AR0.o
LOAD ./H1AR0/H1AR0_dma.o
LOAD ./H1AR0/H1AR0_eeprom.o
LOAD ./H1AR0/H1AR0_gpio.o
LOAD ./H1AR0/H1AR0_inputs.o
LOAD ./H1AR0/H1AR0_it.o
LOAD ./H1AR0/H1AR0_rtc.o
LOAD ./H1AR0/H1AR0_timers.o
LOAD ./H1AR0/H1AR0_uart.o
LOAD ./H1AR0/startup_stm32f091xc.o
LOAD ./Thirdparty/CMSIS/STM32F0xx/Device/ST/STM32F0xx/Source/Templates/system_stm32f0xx.o
LOAD ./Thirdparty/Middleware/STM32F0xx/FreeRTOS/Source/CMSIS_RTOS/cmsis_os.o
LOAD ./Thirdparty/Middleware/STM32F0xx/FreeRTOS/Source/FreeRTOS_CLI.o
LOAD ./Thirdparty/Middleware/STM32F0xx/FreeRTOS/Source/croutine.o
LOAD ./Thirdparty/Middleware/STM32F0xx/FreeRTOS/Source/event_groups.o
LOAD ./Thirdparty/Middleware/STM32F0xx/FreeRTOS/Source/list.o
LOAD ./Thirdparty/Middleware/STM32F0xx/FreeRTOS/Source/queue.o
LOAD ./Thirdparty/Middleware/STM32F0xx/FreeRTOS/Source/tasks.o
LOAD ./Thirdparty/Middleware/STM32F0xx/FreeRTOS/Source/timers.o
LOAD ./Thirdparty/Middleware/STM32F0xx/FreeRTOS/Source/portable/GCC/ARM_CM0/port.o
LOAD ./Thirdparty/Middleware/STM32F0xx/FreeRTOS/Source/portable/MemMang/heap_4.o
LOAD ./Thirdparty/STM32F0xx_HAL_Driver/Src/stm32f0xx_hal.o
LOAD ./Thirdparty/STM32F0xx_HAL_Driver/Src/stm32f0xx_hal_adc.o
LOAD ./Thirdparty/STM32F0xx_HAL_Driver/Src/stm32f0xx_hal_adc_ex.o
LOAD ./Thirdparty/STM32F0xx_HAL_Driver/Src/stm32f0xx_hal_can.o
LOAD ./Thirdparty/STM32F0xx_HAL_Driver/Src/stm32f0xx_hal_cec.o
LOAD ./Thirdparty/STM32F0xx_HAL_Driver/Src/stm32f0xx_hal_comp.o
LOAD ./Thirdparty/STM32F0xx_HAL_Driver/Src/stm32f0xx_hal_cortex.o
LOAD ./Thirdparty/STM32F0xx_HAL_Driver/Src/stm32f0xx_hal_crc.o
LOAD ./Thirdparty/STM32F0xx_HAL_Driver/Src/stm32f0xx_hal_crc_ex.o
LOAD ./Thirdparty/STM32F0xx_HAL_Driver/Src/stm32f0xx_hal_dac.o
LOAD ./Thirdparty/STM32F0xx_HAL_Driver/Src/stm32f0xx_hal_dac_ex.o
LOAD ./Thirdparty/STM32F0xx_HAL_Driver/Src/stm32f0xx_hal_dma.o
LOAD ./Thirdparty/STM32F0xx_HAL_Driver/Src/stm32f0xx_hal_flash.o
LOAD ./Thirdparty/STM32F0xx_HAL_Driver/Src/stm32f0xx_hal_flash_ex.o
LOAD ./Thirdparty/STM32F0xx_HAL_Driver/Src/stm32f0xx_hal_gpio.o
LOAD ./Thirdparty/STM32F0xx_HAL_Driver/Src/stm32f0xx_hal_i2c.o
LOAD ./Thirdparty/STM32F0xx_HAL_Driver/Src/stm32f0xx_hal_i2c_ex.o
LOAD ./Thirdparty/STM32F0xx_HAL_Driver/Src/stm32f0xx_hal_i2s.o
LOAD ./Thirdparty/STM32F0xx_HAL_Driver/Src/stm32f0xx_hal_irda.o
LOAD ./Thirdparty/STM32F0xx_HAL_Driver/Src/stm32f0xx_hal_iwdg.o
LOAD ./Thirdparty/STM32F0xx_HAL_Driver/Src/stm32f0xx_hal_msp_template.o
LOAD ./Thirdparty/STM32F0xx_HAL_Driver/Src/stm32f0xx_hal_pcd.o
LOAD ./Thirdparty/STM32F0xx_HAL_Driver/Src/stm32f0xx_hal_pcd_ex.o
LOAD ./Thirdparty/STM32F0xx_HAL_Driver/Src/stm32f0xx_hal_pwr.o
LOAD ./Thirdparty/STM32F0xx_HAL_Driver/Src/stm32f0xx_hal_pwr_ex.o
LOAD ./Thirdparty/STM32F0xx_HAL_Driver/Src/stm32f0xx_hal_rcc.o
LOAD ./Thirdparty/STM32F0xx_HAL_Driver/Src/stm32f0xx_hal_rcc_ex.o
LOAD ./Thirdparty/STM32F0xx_HAL_Driver/Src/stm32f0xx_hal_rtc.o
LOAD ./Thirdparty/STM32F0xx_HAL_Driver/Src/stm32f0xx_hal_rtc_ex.o
LOAD ./Thirdparty/STM32F0xx_HAL_Driver/Src/stm32f0xx_hal_smartcard.o
LOAD ./Thirdparty/STM32F0xx_HAL_Driver/Src/stm32f0xx_hal_smartcard_ex.o
LOAD ./Thirdparty/STM32F0xx_HAL_Driver/Src/stm32f0xx_hal_smbus.o
LOAD ./Thirdparty/STM32F0xx_HAL_Driver/Src/stm32f0xx_hal_spi.o
LOAD ./Thirdparty/STM32F0xx_HAL_Driver/Src/stm32f0xx_hal_spi_ex.o
LOAD ./Thirdparty/STM32F0xx_HAL_Driver/Src/stm32f0xx_hal_tim.o
LOAD ./Thirdparty/STM32F0xx_HAL_Driver/Src/stm32f0xx_hal_tim_ex.o
LOAD ./Thirdparty/STM32F0xx_HAL_Driver/Src/stm32f0xx_hal_tsc.o
LOAD ./Thirdparty/STM32F0xx_HAL_Driver/Src/stm32f0xx_hal_uart.o
LOAD ./Thirdparty/STM32F0xx_HAL_Driver/Src/stm32f0xx_hal_uart_ex.o
LOAD ./Thirdparty/STM32F0xx_HAL_Driver/Src/stm32f0xx_hal_usart.o
LOAD ./Thirdparty/STM32F0xx_HAL_Driver/Src/stm32f0xx_hal_wwdg.o
LOAD ./User/main.o
START GROUP
LOAD C:/ST/STM32CubeIDE_1.12.0/STM32CubeIDE/plugins/com.st.stm32cube.ide.mcu.externaltools.gnu-tools-for-stm32.11.3.rel1.win32_1.1.100.202309141235/tools/bin/../lib/gcc/arm-none-eabi/11.3.1/../../../../arm-none-eabi/lib/thumb/v6-m/nofp\libc.a
LOAD C:/ST/STM32CubeIDE_1.12.0/STM32CubeIDE/plugins/com.st.stm32cube.ide.mcu.externaltools.gnu-tools-for-stm32.11.3.rel1.win32_1.1.100.202309141235/tools/bin/../lib/gcc/arm-none-eabi/11.3.1/../../../../arm-none-eabi/lib/thumb/v6-m/nofp\libm.a
END GROUP
START GROUP
LOAD C:/ST/STM32CubeIDE_1.12.0/STM32CubeIDE/plugins/com.st.stm32cube.ide.mcu.externaltools.gnu-tools-for-stm32.11.3.rel1.win32_1.1.100.202309141235/tools/bin/../lib/gcc/arm-none-eabi/11.3.1/thumb/v6-m/nofp\libgcc.a
LOAD C:/ST/STM32CubeIDE_1.12.0/STM32CubeIDE/plugins/com.st.stm32cube.ide.mcu.externaltools.gnu-tools-for-stm32.11.3.rel1.win32_1.1.100.202309141235/tools/bin/../lib/gcc/arm-none-eabi/11.3.1/../../../../arm-none-eabi/lib/thumb/v6-m/nofp\libc.a
END GROUP
START GROUP
LOAD C:/ST/STM32CubeIDE_1.12.0/STM32CubeIDE/plugins/com.st.stm32cube.ide.mcu.externaltools.gnu-tools-for-stm32.11.3.rel1.win32_1.1.100.202309141235/tools/bin/../lib/gcc/arm-none-eabi/11.3.1/thumb/v6-m/nofp\libgcc.a
LOAD C:/ST/STM32CubeIDE_1.12.0/STM32CubeIDE/plugins/com.st.stm32cube.ide.mcu.externaltools.gnu-tools-for-stm32.11.3.rel1.win32_1.1.100.202309141235/tools/bin/../lib/gcc/arm-none-eabi/11.3.1/../../../../arm-none-eabi/lib/thumb/v6-m/nofp\libc.a
LOAD C:/ST/STM32CubeIDE_1.12.0/STM32CubeIDE/plugins/com.st.stm32cube.ide.mcu.externaltools.gnu-tools-for-stm32.11.3.rel1.win32_1.1.100.202309141235/tools/bin/../lib/gcc/arm-none-eabi/11.3.1/../../../../arm-none-eabi/lib/thumb/v6-m/nofp\libnosys.a
END GROUP
LOAD C:/ST/STM32CubeIDE_1.12.0/STM32CubeIDE/plugins/com.st.stm32cube.ide.mcu.externaltools.gnu-tools-for-stm32.11.3.rel1.win32_1.1.100.202309141235/tools/bin/../lib/gcc/arm-none-eabi/11.3.1/thumb/v6-m/nofp/crtend.o
LOAD C:/ST/STM32CubeIDE_1.12.0/STM32CubeIDE/plugins/com.st.stm32cube.ide.mcu.externaltools.gnu-tools-for-stm32.11.3.rel1.win32_1.1.100.202309141235/tools/bin/../lib/gcc/arm-none-eabi/11.3.1/thumb/v6-m/nofp/crtn.o
                0x0000000020008000                _estack = 0x20008000
                0x0000000000000200                _Min_Heap_Size = 0x200
                0x0000000000000400                _Min_Stack_Size = 0x400

.isr_vector     0x0000000008000000       0xbc
                0x0000000008000000                . = ALIGN (0x4)
 *(.isr_vector)
 .isr_vector    0x0000000008000000       0xbc ./H1AR0/startup_stm32f091xc.o
                0x0000000008000000                g_pfnVectors
                0x00000000080000bc                . = ALIGN (0x4)

.text           0x00000000080000bc    0x19604
                0x00000000080000bc                . = ALIGN (0x4)
 *(.text)
 .text          0x00000000080000bc       0x48 C:/ST/STM32CubeIDE_1.12.0/STM32CubeIDE/plugins/com.st.stm32cube.ide.mcu.externaltools.gnu-tools-for-stm32.11.3.rel1.win32_1.1.100.202309141235/tools/bin/../lib/gcc/arm-none-eabi/11.3.1/thumb/v6-m/nofp/crtbegin.o
 .text          0x0000000008000104       0x14 C:/ST/STM32CubeIDE_1.12.0/STM32CubeIDE/plugins/com.st.stm32cube.ide.mcu.externaltools.gnu-tools-for-stm32.11.3.rel1.win32_1.1.100.202309141235/tools/bin/../lib/gcc/arm-none-eabi/11.3.1/../../../../arm-none-eabi/lib/thumb/v6-m/nofp\libc.a(libc_a-strcmp.o)
                0x0000000008000104                strcmp
 .text          0x0000000008000118        0xe C:/ST/STM32CubeIDE_1.12.0/STM32CubeIDE/plugins/com.st.stm32cube.ide.mcu.externaltools.gnu-tools-for-stm32.11.3.rel1.win32_1.1.100.202309141235/tools/bin/../lib/gcc/arm-none-eabi/11.3.1/../../../../arm-none-eabi/lib/thumb/v6-m/nofp\libc.a(libc_a-strlen.o)
                0x0000000008000118                strlen
 *fill*         0x0000000008000126        0x2 
 .text          0x0000000008000128       0x14 C:/ST/STM32CubeIDE_1.12.0/STM32CubeIDE/plugins/com.st.stm32cube.ide.mcu.externaltools.gnu-tools-for-stm32.11.3.rel1.win32_1.1.100.202309141235/tools/bin/../lib/gcc/arm-none-eabi/11.3.1/thumb/v6-m/nofp\libgcc.a(_thumb1_case_uqi.o)
                0x0000000008000128                __gnu_thumb1_case_uqi
 .text          0x000000000800013c       0x14 C:/ST/STM32CubeIDE_1.12.0/STM32CubeIDE/plugins/com.st.stm32cube.ide.mcu.externaltools.gnu-tools-for-stm32.11.3.rel1.win32_1.1.100.202309141235/tools/bin/../lib/gcc/arm-none-eabi/11.3.1/thumb/v6-m/nofp\libgcc.a(_thumb1_case_uhi.o)
                0x000000000800013c                __gnu_thumb1_case_uhi
 .text          0x0000000008000150      0x114 C:/ST/STM32CubeIDE_1.12.0/STM32CubeIDE/plugins/com.st.stm32cube.ide.mcu.externaltools.gnu-tools-for-stm32.11.3.rel1.win32_1.1.100.202309141235/tools/bin/../lib/gcc/arm-none-eabi/11.3.1/thumb/v6-m/nofp\libgcc.a(_udivsi3.o)
                0x0000000008000150                __aeabi_uidiv
                0x0000000008000150                __udivsi3
                0x000000000800025c                __aeabi_uidivmod
 .text          0x0000000008000264      0x1d4 C:/ST/STM32CubeIDE_1.12.0/STM32CubeIDE/plugins/com.st.stm32cube.ide.mcu.externaltools.gnu-tools-for-stm32.11.3.rel1.win32_1.1.100.202309141235/tools/bin/../lib/gcc/arm-none-eabi/11.3.1/thumb/v6-m/nofp\libgcc.a(_divsi3.o)
                0x0000000008000264                __divsi3
                0x0000000008000264                __aeabi_idiv
                0x0000000008000430                __aeabi_idivmod
 .text          0x0000000008000438        0x4 C:/ST/STM32CubeIDE_1.12.0/STM32CubeIDE/plugins/com.st.stm32cube.ide.mcu.externaltools.gnu-tools-for-stm32.11.3.rel1.win32_1.1.100.202309141235/tools/bin/../lib/gcc/arm-none-eabi/11.3.1/thumb/v6-m/nofp\libgcc.a(_dvmd_tls.o)
                0x0000000008000438                __aeabi_idiv0
                0x0000000008000438                __aeabi_ldiv0
 .text          0x000000000800043c       0x7c C:/ST/STM32CubeIDE_1.12.0/STM32CubeIDE/plugins/com.st.stm32cube.ide.mcu.externaltools.gnu-tools-for-stm32.11.3.rel1.win32_1.1.100.202309141235/tools/bin/../lib/gcc/arm-none-eabi/11.3.1/thumb/v6-m/nofp\libgcc.a(_arm_cmpdf2.o)
                0x000000000800043c                __aeabi_cdrcmple
                0x000000000800044c                __aeabi_cdcmple
                0x000000000800044c                __aeabi_cdcmpeq
                0x000000000800045c                __aeabi_dcmpeq
                0x0000000008000468                __aeabi_dcmplt
                0x000000000800047c                __aeabi_dcmple
                0x0000000008000490                __aeabi_dcmpgt
                0x00000000080004a4                __aeabi_dcmpge
 .text          0x00000000080004b8       0x74 C:/ST/STM32CubeIDE_1.12.0/STM32CubeIDE/plugins/com.st.stm32cube.ide.mcu.externaltools.gnu-tools-for-stm32.11.3.rel1.win32_1.1.100.202309141235/tools/bin/../lib/gcc/arm-none-eabi/11.3.1/thumb/v6-m/nofp\libgcc.a(_arm_cmpsf2.o)
                0x00000000080004b8                __aeabi_cfrcmple
                0x00000000080004c0                __aeabi_cfcmpeq
                0x00000000080004c0                __aeabi_cfcmple
                0x00000000080004d0                __aeabi_fcmpeq
                0x00000000080004dc                __aeabi_fcmplt
                0x00000000080004f0                __aeabi_fcmple
                0x0000000008000504                __aeabi_fcmpgt
                0x0000000008000518                __aeabi_fcmpge
 .text          0x000000000800052c       0x14 C:/ST/STM32CubeIDE_1.12.0/STM32CubeIDE/plugins/com.st.stm32cube.ide.mcu.externaltools.gnu-tools-for-stm32.11.3.rel1.win32_1.1.100.202309141235/tools/bin/../lib/gcc/arm-none-eabi/11.3.1/thumb/v6-m/nofp\libgcc.a(_aeabi_ulcmp.o)
                0x000000000800052c                __aeabi_ulcmp
 .text          0x0000000008000540       0x40 C:/ST/STM32CubeIDE_1.12.0/STM32CubeIDE/plugins/com.st.stm32cube.ide.mcu.externaltools.gnu-tools-for-stm32.11.3.rel1.win32_1.1.100.202309141235/tools/bin/../lib/gcc/arm-none-eabi/11.3.1/thumb/v6-m/nofp\libgcc.a(_aeabi_uldivmod.o)
                0x0000000008000540                __aeabi_uldivmod
 .text          0x0000000008000580       0x5c C:/ST/STM32CubeIDE_1.12.0/STM32CubeIDE/plugins/com.st.stm32cube.ide.mcu.externaltools.gnu-tools-for-stm32.11.3.rel1.win32_1.1.100.202309141235/tools/bin/../lib/gcc/arm-none-eabi/11.3.1/thumb/v6-m/nofp\libgcc.a(_muldi3.o)
                0x0000000008000580                __muldi3
                0x0000000008000580                __aeabi_lmul
 .text          0x00000000080005dc       0x30 C:/ST/STM32CubeIDE_1.12.0/STM32CubeIDE/plugins/com.st.stm32cube.ide.mcu.externaltools.gnu-tools-for-stm32.11.3.rel1.win32_1.1.100.202309141235/tools/bin/../lib/gcc/arm-none-eabi/11.3.1/thumb/v6-m/nofp\libgcc.a(_fixunssfsi.o)
                0x00000000080005dc                __fixunssfsi
                0x00000000080005dc                __aeabi_f2uiz
 .text          0x000000000800060c       0x3c C:/ST/STM32CubeIDE_1.12.0/STM32CubeIDE/plugins/com.st.stm32cube.ide.mcu.externaltools.gnu-tools-for-stm32.11.3.rel1.win32_1.1.100.202309141235/tools/bin/../lib/gcc/arm-none-eabi/11.3.1/thumb/v6-m/nofp\libgcc.a(_fixunsdfsi.o)
                0x000000000800060c                __aeabi_d2uiz
                0x000000000800060c                __fixunsdfsi
 .text          0x0000000008000648       0x3c C:/ST/STM32CubeIDE_1.12.0/STM32CubeIDE/plugins/com.st.stm32cube.ide.mcu.externaltools.gnu-tools-for-stm32.11.3.rel1.win32_1.1.100.202309141235/tools/bin/../lib/gcc/arm-none-eabi/11.3.1/thumb/v6-m/nofp\libgcc.a(_fixdfdi.o)
                0x0000000008000648                __fixdfdi
                0x0000000008000648                __aeabi_d2lz
 .text          0x0000000008000684       0x3c C:/ST/STM32CubeIDE_1.12.0/STM32CubeIDE/plugins/com.st.stm32cube.ide.mcu.externaltools.gnu-tools-for-stm32.11.3.rel1.win32_1.1.100.202309141235/tools/bin/../lib/gcc/arm-none-eabi/11.3.1/thumb/v6-m/nofp\libgcc.a(_fixunsdfdi.o)
                0x0000000008000684                __fixunsdfdi
                0x0000000008000684                __aeabi_d2ulz
 .text          0x00000000080006c0       0x2c C:/ST/STM32CubeIDE_1.12.0/STM32CubeIDE/plugins/com.st.stm32cube.ide.mcu.externaltools.gnu-tools-for-stm32.11.3.rel1.win32_1.1.100.202309141235/tools/bin/../lib/gcc/arm-none-eabi/11.3.1/thumb/v6-m/nofp\libgcc.a(_floatdidf.o)
                0x00000000080006c0                __aeabi_l2d
                0x00000000080006c0                __floatdidf
 .text          0x00000000080006ec      0x198 C:/ST/STM32CubeIDE_1.12.0/STM32CubeIDE/plugins/com.st.stm32cube.ide.mcu.externaltools.gnu-tools-for-stm32.11.3.rel1.win32_1.1.100.202309141235/tools/bin/../lib/gcc/arm-none-eabi/11.3.1/thumb/v6-m/nofp\libgcc.a(_udivmoddi4.o)
                0x00000000080006ec                __udivmoddi4
 .text          0x0000000008000884       0x4c C:/ST/STM32CubeIDE_1.12.0/STM32CubeIDE/plugins/com.st.stm32cube.ide.mcu.externaltools.gnu-tools-for-stm32.11.3.rel1.win32_1.1.100.202309141235/tools/bin/../lib/gcc/arm-none-eabi/11.3.1/thumb/v6-m/nofp\libgcc.a(eqsf2.o)
                0x0000000008000884                __eqsf2
                0x0000000008000884                __nesf2
 .text          0x00000000080008d0       0x8c C:/ST/STM32CubeIDE_1.12.0/STM32CubeIDE/plugins/com.st.stm32cube.ide.mcu.externaltools.gnu-tools-for-stm32.11.3.rel1.win32_1.1.100.202309141235/tools/bin/../lib/gcc/arm-none-eabi/11.3.1/thumb/v6-m/nofp\libgcc.a(gesf2.o)
                0x00000000080008d0                __gesf2
                0x00000000080008d0                __gtsf2
 .text          0x000000000800095c       0x88 C:/ST/STM32CubeIDE_1.12.0/STM32CubeIDE/plugins/com.st.stm32cube.ide.mcu.externaltools.gnu-tools-for-stm32.11.3.rel1.win32_1.1.100.202309141235/tools/bin/../lib/gcc/arm-none-eabi/11.3.1/thumb/v6-m/nofp\libgcc.a(lesf2.o)
                0x000000000800095c                __ltsf2
                0x000000000800095c                __lesf2
 .text          0x00000000080009e4      0x29c C:/ST/STM32CubeIDE_1.12.0/STM32CubeIDE/plugins/com.st.stm32cube.ide.mcu.externaltools.gnu-tools-for-stm32.11.3.rel1.win32_1.1.100.202309141235/tools/bin/../lib/gcc/arm-none-eabi/11.3.1/thumb/v6-m/nofp\libgcc.a(mulsf3.o)
                0x00000000080009e4                __aeabi_fmul
 .text          0x0000000008000c80      0x340 C:/ST/STM32CubeIDE_1.12.0/STM32CubeIDE/plugins/com.st.stm32cube.ide.mcu.externaltools.gnu-tools-for-stm32.11.3.rel1.win32_1.1.100.202309141235/tools/bin/../lib/gcc/arm-none-eabi/11.3.1/thumb/v6-m/nofp\libgcc.a(subsf3.o)
                0x0000000008000c80                __aeabi_fsub
 .text          0x0000000008000fc0       0x40 C:/ST/STM32CubeIDE_1.12.0/STM32CubeIDE/plugins/com.st.stm32cube.ide.mcu.externaltools.gnu-tools-for-stm32.11.3.rel1.win32_1.1.100.202309141235/tools/bin/../lib/gcc/arm-none-eabi/11.3.1/thumb/v6-m/nofp\libgcc.a(fixsfsi.o)
                0x0000000008000fc0                __aeabi_f2iz
 .text          0x0000000008001000       0x90 C:/ST/STM32CubeIDE_1.12.0/STM32CubeIDE/plugins/com.st.stm32cube.ide.mcu.externaltools.gnu-tools-for-stm32.11.3.rel1.win32_1.1.100.202309141235/tools/bin/../lib/gcc/arm-none-eabi/11.3.1/thumb/v6-m/nofp\libgcc.a(floatunsisf.o)
                0x0000000008001000                __aeabi_ui2f
 .text          0x0000000008001090      0x6c0 C:/ST/STM32CubeIDE_1.12.0/STM32CubeIDE/plugins/com.st.stm32cube.ide.mcu.externaltools.gnu-tools-for-stm32.11.3.rel1.win32_1.1.100.202309141235/tools/bin/../lib/gcc/arm-none-eabi/11.3.1/thumb/v6-m/nofp\libgcc.a(adddf3.o)
                0x0000000008001090                __aeabi_dadd
 .text          0x0000000008001750      0x5dc C:/ST/STM32CubeIDE_1.12.0/STM32CubeIDE/plugins/com.st.stm32cube.ide.mcu.externaltools.gnu-tools-for-stm32.11.3.rel1.win32_1.1.100.202309141235/tools/bin/../lib/gcc/arm-none-eabi/11.3.1/thumb/v6-m/nofp\libgcc.a(divdf3.o)
                0x0000000008001750                __aeabi_ddiv
 .text          0x0000000008001d2c       0x84 C:/ST/STM32CubeIDE_1.12.0/STM32CubeIDE/plugins/com.st.stm32cube.ide.mcu.externaltools.gnu-tools-for-stm32.11.3.rel1.win32_1.1.100.202309141235/tools/bin/../lib/gcc/arm-none-eabi/11.3.1/thumb/v6-m/nofp\libgcc.a(eqdf2.o)
                0x0000000008001d2c                __nedf2
                0x0000000008001d2c                __eqdf2
 .text          0x0000000008001db0       0xcc C:/ST/STM32CubeIDE_1.12.0/STM32CubeIDE/plugins/com.st.stm32cube.ide.mcu.externaltools.gnu-tools-for-stm32.11.3.rel1.win32_1.1.100.202309141235/tools/bin/../lib/gcc/arm-none-eabi/11.3.1/thumb/v6-m/nofp\libgcc.a(gedf2.o)
                0x0000000008001db0                __gedf2
                0x0000000008001db0                __gtdf2
 .text          0x0000000008001e7c       0xc8 C:/ST/STM32CubeIDE_1.12.0/STM32CubeIDE/plugins/com.st.stm32cube.ide.mcu.externaltools.gnu-tools-for-stm32.11.3.rel1.win32_1.1.100.202309141235/tools/bin/../lib/gcc/arm-none-eabi/11.3.1/thumb/v6-m/nofp\libgcc.a(ledf2.o)
                0x0000000008001e7c                __ledf2
                0x0000000008001e7c                __ltdf2
 .text          0x0000000008001f44      0x584 C:/ST/STM32CubeIDE_1.12.0/STM32CubeIDE/plugins/com.st.stm32cube.ide.mcu.externaltools.gnu-tools-for-stm32.11.3.rel1.win32_1.1.100.202309141235/tools/bin/../lib/gcc/arm-none-eabi/11.3.1/thumb/v6-m/nofp\libgcc.a(muldf3.o)
                0x0000000008001f44                __aeabi_dmul
 .text          0x00000000080024c8      0x704 C:/ST/STM32CubeIDE_1.12.0/STM32CubeIDE/plugins/com.st.stm32cube.ide.mcu.externaltools.gnu-tools-for-stm32.11.3.rel1.win32_1.1.100.202309141235/tools/bin/../lib/gcc/arm-none-eabi/11.3.1/thumb/v6-m/nofp\libgcc.a(subdf3.o)
                0x00000000080024c8                __aeabi_dsub
 .text          0x0000000008002bcc       0x3c C:/ST/STM32CubeIDE_1.12.0/STM32CubeIDE/plugins/com.st.stm32cube.ide.mcu.externaltools.gnu-tools-for-stm32.11.3.rel1.win32_1.1.100.202309141235/tools/bin/../lib/gcc/arm-none-eabi/11.3.1/thumb/v6-m/nofp\libgcc.a(unorddf2.o)
                0x0000000008002bcc                __aeabi_dcmpun
 .text          0x0000000008002c08       0x6c C:/ST/STM32CubeIDE_1.12.0/STM32CubeIDE/plugins/com.st.stm32cube.ide.mcu.externaltools.gnu-tools-for-stm32.11.3.rel1.win32_1.1.100.202309141235/tools/bin/../lib/gcc/arm-none-eabi/11.3.1/thumb/v6-m/nofp\libgcc.a(fixdfsi.o)
                0x0000000008002c08                __aeabi_d2iz
 .text          0x0000000008002c74       0x60 C:/ST/STM32CubeIDE_1.12.0/STM32CubeIDE/plugins/com.st.stm32cube.ide.mcu.externaltools.gnu-tools-for-stm32.11.3.rel1.win32_1.1.100.202309141235/tools/bin/../lib/gcc/arm-none-eabi/11.3.1/thumb/v6-m/nofp\libgcc.a(floatsidf.o)
                0x0000000008002c74                __aeabi_i2d
 .text          0x0000000008002cd4       0x4c C:/ST/STM32CubeIDE_1.12.0/STM32CubeIDE/plugins/com.st.stm32cube.ide.mcu.externaltools.gnu-tools-for-stm32.11.3.rel1.win32_1.1.100.202309141235/tools/bin/../lib/gcc/arm-none-eabi/11.3.1/thumb/v6-m/nofp\libgcc.a(floatunsidf.o)
                0x0000000008002cd4                __aeabi_ui2d
 .text          0x0000000008002d20       0x90 C:/ST/STM32CubeIDE_1.12.0/STM32CubeIDE/plugins/com.st.stm32cube.ide.mcu.externaltools.gnu-tools-for-stm32.11.3.rel1.win32_1.1.100.202309141235/tools/bin/../lib/gcc/arm-none-eabi/11.3.1/thumb/v6-m/nofp\libgcc.a(extendsfdf2.o)
                0x0000000008002d20                __aeabi_f2d
 .text          0x0000000008002db0      0x10c C:/ST/STM32CubeIDE_1.12.0/STM32CubeIDE/plugins/com.st.stm32cube.ide.mcu.externaltools.gnu-tools-for-stm32.11.3.rel1.win32_1.1.100.202309141235/tools/bin/../lib/gcc/arm-none-eabi/11.3.1/thumb/v6-m/nofp\libgcc.a(truncdfsf2.o)
                0x0000000008002db0                __aeabi_d2f
 .text          0x0000000008002ebc       0x3c C:/ST/STM32CubeIDE_1.12.0/STM32CubeIDE/plugins/com.st.stm32cube.ide.mcu.externaltools.gnu-tools-for-stm32.11.3.rel1.win32_1.1.100.202309141235/tools/bin/../lib/gcc/arm-none-eabi/11.3.1/thumb/v6-m/nofp\libgcc.a(_clzsi2.o)
                0x0000000008002ebc                __clzsi2
 .text          0x0000000008002ef8       0x18 C:/ST/STM32CubeIDE_1.12.0/STM32CubeIDE/plugins/com.st.stm32cube.ide.mcu.externaltools.gnu-tools-for-stm32.11.3.rel1.win32_1.1.100.202309141235/tools/bin/../lib/gcc/arm-none-eabi/11.3.1/thumb/v6-m/nofp\libgcc.a(_clzdi2.o)
                0x0000000008002ef8                __clzdi2
 *(.text*)
 .text.Processor_type
                0x0000000008002f10       0x1c ./BOS/BOS.o
                0x0000000008002f10                Processor_type
 .text.Get_Module_Name
                0x0000000008002f2c       0x10 ./BOS/BOS.o
                0x0000000008002f2c                Get_Module_Name
 .text.Send_BOS_Message
                0x0000000008002f3c       0x90 ./BOS/BOS.o
                0x0000000008002f3c                Send_BOS_Message
 .text.LoadROtopology
                0x0000000008002fcc       0x9c ./BOS/BOS.o
                0x0000000008002fcc                LoadROtopology
 .text.LoadEEportsDir
                0x0000000008003068       0x38 ./BOS/BOS.o
                0x0000000008003068                LoadEEportsDir
 .text.LoadEEalias
                0x00000000080030a0       0x78 ./BOS/BOS.o
                0x00000000080030a0                LoadEEalias
 .text.LoadEEgroup
                0x0000000008003118       0xb8 ./BOS/BOS.o
                0x0000000008003118                LoadEEgroup
 .text.LoadEEstreams
                0x00000000080031d0      0x144 ./BOS/BOS.o
                0x00000000080031d0                LoadEEstreams
 .text.LoadEEparams
                0x0000000008003314      0x1a0 ./BOS/BOS.o
                0x0000000008003314                LoadEEparams
 .text.LoadEEbuttons
                0x00000000080034b4       0xe0 ./BOS/BOS.o
                0x00000000080034b4                LoadEEbuttons
 .text.LoadROsnippets
                0x0000000008003594       0xfc ./BOS/BOS.o
                0x0000000008003594                LoadROsnippets
 .text.LoadEEvars
                0x0000000008003690       0x24 ./BOS/BOS.o
                0x0000000008003690                LoadEEvars
 .text.SaveEEportsDir
                0x00000000080036b4       0x3c ./BOS/BOS.o
                0x00000000080036b4                SaveEEportsDir
 .text.SaveEEalias
                0x00000000080036f0       0x60 ./BOS/BOS.o
                0x00000000080036f0                SaveEEalias
 .text.SaveEEstreams
                0x0000000008003750       0x8e ./BOS/BOS.o
                0x0000000008003750                SaveEEstreams
 *fill*         0x00000000080037de        0x2 
 .text.SaveEEparams
                0x00000000080037e0       0x8c ./BOS/BOS.o
                0x00000000080037e0                SaveEEparams
 .text.ClearEEportsDir
                0x000000000800386c       0x48 ./BOS/BOS.o
                0x000000000800386c                ClearEEportsDir
 .text.EE_FormatForFactoryReset
                0x00000000080038b4       0x28 ./BOS/BOS.o
                0x00000000080038b4                EE_FormatForFactoryReset
 .text.IsLowerCLIbaud
                0x00000000080038dc       0x9a ./BOS/BOS.o
                0x00000000080038dc                IsLowerCLIbaud
 *fill*         0x0000000008003976        0x2 
 .text.IsModuleParameter
                0x0000000008003978       0x34 ./BOS/BOS.o
                0x0000000008003978                IsModuleParameter
 .text.IsMathOperator
                0x00000000080039ac       0x8c ./BOS/BOS.o
                0x00000000080039ac                IsMathOperator
 .text.BOS_Init
                0x0000000008003a38      0x118 ./BOS/BOS.o
                0x0000000008003a38                BOS_Init
 .text.Module_Init
                0x0000000008003b50       0x18 ./BOS/BOS.o
                0x0000000008003b50                Module_Init
 .text.ExploreNeighbors
                0x0000000008003b68       0x50 ./BOS/BOS.o
                0x0000000008003b68                ExploreNeighbors
 .text.FindBroadcastRoutes
                0x0000000008003bb8      0x134 ./BOS/BOS.o
                0x0000000008003bb8                FindBroadcastRoutes
 .text.minArr   0x0000000008003cec       0x38 ./BOS/BOS.o
                0x0000000008003cec                minArr
 .text.QnotEmpty
                0x0000000008003d24       0x1c ./BOS/BOS.o
                0x0000000008003d24                QnotEmpty
 .text.FindRoute
                0x0000000008003d40      0x17c ./BOS/BOS.o
                0x0000000008003d40                FindRoute
 .text.DisplayTopology
                0x0000000008003ebc      0x1ac ./BOS/BOS.o
                0x0000000008003ebc                DisplayTopology
 .text.DisplayPortsDir
                0x0000000008004068       0xd4 ./BOS/BOS.o
                0x0000000008004068                DisplayPortsDir
 .text.DisplayModuleStatus
                0x000000000800413c      0x2ec ./BOS/BOS.o
                0x000000000800413c                DisplayModuleStatus
 .text.GetID    0x0000000008004428       0xc4 ./BOS/BOS.o
                0x0000000008004428                GetID
 .text.NameModule
                0x00000000080044ec       0xd0 ./BOS/BOS.o
                0x00000000080044ec                NameModule
 .text.AddModuleToGroup
                0x00000000080045bc      0x10c ./BOS/BOS.o
                0x00000000080045bc                AddModuleToGroup
 .text.WriteToRemote
                0x00000000080046c8      0x29c ./BOS/BOS.o
                0x00000000080046c8                WriteToRemote
 .text.GetDateString
                0x0000000008004964       0x48 ./BOS/BOS.o
                0x0000000008004964                GetDateString
 .text.Bridge   0x00000000080049ac       0x28 ./BOS/BOS.o
                0x00000000080049ac                Bridge
 .text.Unbridge
                0x00000000080049d4       0x80 ./BOS/BOS.o
                0x00000000080049d4                Unbridge
 .text.StringToLowerCase
                0x0000000008004a54       0x28 ./BOS/BOS_CLI.o
                0x0000000008004a54                StringToLowerCase
 .text.ParseSnippetCondition
                0x0000000008004a7c      0x448 ./BOS/BOS_CLI.o
                0x0000000008004a7c                ParseSnippetCondition
 .text.AddSnippet
                0x0000000008004ec4       0xf0 ./BOS/BOS_CLI.o
                0x0000000008004ec4                AddSnippet
 .text.CLI_CommandParser
                0x0000000008004fb4      0x41c ./BOS/BOS_CLI.o
                0x0000000008004fb4                CLI_CommandParser
 .text.prvCLITask
                0x00000000080053d0      0x1a0 ./BOS/BOS_CLI.o
                0x00000000080053d0                prvCLITask
 .text.ParseSnippetCommand
                0x0000000008005570       0x84 ./BOS/BOS_CLI.o
                0x0000000008005570                ParseSnippetCommand
 .text.CheckSnippetCondition
                0x00000000080055f4      0x138 ./BOS/BOS_CLI.o
                0x00000000080055f4                CheckSnippetCondition
 .text.ExecuteSnippet
                0x000000000800572c       0x88 ./BOS/BOS_CLI.o
                0x000000000800572c                ExecuteSnippet
 .text.NVIC_SystemReset
                0x00000000080057b4       0x1c ./BOS/BOS_CLIcommands.o
 .text.exploreCommand
                0x00000000080057d0        0x4 ./BOS/BOS_CLIcommands.o
 .text.resetCommand
                0x00000000080057d4        0x6 ./BOS/BOS_CLIcommands.o
 *fill*         0x00000000080057da        0x2 
 .text.setBaudrateCommand
                0x00000000080057dc       0x70 ./BOS/BOS_CLIcommands.o
 .text.flashsizeCommand
                0x000000000800584c       0x1c ./BOS/BOS_CLIcommands.o
 .text.GetReadPrecentageCommand
                0x0000000008005868       0x5c ./BOS/BOS_CLIcommands.o
 .text.ReadVrefCommand
                0x00000000080058c4       0x38 ./BOS/BOS_CLIcommands.o
 .text.ReadTempCommand
                0x00000000080058fc       0x38 ./BOS/BOS_CLIcommands.o
 .text.ADCReadCommand
                0x0000000008005934       0xb4 ./BOS/BOS_CLIcommands.o
 .text.testportCommand
                0x00000000080059e8      0x1b0 ./BOS/BOS_CLIcommands.o
 .text.unbridgeCommand
                0x0000000008005b98       0xac ./BOS/BOS_CLIcommands.o
 .text.bridgeCommand
                0x0000000008005c44       0xac ./BOS/BOS_CLIcommands.o
 .text.delSnipCommand
                0x0000000008005cf0       0xf4 ./BOS/BOS_CLIcommands.o
 .text.pauseSnipCommand
                0x0000000008005de4       0x6c ./BOS/BOS_CLIcommands.o
 .text.actSnipCommand
                0x0000000008005e50       0x6c ./BOS/BOS_CLIcommands.o
 .text.snipCommand
                0x0000000008005ebc      0x238 ./BOS/BOS_CLIcommands.o
 .text.idcodeCommand
                0x00000000080060f4       0xa0 ./BOS/BOS_CLIcommands.o
 .text.uuidCommand
                0x0000000008006194       0x50 ./BOS/BOS_CLIcommands.o
 .text.timeCommand
                0x00000000080061e4       0x8c ./BOS/BOS_CLIcommands.o
 .text.dateCommand
                0x0000000008006270       0x20 ./BOS/BOS_CLIcommands.o
 .text.getCommand
                0x0000000008006290      0x270 ./BOS/BOS_CLIcommands.o
 .text.defaultCommand
                0x0000000008006500       0xbc ./BOS/BOS_CLIcommands.o
 .text.setCommand
                0x00000000080065bc      0x87c ./BOS/BOS_CLIcommands.o
 .text.removebuttonCommand
                0x0000000008006e38       0x54 ./BOS/BOS_CLIcommands.o
 .text.addbuttonCommand
                0x0000000008006e8c       0xd0 ./BOS/BOS_CLIcommands.o
 .text.scastCommand
                0x0000000008006f5c      0x1b8 ./BOS/BOS_CLIcommands.o
 .text.infoCommand
                0x0000000008007114       0xb8 ./BOS/BOS_CLIcommands.o
 .text.statusCommand
                0x00000000080071cc        0xc ./BOS/BOS_CLIcommands.o
 .text.groupCommand
                0x00000000080071d8      0x1c8 ./BOS/BOS_CLIcommands.o
 .text.nameCommand
                0x00000000080073a0       0x90 ./BOS/BOS_CLIcommands.o
 .text.bootloaderUpdateCommand
                0x0000000008007430      0x164 ./BOS/BOS_CLIcommands.o
 .text.pingCommand
                0x0000000008007594       0x60 ./BOS/BOS_CLIcommands.o
 .text.prvRunTimeStatsCommand
                0x00000000080075f4       0x1c ./BOS/BOS_CLIcommands.o
 .text.prvTaskStatsCommand
                0x0000000008007610       0x1c ./BOS/BOS_CLIcommands.o
 .text.RegisterUserCLICommands
                0x000000000800762c        0x2 ./BOS/BOS_CLIcommands.o
                0x000000000800762c                RegisterUserCLICommands
 *fill*         0x000000000800762e        0x2 
 .text.vRegisterCLICommands
                0x0000000008007630      0x138 ./BOS/BOS_CLIcommands.o
                0x0000000008007630                vRegisterCLICommands
 .text.StartDMAstream
                0x0000000008007768       0x50 ./BOS/BOS_dma.o
                0x0000000008007768                StartDMAstream
 .text.DMA_IRQHandler
                0x00000000080077b8       0x6c ./BOS/BOS_dma.o
                0x00000000080077b8                DMA_IRQHandler
 .text.ResetUartORE
                0x0000000008007824       0x40 ./BOS/BOS_dma.o
                0x0000000008007824                ResetUartORE
 .text.MX_FREERTOS_Init
                0x0000000008007864      0x1a0 ./BOS/BOS_freertos.o
                0x0000000008007864                MX_FREERTOS_Init
 .text.ExecuteMonitor
                0x0000000008007a04      0x354 ./BOS/BOS_freertos.o
                0x0000000008007a04                ExecuteMonitor
 .text.StartDefaultTask
                0x0000000008007d58       0xb0 ./BOS/BOS_freertos.o
                0x0000000008007d58                StartDefaultTask
 .text.vMainConfigureTimerForRunTimeStats
                0x0000000008007e08       0x20 ./BOS/BOS_freertos.o
                0x0000000008007e08                vMainConfigureTimerForRunTimeStats
 .text.ulMainGetRunTimeCounterValue
                0x0000000008007e28       0x50 ./BOS/BOS_freertos.o
                0x0000000008007e28                ulMainGetRunTimeCounterValue
 .text.StreamTimerCallback
                0x0000000008007e78       0x16 ./BOS/BOS_messaging.o
                0x0000000008007e78                StreamTimerCallback
 *fill*         0x0000000008007e8e        0x2 
 .text.SetupDMAStreams
                0x0000000008007e90      0x1b4 ./BOS/BOS_messaging.o
                0x0000000008007e90                SetupDMAStreams
 .text.NotifyMessagingTask
                0x0000000008008044       0x78 ./BOS/BOS_messaging.o
                0x0000000008008044                NotifyMessagingTask
 .text.SendMessageFromPort
                0x00000000080080bc      0x3d8 ./BOS/BOS_messaging.o
                0x00000000080080bc                SendMessageFromPort
 .text.ForwardReceivedMessage
                0x0000000008008494       0x40 ./BOS/BOS_messaging.o
                0x0000000008008494                ForwardReceivedMessage
 .text.BroadcastReceivedMessage
                0x00000000080084d4       0x40 ./BOS/BOS_messaging.o
                0x00000000080084d4                BroadcastReceivedMessage
 .text.BroadcastMessage
                0x0000000008008514       0x50 ./BOS/BOS_messaging.o
                0x0000000008008514                BroadcastMessage
 .text.SendMessageToModule
                0x0000000008008564       0x4c ./BOS/BOS_messaging.o
                0x0000000008008564                SendMessageToModule
 .text.StartScastDMAStream
                0x00000000080085b0      0x190 ./BOS/BOS_messaging.o
                0x00000000080085b0                StartScastDMAStream
 .text.NVIC_SystemReset
                0x0000000008008740       0x1c ./BOS/BOS_msgparser.o
 .text.BackEndTask
                0x000000000800875c      0x394 ./BOS/BOS_msgparser.o
                0x000000000800875c                BackEndTask
 .text.User_MessagingParser
                0x0000000008008af0        0x4 ./BOS/BOS_msgparser.o
                0x0000000008008af0                User_MessagingParser
 .text.PxMessagingTask
                0x0000000008008af4     0x1bf4 ./BOS/BOS_msgparser.o
                0x0000000008008af4                PxMessagingTask
 .text.SystemClock_Config
                0x000000000800a6e8       0xb0 ./H1AR0/H1AR0.o
                0x000000000800a6e8                SystemClock_Config
 .text.SaveToRO
                0x000000000800a798      0x1f0 ./H1AR0/H1AR0.o
                0x000000000800a798                SaveToRO
 .text.ClearROtopology
                0x000000000800a988       0x2c ./H1AR0/H1AR0.o
                0x000000000800a988                ClearROtopology
 .text.SetupPortForRemoteBootloaderUpdate
                0x000000000800a9b4       0x2a ./H1AR0/H1AR0.o
                0x000000000800a9b4                SetupPortForRemoteBootloaderUpdate
 *fill*         0x000000000800a9de        0x2 
 .text.remoteBootloaderUpdate
                0x000000000800a9e0       0xb8 ./H1AR0/H1AR0.o
                0x000000000800a9e0                remoteBootloaderUpdate
 .text.Module_Peripheral_Init
                0x000000000800aa98       0x3c ./H1AR0/H1AR0.o
                0x000000000800aa98                Module_Peripheral_Init
 .text.RegisterModuleCLICommands
                0x000000000800aad4       0x10 ./H1AR0/H1AR0.o
                0x000000000800aad4                RegisterModuleCLICommands
 .text.GetPort  0x000000000800aae4       0x4c ./H1AR0/H1AR0.o
                0x000000000800aae4                GetPort
 .text.TransmitData
                0x000000000800ab30       0x2c ./H1AR0/H1AR0.o
                0x000000000800ab30                TransmitData
 .text.Module_MessagingTask
                0x000000000800ab5c       0x3c ./H1AR0/H1AR0.o
                0x000000000800ab5c                Module_MessagingTask
 .text.CLI_Transmit_DataCommand
                0x000000000800ab98       0x54 ./H1AR0/H1AR0.o
                0x000000000800ab98                CLI_Transmit_DataCommand
 .text.DMA_MSG_RX_CH_Init
                0x000000000800abec       0x22 ./H1AR0/H1AR0_dma.o
                0x000000000800abec                DMA_MSG_RX_CH_Init
 .text.DMA_MSG_TX_CH_Init
                0x000000000800ac0e       0x22 ./H1AR0/H1AR0_dma.o
                0x000000000800ac0e                DMA_MSG_TX_CH_Init
 .text.DMA_Init
                0x000000000800ac30       0xa8 ./H1AR0/H1AR0_dma.o
                0x000000000800ac30                DMA_Init
 .text.DMA_STREAM_CH_Init
                0x000000000800acd8       0x20 ./H1AR0/H1AR0_dma.o
                0x000000000800acd8                DMA_STREAM_CH_Init
 .text.StopStreamDMA
                0x000000000800acf8       0x34 ./H1AR0/H1AR0_dma.o
                0x000000000800acf8                StopStreamDMA
 .text.StopMsgDMA
                0x000000000800ad2c       0x24 ./H1AR0/H1AR0_dma.o
                0x000000000800ad2c                StopMsgDMA
 .text.SwitchMsgDMAToStream
                0x000000000800ad50       0x2c ./H1AR0/H1AR0_dma.o
                0x000000000800ad50                SwitchMsgDMAToStream
 .text.SetupDMAInterrupts
                0x000000000800ad7c       0x5c ./H1AR0/H1AR0_dma.o
                0x000000000800ad7c                SetupDMAInterrupts
 .text.UnSetupDMAInterrupts
                0x000000000800add8       0xa4 ./H1AR0/H1AR0_dma.o
                0x000000000800add8                UnSetupDMAInterrupts
 .text.DMA_MSG_TX_UnSetup
                0x000000000800ae7c       0x14 ./H1AR0/H1AR0_dma.o
                0x000000000800ae7c                DMA_MSG_TX_UnSetup
 .text.RemapAndLinkDMAtoUARTRx
                0x000000000800ae90      0x868 ./H1AR0/H1AR0_dma.o
                0x000000000800ae90                RemapAndLinkDMAtoUARTRx
 .text.DMA_MSG_RX_Setup
                0x000000000800b6f8       0x2c ./H1AR0/H1AR0_dma.o
                0x000000000800b6f8                DMA_MSG_RX_Setup
 .text.SetupMessagingRxDMAs
                0x000000000800b724       0x8c ./H1AR0/H1AR0_dma.o
                0x000000000800b724                SetupMessagingRxDMAs
 .text.SwitchStreamDMAToMsg
                0x000000000800b7b0       0x6c ./H1AR0/H1AR0_dma.o
                0x000000000800b7b0                SwitchStreamDMAToMsg
 .text.DMA_STREAM_Setup
                0x000000000800b81c       0x40 ./H1AR0/H1AR0_dma.o
                0x000000000800b81c                DMA_STREAM_Setup
 .text.CRC_Init
                0x000000000800b85c       0x28 ./H1AR0/H1AR0_dma.o
                0x000000000800b85c                CRC_Init
 .text.HAL_CRC_MspInit
                0x000000000800b884       0x1c ./H1AR0/H1AR0_dma.o
                0x000000000800b884                HAL_CRC_MspInit
 .text.CalculateCRC8
                0x000000000800b8a0       0x9c ./H1AR0/H1AR0_dma.o
                0x000000000800b8a0                CalculateCRC8
 .text.EE_FindValidPage
                0x000000000800b93c       0x5c ./H1AR0/H1AR0_eeprom.o
 .text.EE_VerifyPageFullWriteVariable
                0x000000000800b998       0xa8 ./H1AR0/H1AR0_eeprom.o
 .text.EE_ReadVariable
                0x000000000800ba40       0x4c ./H1AR0/H1AR0_eeprom.o
                0x000000000800ba40                EE_ReadVariable
 .text.EE_PageTransfer
                0x000000000800ba8c      0x118 ./H1AR0/H1AR0_eeprom.o
 .text.EE_WriteVariable
                0x000000000800bba4       0x2c ./H1AR0/H1AR0_eeprom.o
                0x000000000800bba4                EE_WriteVariable
 .text.EE_Format
                0x000000000800bbd0       0xc8 ./H1AR0/H1AR0_eeprom.o
                0x000000000800bbd0                EE_Format
 .text.EE_Init  0x000000000800bc98      0x384 ./H1AR0/H1AR0_eeprom.o
                0x000000000800bc98                EE_Init
 .text.EraseSector
                0x000000000800c01c       0x30 ./H1AR0/H1AR0_eeprom.o
                0x000000000800c01c                EraseSector
 .text.IND_LED_Init
                0x000000000800c04c       0x22 ./H1AR0/H1AR0_gpio.o
                0x000000000800c04c                IND_LED_Init
 *fill*         0x000000000800c06e        0x2 
 .text.GPIO_Init
                0x000000000800c070       0x6c ./H1AR0/H1AR0_gpio.o
                0x000000000800c070                GPIO_Init
 .text.GetPortGPIOs
                0x000000000800c0dc       0xb8 ./H1AR0/H1AR0_gpio.o
                0x000000000800c0dc                GetPortGPIOs
 .text.IsFactoryReset
                0x000000000800c194       0xf0 ./H1AR0/H1AR0_gpio.o
                0x000000000800c194                IsFactoryReset
 .text.buttonPressedCallback
                0x000000000800c284        0x2 ./H1AR0/H1AR0_inputs.o
                0x000000000800c284                buttonPressedCallback
 *fill*         0x000000000800c286        0x2 
 .text.CheckForTimedButtonPress
                0x000000000800c288       0x6c ./H1AR0/H1AR0_inputs.o
                0x000000000800c288                CheckForTimedButtonPress
 .text.CheckForTimedButtonRelease
                0x000000000800c2f4       0x6c ./H1AR0/H1AR0_inputs.o
                0x000000000800c2f4                CheckForTimedButtonRelease
 .text.AddPortButton
                0x000000000800c360      0x124 ./H1AR0/H1AR0_inputs.o
                0x000000000800c360                AddPortButton
 .text.RemovePortButton
                0x000000000800c484      0x110 ./H1AR0/H1AR0_inputs.o
                0x000000000800c484                RemovePortButton
 .text.SetButtonEvents
                0x000000000800c594      0x31c ./H1AR0/H1AR0_inputs.o
                0x000000000800c594                SetButtonEvents
 .text.HAL_ADC_MspInit
                0x000000000800c8b0       0x60 ./H1AR0/H1AR0_inputs.o
                0x000000000800c8b0                HAL_ADC_MspInit
 .text.Get_channel
                0x000000000800c910       0x54 ./H1AR0/H1AR0_inputs.o
                0x000000000800c910                Get_channel
 .text.Error_Handler
                0x000000000800c964        0xa ./H1AR0/H1AR0_inputs.o
                0x000000000800c964                Error_Handler
 *fill*         0x000000000800c96e        0x2 
 .text.MX_ADC_Init
                0x000000000800c970       0x68 ./H1AR0/H1AR0_inputs.o
                0x000000000800c970                MX_ADC_Init
 .text.ReadTempAndVref
                0x000000000800c9d8      0x194 ./H1AR0/H1AR0_inputs.o
                0x000000000800c9d8                ReadTempAndVref
 .text.GetReadPrecentage
                0x000000000800cb6c      0x16c ./H1AR0/H1AR0_inputs.o
                0x000000000800cb6c                GetReadPrecentage
 .text.Get_Rank
                0x000000000800ccd8       0x64 ./H1AR0/H1AR0_inputs.o
                0x000000000800ccd8                Get_Rank
 .text.ADCSelectChannel
                0x000000000800cd3c       0x60 ./H1AR0/H1AR0_inputs.o
                0x000000000800cd3c                ADCSelectChannel
 .text.ReadADCChannel
                0x000000000800cd9c       0xd0 ./H1AR0/H1AR0_inputs.o
                0x000000000800cd9c                ReadADCChannel
 .text.buttonReleasedCallback
                0x000000000800ce6c        0x2 ./H1AR0/H1AR0_inputs.o
                0x000000000800ce6c                buttonReleasedCallback
 .text.buttonClickedCallback
                0x000000000800ce6e        0x2 ./H1AR0/H1AR0_inputs.o
                0x000000000800ce6e                buttonClickedCallback
 .text.buttonDblClickedCallback
                0x000000000800ce70        0x2 ./H1AR0/H1AR0_inputs.o
                0x000000000800ce70                buttonDblClickedCallback
 .text.buttonPressedForXCallback
                0x000000000800ce72        0x2 ./H1AR0/H1AR0_inputs.o
                0x000000000800ce72                buttonPressedForXCallback
 .text.buttonReleasedForYCallback
                0x000000000800ce74        0x2 ./H1AR0/H1AR0_inputs.o
                0x000000000800ce74                buttonReleasedForYCallback
 *fill*         0x000000000800ce76        0x2 
 .text.CheckAttachedButtons
                0x000000000800ce78      0x4d4 ./H1AR0/H1AR0_inputs.o
                0x000000000800ce78                CheckAttachedButtons
 .text.NVIC_SystemReset
                0x000000000800d34c       0x1c ./H1AR0/H1AR0_it.o
 .text.SysTick_Handler
                0x000000000800d368        0xc ./H1AR0/H1AR0_it.o
                0x000000000800d368                SysTick_Handler
 .text.HardFault_Handler
                0x000000000800d374       0x38 ./H1AR0/H1AR0_it.o
                0x000000000800d374                HardFault_Handler
 .text.USART1_IRQHandler
                0x000000000800d3ac       0x10 ./H1AR0/H1AR0_it.o
                0x000000000800d3ac                USART1_IRQHandler
 .text.USART2_IRQHandler
                0x000000000800d3bc       0x10 ./H1AR0/H1AR0_it.o
                0x000000000800d3bc                USART2_IRQHandler
 .text.USART3_8_IRQHandler
                0x000000000800d3cc       0x2c ./H1AR0/H1AR0_it.o
                0x000000000800d3cc                USART3_8_IRQHandler
 .text.DMA1_Ch1_IRQHandler
                0x000000000800d3f8        0xa ./H1AR0/H1AR0_it.o
                0x000000000800d3f8                DMA1_Ch1_IRQHandler
 *fill*         0x000000000800d402        0x2 
 .text.DMA1_Ch2_3_DMA2_Ch1_2_IRQHandler
                0x000000000800d404       0x40 ./H1AR0/H1AR0_it.o
                0x000000000800d404                DMA1_Ch2_3_DMA2_Ch1_2_IRQHandler
 .text.DMA1_Ch4_7_DMA2_Ch3_5_IRQHandler
                0x000000000800d444       0x54 ./H1AR0/H1AR0_it.o
                0x000000000800d444                DMA1_Ch4_7_DMA2_Ch3_5_IRQHandler
 .text.HAL_UART_TxCpltCallback
                0x000000000800d498       0x30 ./H1AR0/H1AR0_it.o
                0x000000000800d498                HAL_UART_TxCpltCallback
 .text.HAL_UART_ErrorCallback
                0x000000000800d4c8       0x48 ./H1AR0/H1AR0_it.o
                0x000000000800d4c8                HAL_UART_ErrorCallback
 .text.HAL_UART_RxCpltCallback
                0x000000000800d510      0x1e8 ./H1AR0/H1AR0_it.o
                0x000000000800d510                HAL_UART_RxCpltCallback
 .text.vApplicationStackOverflowHook
                0x000000000800d6f8       0x38 ./H1AR0/H1AR0_it.o
                0x000000000800d6f8                vApplicationStackOverflowHook
 .text.vApplicationMallocFailedHook
                0x000000000800d730       0x38 ./H1AR0/H1AR0_it.o
                0x000000000800d730                vApplicationMallocFailedHook
 .text.RTC_CalendarConfig
                0x000000000800d768      0x100 ./H1AR0/H1AR0_rtc.o
                0x000000000800d768                RTC_CalendarConfig
 .text.RTC_Init
                0x000000000800d868       0x8c ./H1AR0/H1AR0_rtc.o
                0x000000000800d868                RTC_Init
 .text.BOS_CalendarConfig
                0x000000000800d8f4       0xc0 ./H1AR0/H1AR0_rtc.o
                0x000000000800d8f4                BOS_CalendarConfig
 .text.GetTimeDate
                0x000000000800d9b4       0x64 ./H1AR0/H1AR0_rtc.o
                0x000000000800d9b4                GetTimeDate
 .text.TIM_USEC_Init
                0x000000000800da18       0x64 ./H1AR0/H1AR0_timers.o
                0x000000000800da18                TIM_USEC_Init
 .text.TIM_MSEC_Init
                0x000000000800da7c       0x64 ./H1AR0/H1AR0_timers.o
                0x000000000800da7c                TIM_MSEC_Init
 .text.StartMicroDelay
                0x000000000800dae0       0x24 ./H1AR0/H1AR0_timers.o
                0x000000000800dae0                StartMicroDelay
 .text.StartMilliDelay
                0x000000000800db04       0x24 ./H1AR0/H1AR0_timers.o
                0x000000000800db04                StartMilliDelay
 .text.MX_USART1_UART_Init
                0x000000000800db28       0x30 ./H1AR0/H1AR0_uart.o
                0x000000000800db28                MX_USART1_UART_Init
 .text.MX_USART2_UART_Init
                0x000000000800db58       0x30 ./H1AR0/H1AR0_uart.o
                0x000000000800db58                MX_USART2_UART_Init
 .text.MX_USART3_UART_Init
                0x000000000800db88       0x30 ./H1AR0/H1AR0_uart.o
                0x000000000800db88                MX_USART3_UART_Init
 .text.MX_USART4_UART_Init
                0x000000000800dbb8       0x30 ./H1AR0/H1AR0_uart.o
                0x000000000800dbb8                MX_USART4_UART_Init
 .text.MX_USART5_UART_Init
                0x000000000800dbe8       0x30 ./H1AR0/H1AR0_uart.o
                0x000000000800dbe8                MX_USART5_UART_Init
 .text.MX_USART6_UART_Init
                0x000000000800dc18       0x30 ./H1AR0/H1AR0_uart.o
                0x000000000800dc18                MX_USART6_UART_Init
 .text.HAL_UART_MspInit
                0x000000000800dc48      0x25c ./H1AR0/H1AR0_uart.o
                0x000000000800dc48                HAL_UART_MspInit
 .text.GetUart  0x000000000800dea4       0x3c ./H1AR0/H1AR0_uart.o
                0x000000000800dea4                GetUart
 .text.writePxMutex
                0x000000000800dee0       0x60 ./H1AR0/H1AR0_uart.o
                0x000000000800dee0                writePxMutex
 .text.writePxITMutex
                0x000000000800df40       0x40 ./H1AR0/H1AR0_uart.o
                0x000000000800df40                writePxITMutex
 .text.UpdateBaudrate
                0x000000000800df80       0x12 ./H1AR0/H1AR0_uart.o
                0x000000000800df80                UpdateBaudrate
 *fill*         0x000000000800df92        0x2 
 .text.SwapUartPins
                0x000000000800df94       0x78 ./H1AR0/H1AR0_uart.o
                0x000000000800df94                SwapUartPins
 .text.ReadPortsDir
                0x000000000800e00c       0x54 ./H1AR0/H1AR0_uart.o
                0x000000000800e00c                ReadPortsDir
 .text.ReadPortsDirMSG
                0x000000000800e060       0x40 ./H1AR0/H1AR0_uart.o
                0x000000000800e060                ReadPortsDirMSG
 .text.UpdateMyPortsDir
                0x000000000800e0a0       0x50 ./H1AR0/H1AR0_uart.o
                0x000000000800e0a0                UpdateMyPortsDir
 .text.Reset_Handler
                0x000000000800e0f0       0x8c ./H1AR0/startup_stm32f091xc.o
                0x000000000800e0f0                Reset_Handler
 .text.Default_Handler
                0x000000000800e17c        0x2 ./H1AR0/startup_stm32f091xc.o
                0x000000000800e17c                TIM1_CC_IRQHandler
                0x000000000800e17c                TSC_IRQHandler
                0x000000000800e17c                ADC1_COMP_IRQHandler
                0x000000000800e17c                NMI_Handler
                0x000000000800e17c                I2C1_IRQHandler
                0x000000000800e17c                RCC_CRS_IRQHandler
                0x000000000800e17c                SPI1_IRQHandler
                0x000000000800e17c                TIM6_DAC_IRQHandler
                0x000000000800e17c                EXTI2_3_IRQHandler
                0x000000000800e17c                I2C2_IRQHandler
                0x000000000800e17c                TIM17_IRQHandler
                0x000000000800e17c                CEC_CAN_IRQHandler
                0x000000000800e17c                RTC_IRQHandler
                0x000000000800e17c                PVD_VDDIO2_IRQHandler
                0x000000000800e17c                TIM16_IRQHandler
                0x000000000800e17c                TIM3_IRQHandler
                0x000000000800e17c                EXTI4_15_IRQHandler
                0x000000000800e17c                Default_Handler
                0x000000000800e17c                TIM14_IRQHandler
                0x000000000800e17c                TIM7_IRQHandler
                0x000000000800e17c                TIM15_IRQHandler
                0x000000000800e17c                EXTI0_1_IRQHandler
                0x000000000800e17c                SPI2_IRQHandler
                0x000000000800e17c                WWDG_IRQHandler
                0x000000000800e17c                TIM2_IRQHandler
                0x000000000800e17c                FLASH_IRQHandler
                0x000000000800e17c                TIM1_BRK_UP_TRG_COM_IRQHandler
 *fill*         0x000000000800e17e        0x2 
 .text.SystemInit
                0x000000000800e180       0x60 ./Thirdparty/CMSIS/STM32F0xx/Device/ST/STM32F0xx/Source/Templates/system_stm32f0xx.o
                0x000000000800e180                SystemInit
 .text.inHandlerMode
                0x000000000800e1e0        0xa ./Thirdparty/Middleware/STM32F0xx/FreeRTOS/Source/CMSIS_RTOS/cmsis_os.o
 .text.osKernelStart
                0x000000000800e1ea        0xa ./Thirdparty/Middleware/STM32F0xx/FreeRTOS/Source/CMSIS_RTOS/cmsis_os.o
                0x000000000800e1ea                osKernelStart
 .text.osDelay  0x000000000800e1f4       0x10 ./Thirdparty/Middleware/STM32F0xx/FreeRTOS/Source/CMSIS_RTOS/cmsis_os.o
                0x000000000800e1f4                osDelay
 .text.osSemaphoreCreate
                0x000000000800e204       0x2c ./Thirdparty/Middleware/STM32F0xx/FreeRTOS/Source/CMSIS_RTOS/cmsis_os.o
                0x000000000800e204                osSemaphoreCreate
 .text.osSemaphoreWait
                0x000000000800e230       0x60 ./Thirdparty/Middleware/STM32F0xx/FreeRTOS/Source/CMSIS_RTOS/cmsis_os.o
                0x000000000800e230                osSemaphoreWait
 .text.osSemaphoreRelease
                0x000000000800e290       0x58 ./Thirdparty/Middleware/STM32F0xx/FreeRTOS/Source/CMSIS_RTOS/cmsis_os.o
                0x000000000800e290                osSemaphoreRelease
 .text.osSystickHandler
                0x000000000800e2e8       0x12 ./Thirdparty/Middleware/STM32F0xx/FreeRTOS/Source/CMSIS_RTOS/cmsis_os.o
                0x000000000800e2e8                osSystickHandler
 .text.prvGetNumberOfParameters
                0x000000000800e2fa       0x30 ./Thirdparty/Middleware/STM32F0xx/FreeRTOS/Source/FreeRTOS_CLI.o
 *fill*         0x000000000800e32a        0x2 
 .text.FreeRTOS_CLIRegisterCommand
                0x000000000800e32c       0x30 ./Thirdparty/Middleware/STM32F0xx/FreeRTOS/Source/FreeRTOS_CLI.o
                0x000000000800e32c                FreeRTOS_CLIRegisterCommand
 .text.FreeRTOS_CLIProcessCommand
                0x000000000800e35c       0xd4 ./Thirdparty/Middleware/STM32F0xx/FreeRTOS/Source/FreeRTOS_CLI.o
                0x000000000800e35c                FreeRTOS_CLIProcessCommand
 .text.FreeRTOS_CLIGetOutputBuffer
                0x000000000800e430        0x8 ./Thirdparty/Middleware/STM32F0xx/FreeRTOS/Source/FreeRTOS_CLI.o
                0x000000000800e430                FreeRTOS_CLIGetOutputBuffer
 .text.FreeRTOS_CLIGetParameter
                0x000000000800e438       0x5c ./Thirdparty/Middleware/STM32F0xx/FreeRTOS/Source/FreeRTOS_CLI.o
                0x000000000800e438                FreeRTOS_CLIGetParameter
 .text.prvHelpCommand
                0x000000000800e494       0xf8 ./Thirdparty/Middleware/STM32F0xx/FreeRTOS/Source/FreeRTOS_CLI.o
 .text.vListInitialise
                0x000000000800e58c       0x16 ./Thirdparty/Middleware/STM32F0xx/FreeRTOS/Source/list.o
                0x000000000800e58c                vListInitialise
 .text.vListInitialiseItem
                0x000000000800e5a2        0x6 ./Thirdparty/Middleware/STM32F0xx/FreeRTOS/Source/list.o
                0x000000000800e5a2                vListInitialiseItem
 .text.vListInsertEnd
                0x000000000800e5a8       0x16 ./Thirdparty/Middleware/STM32F0xx/FreeRTOS/Source/list.o
                0x000000000800e5a8                vListInsertEnd
 .text.vListInsert
                0x000000000800e5be       0x2e ./Thirdparty/Middleware/STM32F0xx/FreeRTOS/Source/list.o
                0x000000000800e5be                vListInsert
 .text.uxListRemove
                0x000000000800e5ec       0x24 ./Thirdparty/Middleware/STM32F0xx/FreeRTOS/Source/list.o
                0x000000000800e5ec                uxListRemove
 .text.prvIsQueueFull
                0x000000000800e610       0x1e ./Thirdparty/Middleware/STM32F0xx/FreeRTOS/Source/queue.o
 .text.prvIsQueueEmpty
                0x000000000800e62e       0x1c ./Thirdparty/Middleware/STM32F0xx/FreeRTOS/Source/queue.o
 .text.prvCopyDataToQueue
                0x000000000800e64a       0x84 ./Thirdparty/Middleware/STM32F0xx/FreeRTOS/Source/queue.o
 .text.prvCopyDataFromQueue
                0x000000000800e6ce       0x24 ./Thirdparty/Middleware/STM32F0xx/FreeRTOS/Source/queue.o
 .text.prvUnlockQueue
                0x000000000800e6f2       0x6e ./Thirdparty/Middleware/STM32F0xx/FreeRTOS/Source/queue.o
 .text.xQueueGenericReset
                0x000000000800e760       0x64 ./Thirdparty/Middleware/STM32F0xx/FreeRTOS/Source/queue.o
                0x000000000800e760                xQueueGenericReset
 .text.xQueueGenericCreate
                0x000000000800e7c4       0x40 ./Thirdparty/Middleware/STM32F0xx/FreeRTOS/Source/queue.o
                0x000000000800e7c4                xQueueGenericCreate
 .text.xQueueCreateCountingSemaphore
                0x000000000800e804       0x14 ./Thirdparty/Middleware/STM32F0xx/FreeRTOS/Source/queue.o
                0x000000000800e804                xQueueCreateCountingSemaphore
 .text.xQueueGenericSend
                0x000000000800e818       0xe6 ./Thirdparty/Middleware/STM32F0xx/FreeRTOS/Source/queue.o
                0x000000000800e818                xQueueGenericSend
 .text.xQueueGenericSendFromISR
                0x000000000800e8fe       0x72 ./Thirdparty/Middleware/STM32F0xx/FreeRTOS/Source/queue.o
                0x000000000800e8fe                xQueueGenericSendFromISR
 .text.xQueueGiveFromISR
                0x000000000800e970       0x60 ./Thirdparty/Middleware/STM32F0xx/FreeRTOS/Source/queue.o
                0x000000000800e970                xQueueGiveFromISR
 .text.xQueueGenericReceive
                0x000000000800e9d0      0x11e ./Thirdparty/Middleware/STM32F0xx/FreeRTOS/Source/queue.o
                0x000000000800e9d0                xQueueGenericReceive
 .text.xQueueReceiveFromISR
                0x000000000800eaee       0x68 ./Thirdparty/Middleware/STM32F0xx/FreeRTOS/Source/queue.o
                0x000000000800eaee                xQueueReceiveFromISR
 *fill*         0x000000000800eb56        0x2 
 .text.vQueueAddToRegistry
                0x000000000800eb58       0x24 ./Thirdparty/Middleware/STM32F0xx/FreeRTOS/Source/queue.o
                0x000000000800eb58                vQueueAddToRegistry
 .text.vQueueWaitForMessageRestricted
                0x000000000800eb7c       0x40 ./Thirdparty/Middleware/STM32F0xx/FreeRTOS/Source/queue.o
                0x000000000800eb7c                vQueueWaitForMessageRestricted
 .text.prvTaskCheckFreeStackSpace
                0x000000000800ebbc       0x14 ./Thirdparty/Middleware/STM32F0xx/FreeRTOS/Source/tasks.o
 .text.prvListTaskWithinSingleList
                0x000000000800ebd0       0x9a ./Thirdparty/Middleware/STM32F0xx/FreeRTOS/Source/tasks.o
 *fill*         0x000000000800ec6a        0x2 
 .text.prvResetNextTaskUnblockTime
                0x000000000800ec6c       0x2c ./Thirdparty/Middleware/STM32F0xx/FreeRTOS/Source/tasks.o
 .text.prvDeleteTCB
                0x000000000800ec98       0x12 ./Thirdparty/Middleware/STM32F0xx/FreeRTOS/Source/tasks.o
 .text.prvAllocateTCBAndStack
                0x000000000800ecaa       0x40 ./Thirdparty/Middleware/STM32F0xx/FreeRTOS/Source/tasks.o
 .text.prvInitialiseTCBVariables
                0x000000000800ecea       0x52 ./Thirdparty/Middleware/STM32F0xx/FreeRTOS/Source/tasks.o
 .text.prvInitialiseTaskLists
                0x000000000800ed3c       0x54 ./Thirdparty/Middleware/STM32F0xx/FreeRTOS/Source/tasks.o
 .text.prvAddCurrentTaskToDelayedList
                0x000000000800ed90       0x40 ./Thirdparty/Middleware/STM32F0xx/FreeRTOS/Source/tasks.o
 .text.prvWriteNameToBuffer
                0x000000000800edd0       0x22 ./Thirdparty/Middleware/STM32F0xx/FreeRTOS/Source/tasks.o
 *fill*         0x000000000800edf2        0x2 
 .text.xTaskGenericCreate
                0x000000000800edf4       0xf4 ./Thirdparty/Middleware/STM32F0xx/FreeRTOS/Source/tasks.o
                0x000000000800edf4                xTaskGenericCreate
 .text.uxTaskPriorityGet
                0x000000000800eee8       0x20 ./Thirdparty/Middleware/STM32F0xx/FreeRTOS/Source/tasks.o
                0x000000000800eee8                uxTaskPriorityGet
 .text.vTaskPrioritySet
                0x000000000800ef08       0xbc ./Thirdparty/Middleware/STM32F0xx/FreeRTOS/Source/tasks.o
                0x000000000800ef08                vTaskPrioritySet
 .text.vTaskStartScheduler
                0x000000000800efc4       0x4c ./Thirdparty/Middleware/STM32F0xx/FreeRTOS/Source/tasks.o
                0x000000000800efc4                vTaskStartScheduler
 .text.vTaskSuspendAll
                0x000000000800f010       0x10 ./Thirdparty/Middleware/STM32F0xx/FreeRTOS/Source/tasks.o
                0x000000000800f010                vTaskSuspendAll
 .text.xTaskGetTickCount
                0x000000000800f020        0xc ./Thirdparty/Middleware/STM32F0xx/FreeRTOS/Source/tasks.o
                0x000000000800f020                xTaskGetTickCount
 .text.xTaskGetTickCountFromISR
                0x000000000800f02c        0xc ./Thirdparty/Middleware/STM32F0xx/FreeRTOS/Source/tasks.o
                0x000000000800f02c                xTaskGetTickCountFromISR
 .text.xTaskIncrementTick
                0x000000000800f038       0xe8 ./Thirdparty/Middleware/STM32F0xx/FreeRTOS/Source/tasks.o
                0x000000000800f038                xTaskIncrementTick
 .text.xTaskResumeAll
                0x000000000800f120       0xc4 ./Thirdparty/Middleware/STM32F0xx/FreeRTOS/Source/tasks.o
                0x000000000800f120                xTaskResumeAll
 .text.vTaskDelay
                0x000000000800f1e4       0x30 ./Thirdparty/Middleware/STM32F0xx/FreeRTOS/Source/tasks.o
                0x000000000800f1e4                vTaskDelay
 .text.prvCheckTasksWaitingTermination
                0x000000000800f214       0x50 ./Thirdparty/Middleware/STM32F0xx/FreeRTOS/Source/tasks.o
 .text.prvIdleTask
                0x000000000800f264       0x18 ./Thirdparty/Middleware/STM32F0xx/FreeRTOS/Source/tasks.o
 .text.uxTaskGetSystemState
                0x000000000800f27c       0x90 ./Thirdparty/Middleware/STM32F0xx/FreeRTOS/Source/tasks.o
                0x000000000800f27c                uxTaskGetSystemState
 .text.vTaskSwitchContext
                0x000000000800f30c       0xe0 ./Thirdparty/Middleware/STM32F0xx/FreeRTOS/Source/tasks.o
                0x000000000800f30c                vTaskSwitchContext
 .text.vTaskPlaceOnEventList
                0x000000000800f3ec       0x38 ./Thirdparty/Middleware/STM32F0xx/FreeRTOS/Source/tasks.o
                0x000000000800f3ec                vTaskPlaceOnEventList
 .text.vTaskPlaceOnEventListRestricted
                0x000000000800f424       0x24 ./Thirdparty/Middleware/STM32F0xx/FreeRTOS/Source/tasks.o
                0x000000000800f424                vTaskPlaceOnEventListRestricted
 .text.xTaskRemoveFromEventList
                0x000000000800f448       0x70 ./Thirdparty/Middleware/STM32F0xx/FreeRTOS/Source/tasks.o
                0x000000000800f448                xTaskRemoveFromEventList
 .text.vTaskSetTimeOutState
                0x000000000800f4b8       0x18 ./Thirdparty/Middleware/STM32F0xx/FreeRTOS/Source/tasks.o
                0x000000000800f4b8                vTaskSetTimeOutState
 .text.xTaskCheckForTimeOut
                0x000000000800f4d0       0x58 ./Thirdparty/Middleware/STM32F0xx/FreeRTOS/Source/tasks.o
                0x000000000800f4d0                xTaskCheckForTimeOut
 .text.vTaskMissedYield
                0x000000000800f528        0xc ./Thirdparty/Middleware/STM32F0xx/FreeRTOS/Source/tasks.o
                0x000000000800f528                vTaskMissedYield
 .text.xTaskGetSchedulerState
                0x000000000800f534       0x24 ./Thirdparty/Middleware/STM32F0xx/FreeRTOS/Source/tasks.o
                0x000000000800f534                xTaskGetSchedulerState
 .text.vTaskPriorityInherit
                0x000000000800f558       0x7c ./Thirdparty/Middleware/STM32F0xx/FreeRTOS/Source/tasks.o
                0x000000000800f558                vTaskPriorityInherit
 .text.xTaskPriorityDisinherit
                0x000000000800f5d4       0x60 ./Thirdparty/Middleware/STM32F0xx/FreeRTOS/Source/tasks.o
                0x000000000800f5d4                xTaskPriorityDisinherit
 .text.vTaskList
                0x000000000800f634       0xbc ./Thirdparty/Middleware/STM32F0xx/FreeRTOS/Source/tasks.o
                0x000000000800f634                vTaskList
 .text.vTaskGetRunTimeStats
                0x000000000800f6f0       0xb0 ./Thirdparty/Middleware/STM32F0xx/FreeRTOS/Source/tasks.o
                0x000000000800f6f0                vTaskGetRunTimeStats
 .text.pvTaskIncrementMutexHeldCount
                0x000000000800f7a0       0x1c ./Thirdparty/Middleware/STM32F0xx/FreeRTOS/Source/tasks.o
                0x000000000800f7a0                pvTaskIncrementMutexHeldCount
 .text.ulTaskNotifyTake
                0x000000000800f7bc       0x8c ./Thirdparty/Middleware/STM32F0xx/FreeRTOS/Source/tasks.o
                0x000000000800f7bc                ulTaskNotifyTake
 .text.xTaskGenericNotify
                0x000000000800f848       0xb0 ./Thirdparty/Middleware/STM32F0xx/FreeRTOS/Source/tasks.o
                0x000000000800f848                xTaskGenericNotify
 .text.prvGetNextExpireTime
                0x000000000800f8f8       0x20 ./Thirdparty/Middleware/STM32F0xx/FreeRTOS/Source/timers.o
 .text.prvInsertTimerInActiveList
                0x000000000800f918       0x44 ./Thirdparty/Middleware/STM32F0xx/FreeRTOS/Source/timers.o
 .text.prvCheckForValidListAndQueue
                0x000000000800f95c       0x50 ./Thirdparty/Middleware/STM32F0xx/FreeRTOS/Source/timers.o
 .text.xTimerCreateTimerTask
                0x000000000800f9ac       0x3c ./Thirdparty/Middleware/STM32F0xx/FreeRTOS/Source/timers.o
                0x000000000800f9ac                xTimerCreateTimerTask
 .text.xTimerCreate
                0x000000000800f9e8       0x3c ./Thirdparty/Middleware/STM32F0xx/FreeRTOS/Source/timers.o
                0x000000000800f9e8                xTimerCreate
 .text.xTimerGenericCommand
                0x000000000800fa24       0x58 ./Thirdparty/Middleware/STM32F0xx/FreeRTOS/Source/timers.o
                0x000000000800fa24                xTimerGenericCommand
 .text.prvSwitchTimerLists
                0x000000000800fa7c       0x60 ./Thirdparty/Middleware/STM32F0xx/FreeRTOS/Source/timers.o
 .text.prvSampleTimeNow
                0x000000000800fadc       0x2c ./Thirdparty/Middleware/STM32F0xx/FreeRTOS/Source/timers.o
 .text.prvProcessExpiredTimer
                0x000000000800fb08       0x4c ./Thirdparty/Middleware/STM32F0xx/FreeRTOS/Source/timers.o
 .text.prvProcessTimerOrBlockTask
                0x000000000800fb54       0x58 ./Thirdparty/Middleware/STM32F0xx/FreeRTOS/Source/timers.o
 .text.prvProcessReceivedCommands
                0x000000000800fbac       0xa8 ./Thirdparty/Middleware/STM32F0xx/FreeRTOS/Source/timers.o
 .text.prvTimerTask
                0x000000000800fc54       0x16 ./Thirdparty/Middleware/STM32F0xx/FreeRTOS/Source/timers.o
 .text.pvTimerGetTimerID
                0x000000000800fc6a       0x12 ./Thirdparty/Middleware/STM32F0xx/FreeRTOS/Source/timers.o
                0x000000000800fc6a                pvTimerGetTimerID
 .text.prvTaskExitError
                0x000000000800fc7c        0x4 ./Thirdparty/Middleware/STM32F0xx/FreeRTOS/Source/portable/GCC/ARM_CM0/port.o
 .text.vPortStartFirstTask
                0x000000000800fc80       0x20 ./Thirdparty/Middleware/STM32F0xx/FreeRTOS/Source/portable/GCC/ARM_CM0/port.o
 .text.prvSetupTimerInterrupt
                0x000000000800fca0       0x28 ./Thirdparty/Middleware/STM32F0xx/FreeRTOS/Source/portable/GCC/ARM_CM0/port.o
 .text.pxPortInitialiseStack
                0x000000000800fcc8       0x24 ./Thirdparty/Middleware/STM32F0xx/FreeRTOS/Source/portable/GCC/ARM_CM0/port.o
                0x000000000800fcc8                pxPortInitialiseStack
 .text.SVC_Handler
                0x000000000800fcec        0x2 ./Thirdparty/Middleware/STM32F0xx/FreeRTOS/Source/portable/GCC/ARM_CM0/port.o
                0x000000000800fcec                SVC_Handler
 *fill*         0x000000000800fcee        0x2 
 .text.xPortStartScheduler
                0x000000000800fcf0       0x34 ./Thirdparty/Middleware/STM32F0xx/FreeRTOS/Source/portable/GCC/ARM_CM0/port.o
                0x000000000800fcf0                xPortStartScheduler
 .text.vPortYield
                0x000000000800fd24       0x18 ./Thirdparty/Middleware/STM32F0xx/FreeRTOS/Source/portable/GCC/ARM_CM0/port.o
                0x000000000800fd24                vPortYield
 .text.vPortEnterCritical
                0x000000000800fd3c       0x18 ./Thirdparty/Middleware/STM32F0xx/FreeRTOS/Source/portable/GCC/ARM_CM0/port.o
                0x000000000800fd3c                vPortEnterCritical
 .text.vPortExitCritical
                0x000000000800fd54       0x14 ./Thirdparty/Middleware/STM32F0xx/FreeRTOS/Source/portable/GCC/ARM_CM0/port.o
                0x000000000800fd54                vPortExitCritical
 .text.ulSetInterruptMaskFromISR
                0x000000000800fd68        0xa ./Thirdparty/Middleware/STM32F0xx/FreeRTOS/Source/portable/GCC/ARM_CM0/port.o
                0x000000000800fd68                ulSetInterruptMaskFromISR
 .text.vClearInterruptMaskFromISR
                0x000000000800fd72        0x6 ./Thirdparty/Middleware/STM32F0xx/FreeRTOS/Source/portable/GCC/ARM_CM0/port.o
                0x000000000800fd72                vClearInterruptMaskFromISR
 .text.PendSV_Handler
                0x000000000800fd78       0x44 ./Thirdparty/Middleware/STM32F0xx/FreeRTOS/Source/portable/GCC/ARM_CM0/port.o
                0x000000000800fd78                PendSV_Handler
 .text.xPortSysTickHandler
                0x000000000800fdbc       0x24 ./Thirdparty/Middleware/STM32F0xx/FreeRTOS/Source/portable/GCC/ARM_CM0/port.o
                0x000000000800fdbc                xPortSysTickHandler
 .text.prvHeapInit
                0x000000000800fde0       0x50 ./Thirdparty/Middleware/STM32F0xx/FreeRTOS/Source/portable/MemMang/heap_4.o
 .text.prvInsertBlockIntoFreeList
                0x000000000800fe30       0x50 ./Thirdparty/Middleware/STM32F0xx/FreeRTOS/Source/portable/MemMang/heap_4.o
 .text.pvPortMalloc
                0x000000000800fe80       0xc8 ./Thirdparty/Middleware/STM32F0xx/FreeRTOS/Source/portable/MemMang/heap_4.o
                0x000000000800fe80                pvPortMalloc
 .text.vPortFree
                0x000000000800ff48       0x40 ./Thirdparty/Middleware/STM32F0xx/FreeRTOS/Source/portable/MemMang/heap_4.o
                0x000000000800ff48                vPortFree
 .text.HAL_InitTick
                0x000000000800ff88       0x24 ./Thirdparty/STM32F0xx_HAL_Driver/Src/stm32f0xx_hal.o
                0x000000000800ff88                HAL_InitTick
 .text.HAL_Init
                0x000000000800ffac       0x20 ./Thirdparty/STM32F0xx_HAL_Driver/Src/stm32f0xx_hal.o
                0x000000000800ffac                HAL_Init
 .text.HAL_IncTick
                0x000000000800ffcc       0x10 ./Thirdparty/STM32F0xx_HAL_Driver/Src/stm32f0xx_hal.o
                0x000000000800ffcc                HAL_IncTick
 .text.HAL_GetTick
                0x000000000800ffdc        0xc ./Thirdparty/STM32F0xx_HAL_Driver/Src/stm32f0xx_hal.o
                0x000000000800ffdc                HAL_GetTick
 .text.HAL_Delay
                0x000000000800ffe8       0x1c ./Thirdparty/STM32F0xx_HAL_Driver/Src/stm32f0xx_hal.o
                0x000000000800ffe8                HAL_Delay
 .text.HAL_GetREVID
                0x0000000008010004        0xc ./Thirdparty/STM32F0xx_HAL_Driver/Src/stm32f0xx_hal.o
                0x0000000008010004                HAL_GetREVID
 .text.HAL_GetDEVID
                0x0000000008010010       0x10 ./Thirdparty/STM32F0xx_HAL_Driver/Src/stm32f0xx_hal.o
                0x0000000008010010                HAL_GetDEVID
 .text.ADC_ConversionStop
                0x0000000008010020       0x54 ./Thirdparty/STM32F0xx_HAL_Driver/Src/stm32f0xx_hal_adc.o
 .text.ADC_Disable
                0x0000000008010074       0x80 ./Thirdparty/STM32F0xx_HAL_Driver/Src/stm32f0xx_hal_adc.o
 .text.ADC_Enable
                0x00000000080100f4       0xa8 ./Thirdparty/STM32F0xx_HAL_Driver/Src/stm32f0xx_hal_adc.o
 .text.HAL_ADC_Init
                0x000000000801019c      0x16c ./Thirdparty/STM32F0xx_HAL_Driver/Src/stm32f0xx_hal_adc.o
                0x000000000801019c                HAL_ADC_Init
 .text.HAL_ADC_Start
                0x0000000008010308       0x60 ./Thirdparty/STM32F0xx_HAL_Driver/Src/stm32f0xx_hal_adc.o
                0x0000000008010308                HAL_ADC_Start
 .text.HAL_ADC_Stop
                0x0000000008010368       0x44 ./Thirdparty/STM32F0xx_HAL_Driver/Src/stm32f0xx_hal_adc.o
                0x0000000008010368                HAL_ADC_Stop
 .text.HAL_ADC_PollForConversion
                0x00000000080103ac       0xc0 ./Thirdparty/STM32F0xx_HAL_Driver/Src/stm32f0xx_hal_adc.o
                0x00000000080103ac                HAL_ADC_PollForConversion
 .text.HAL_ADC_GetValue
                0x000000000801046c        0xc ./Thirdparty/STM32F0xx_HAL_Driver/Src/stm32f0xx_hal_adc.o
                0x000000000801046c                HAL_ADC_GetValue
 .text.HAL_ADC_ConfigChannel
                0x0000000008010478      0x138 ./Thirdparty/STM32F0xx_HAL_Driver/Src/stm32f0xx_hal_adc.o
                0x0000000008010478                HAL_ADC_ConfigChannel
 .text.HAL_NVIC_SetPriority
                0x00000000080105b0       0x60 ./Thirdparty/STM32F0xx_HAL_Driver/Src/stm32f0xx_hal_cortex.o
                0x00000000080105b0                HAL_NVIC_SetPriority
 .text.HAL_NVIC_EnableIRQ
                0x0000000008010610       0x14 ./Thirdparty/STM32F0xx_HAL_Driver/Src/stm32f0xx_hal_cortex.o
                0x0000000008010610                HAL_NVIC_EnableIRQ
 .text.HAL_NVIC_DisableIRQ
                0x0000000008010624       0x14 ./Thirdparty/STM32F0xx_HAL_Driver/Src/stm32f0xx_hal_cortex.o
                0x0000000008010624                HAL_NVIC_DisableIRQ
 .text.HAL_SYSTICK_Config
                0x0000000008010638       0x38 ./Thirdparty/STM32F0xx_HAL_Driver/Src/stm32f0xx_hal_cortex.o
                0x0000000008010638                HAL_SYSTICK_Config
 .text.HAL_SYSTICK_CLKSourceConfig
                0x0000000008010670       0x20 ./Thirdparty/STM32F0xx_HAL_Driver/Src/stm32f0xx_hal_cortex.o
                0x0000000008010670                HAL_SYSTICK_CLKSourceConfig
 .text.CRC_Handle_8
                0x0000000008010690       0x7a ./Thirdparty/STM32F0xx_HAL_Driver/Src/stm32f0xx_hal_crc.o
 .text.CRC_Handle_16
                0x000000000801070a       0x30 ./Thirdparty/STM32F0xx_HAL_Driver/Src/stm32f0xx_hal_crc.o
 .text.HAL_CRC_Init
                0x000000000801073a       0x62 ./Thirdparty/STM32F0xx_HAL_Driver/Src/stm32f0xx_hal_crc.o
                0x000000000801073a                HAL_CRC_Init
 .text.HAL_CRC_Accumulate
                0x000000000801079c       0x54 ./Thirdparty/STM32F0xx_HAL_Driver/Src/stm32f0xx_hal_crc.o
                0x000000000801079c                HAL_CRC_Accumulate
 .text.HAL_CRC_Calculate
                0x00000000080107f0       0x60 ./Thirdparty/STM32F0xx_HAL_Driver/Src/stm32f0xx_hal_crc.o
                0x00000000080107f0                HAL_CRC_Calculate
 .text.HAL_CRCEx_Polynomial_Set
                0x0000000008010850       0x50 ./Thirdparty/STM32F0xx_HAL_Driver/Src/stm32f0xx_hal_crc_ex.o
                0x0000000008010850                HAL_CRCEx_Polynomial_Set
 .text.HAL_CRCEx_Init
                0x00000000080108a0       0x34 ./Thirdparty/STM32F0xx_HAL_Driver/Src/stm32f0xx_hal_crc_ex.o
                0x00000000080108a0                HAL_CRCEx_Init
 .text.DMA_SetConfig
                0x00000000080108d4       0x20 ./Thirdparty/STM32F0xx_HAL_Driver/Src/stm32f0xx_hal_dma.o
 .text.HAL_DMA_Init
                0x00000000080108f4       0x54 ./Thirdparty/STM32F0xx_HAL_Driver/Src/stm32f0xx_hal_dma.o
                0x00000000080108f4                HAL_DMA_Init
 .text.HAL_DMA_Start_IT
                0x0000000008010948       0x52 ./Thirdparty/STM32F0xx_HAL_Driver/Src/stm32f0xx_hal_dma.o
                0x0000000008010948                HAL_DMA_Start_IT
 .text.HAL_DMA_Abort
                0x000000000801099a       0x50 ./Thirdparty/STM32F0xx_HAL_Driver/Src/stm32f0xx_hal_dma.o
                0x000000000801099a                HAL_DMA_Abort
 *fill*         0x00000000080109ea        0x2 
 .text.HAL_DMA_IRQHandler
                0x00000000080109ec      0x844 ./Thirdparty/STM32F0xx_HAL_Driver/Src/stm32f0xx_hal_dma.o
                0x00000000080109ec                HAL_DMA_IRQHandler
 .text.FLASH_Program_HalfWord
                0x0000000008011230       0x20 ./Thirdparty/STM32F0xx_HAL_Driver/Src/stm32f0xx_hal_flash.o
 .text.FLASH_SetErrorCode
                0x0000000008011250       0x34 ./Thirdparty/STM32F0xx_HAL_Driver/Src/stm32f0xx_hal_flash.o
 .text.HAL_FLASH_Unlock
                0x0000000008011284       0x28 ./Thirdparty/STM32F0xx_HAL_Driver/Src/stm32f0xx_hal_flash.o
                0x0000000008011284                HAL_FLASH_Unlock
 .text.HAL_FLASH_Lock
                0x00000000080112ac       0x14 ./Thirdparty/STM32F0xx_HAL_Driver/Src/stm32f0xx_hal_flash.o
                0x00000000080112ac                HAL_FLASH_Lock
 .text.FLASH_WaitForLastOperation
                0x00000000080112c0       0x58 ./Thirdparty/STM32F0xx_HAL_Driver/Src/stm32f0xx_hal_flash.o
                0x00000000080112c0                FLASH_WaitForLastOperation
 .text.HAL_FLASH_Program
                0x0000000008011318       0xa4 ./Thirdparty/STM32F0xx_HAL_Driver/Src/stm32f0xx_hal_flash.o
                0x0000000008011318                HAL_FLASH_Program
 .text.FLASH_MassErase
                0x00000000080113bc       0x24 ./Thirdparty/STM32F0xx_HAL_Driver/Src/stm32f0xx_hal_flash_ex.o
 .text.FLASH_PageErase
                0x00000000080113e0       0x24 ./Thirdparty/STM32F0xx_HAL_Driver/Src/stm32f0xx_hal_flash_ex.o
                0x00000000080113e0                FLASH_PageErase
 .text.HAL_FLASHEx_Erase
                0x0000000008011404       0xa0 ./Thirdparty/STM32F0xx_HAL_Driver/Src/stm32f0xx_hal_flash_ex.o
                0x0000000008011404                HAL_FLASHEx_Erase
 .text.HAL_GPIO_Init
                0x00000000080114a4      0x198 ./Thirdparty/STM32F0xx_HAL_Driver/Src/stm32f0xx_hal_gpio.o
                0x00000000080114a4                HAL_GPIO_Init
 .text.HAL_GPIO_DeInit
                0x000000000801163c      0x104 ./Thirdparty/STM32F0xx_HAL_Driver/Src/stm32f0xx_hal_gpio.o
                0x000000000801163c                HAL_GPIO_DeInit
 .text.HAL_GPIO_ReadPin
                0x0000000008011740        0xe ./Thirdparty/STM32F0xx_HAL_Driver/Src/stm32f0xx_hal_gpio.o
                0x0000000008011740                HAL_GPIO_ReadPin
 .text.HAL_GPIO_WritePin
                0x000000000801174e        0xc ./Thirdparty/STM32F0xx_HAL_Driver/Src/stm32f0xx_hal_gpio.o
                0x000000000801174e                HAL_GPIO_WritePin
 .text.HAL_GPIO_TogglePin
                0x000000000801175a        0x8 ./Thirdparty/STM32F0xx_HAL_Driver/Src/stm32f0xx_hal_gpio.o
                0x000000000801175a                HAL_GPIO_TogglePin
 .text.HAL_MspInit
                0x0000000008011762        0x2 ./Thirdparty/STM32F0xx_HAL_Driver/Src/stm32f0xx_hal_msp_template.o
                0x0000000008011762                HAL_MspInit
 .text.HAL_PWR_EnableBkUpAccess
                0x0000000008011764       0x14 ./Thirdparty/STM32F0xx_HAL_Driver/Src/stm32f0xx_hal_pwr.o
                0x0000000008011764                HAL_PWR_EnableBkUpAccess
 .text.HAL_RCC_OscConfig
                0x0000000008011778      0x54c ./Thirdparty/STM32F0xx_HAL_Driver/Src/stm32f0xx_hal_rcc.o
                0x0000000008011778                HAL_RCC_OscConfig
 .text.HAL_RCC_ClockConfig
                0x0000000008011cc4      0x250 ./Thirdparty/STM32F0xx_HAL_Driver/Src/stm32f0xx_hal_rcc.o
                0x0000000008011cc4                HAL_RCC_ClockConfig
 .text.HAL_RCC_GetSysClockFreq
                0x0000000008011f14       0x94 ./Thirdparty/STM32F0xx_HAL_Driver/Src/stm32f0xx_hal_rcc.o
                0x0000000008011f14                HAL_RCC_GetSysClockFreq
 .text.HAL_RCC_GetHCLKFreq
                0x0000000008011fa8       0x28 ./Thirdparty/STM32F0xx_HAL_Driver/Src/stm32f0xx_hal_rcc.o
                0x0000000008011fa8                HAL_RCC_GetHCLKFreq
 .text.HAL_RCC_GetPCLK1Freq
                0x0000000008011fd0       0x20 ./Thirdparty/STM32F0xx_HAL_Driver/Src/stm32f0xx_hal_rcc.o
                0x0000000008011fd0                HAL_RCC_GetPCLK1Freq
 .text.HAL_RCCEx_PeriphCLKConfig
                0x0000000008011ff0      0x130 ./Thirdparty/STM32F0xx_HAL_Driver/Src/stm32f0xx_hal_rcc_ex.o
                0x0000000008011ff0                HAL_RCCEx_PeriphCLKConfig
 .text.HAL_RTC_MspInit
                0x0000000008012120        0x2 ./Thirdparty/STM32F0xx_HAL_Driver/Src/stm32f0xx_hal_rtc.o
                0x0000000008012120                HAL_RTC_MspInit
 .text.HAL_RTC_WaitForSynchro
                0x0000000008012122       0x32 ./Thirdparty/STM32F0xx_HAL_Driver/Src/stm32f0xx_hal_rtc.o
                0x0000000008012122                HAL_RTC_WaitForSynchro
 .text.RTC_EnterInitMode
                0x0000000008012154       0x3a ./Thirdparty/STM32F0xx_HAL_Driver/Src/stm32f0xx_hal_rtc.o
                0x0000000008012154                RTC_EnterInitMode
 *fill*         0x000000000801218e        0x2 
 .text.HAL_RTC_Init
                0x0000000008012190       0xa0 ./Thirdparty/STM32F0xx_HAL_Driver/Src/stm32f0xx_hal_rtc.o
                0x0000000008012190                HAL_RTC_Init
 .text.RTC_ByteToBcd2
                0x0000000008012230       0x16 ./Thirdparty/STM32F0xx_HAL_Driver/Src/stm32f0xx_hal_rtc.o
                0x0000000008012230                RTC_ByteToBcd2
 *fill*         0x0000000008012246        0x2 
 .text.HAL_RTC_SetTime
                0x0000000008012248       0xfc ./Thirdparty/STM32F0xx_HAL_Driver/Src/stm32f0xx_hal_rtc.o
                0x0000000008012248                HAL_RTC_SetTime
 .text.HAL_RTC_SetDate
                0x0000000008012344       0xd8 ./Thirdparty/STM32F0xx_HAL_Driver/Src/stm32f0xx_hal_rtc.o
                0x0000000008012344                HAL_RTC_SetDate
 .text.RTC_Bcd2ToByte
                0x000000000801241c       0x14 ./Thirdparty/STM32F0xx_HAL_Driver/Src/stm32f0xx_hal_rtc.o
                0x000000000801241c                RTC_Bcd2ToByte
 .text.HAL_RTC_GetTime
                0x0000000008012430       0x50 ./Thirdparty/STM32F0xx_HAL_Driver/Src/stm32f0xx_hal_rtc.o
                0x0000000008012430                HAL_RTC_GetTime
 .text.HAL_RTC_GetDate
                0x0000000008012480       0x48 ./Thirdparty/STM32F0xx_HAL_Driver/Src/stm32f0xx_hal_rtc.o
                0x0000000008012480                HAL_RTC_GetDate
 .text.HAL_RTCEx_BKUPWrite
                0x00000000080124c8        0xc ./Thirdparty/STM32F0xx_HAL_Driver/Src/stm32f0xx_hal_rtc_ex.o
                0x00000000080124c8                HAL_RTCEx_BKUPWrite
 .text.HAL_RTCEx_BKUPRead
                0x00000000080124d4        0xc ./Thirdparty/STM32F0xx_HAL_Driver/Src/stm32f0xx_hal_rtc_ex.o
                0x00000000080124d4                HAL_RTCEx_BKUPRead
 .text.HAL_TIM_Base_MspInit
                0x00000000080124e0        0x2 ./Thirdparty/STM32F0xx_HAL_Driver/Src/stm32f0xx_hal_tim.o
                0x00000000080124e0                HAL_TIM_Base_MspInit
 .text.HAL_TIM_Base_Start
                0x00000000080124e2       0x18 ./Thirdparty/STM32F0xx_HAL_Driver/Src/stm32f0xx_hal_tim.o
                0x00000000080124e2                HAL_TIM_Base_Start
 *fill*         0x00000000080124fa        0x2 
 .text.TIM_Base_SetConfig
                0x00000000080124fc       0x9c ./Thirdparty/STM32F0xx_HAL_Driver/Src/stm32f0xx_hal_tim.o
                0x00000000080124fc                TIM_Base_SetConfig
 .text.HAL_TIM_Base_Init
                0x0000000008012598       0x34 ./Thirdparty/STM32F0xx_HAL_Driver/Src/stm32f0xx_hal_tim.o
                0x0000000008012598                HAL_TIM_Base_Init
 .text.HAL_TIMEx_MasterConfigSynchronization
                0x00000000080125cc       0x4c ./Thirdparty/STM32F0xx_HAL_Driver/Src/stm32f0xx_hal_tim_ex.o
                0x00000000080125cc                HAL_TIMEx_MasterConfigSynchronization
 .text.HAL_UART_MspDeInit
                0x0000000008012618        0x2 ./Thirdparty/STM32F0xx_HAL_Driver/Src/stm32f0xx_hal_uart.o
                0x0000000008012618                HAL_UART_MspDeInit
 .text.HAL_UART_DeInit
                0x000000000801261a       0x38 ./Thirdparty/STM32F0xx_HAL_Driver/Src/stm32f0xx_hal_uart.o
                0x000000000801261a                HAL_UART_DeInit
 .text.HAL_UART_Transmit_IT
                0x0000000008012652       0x7a ./Thirdparty/STM32F0xx_HAL_Driver/Src/stm32f0xx_hal_uart.o
                0x0000000008012652                HAL_UART_Transmit_IT
 .text.HAL_UART_Receive_IT
                0x00000000080126cc       0xe4 ./Thirdparty/STM32F0xx_HAL_Driver/Src/stm32f0xx_hal_uart.o
                0x00000000080126cc                HAL_UART_Receive_IT
 .text.HAL_UART_Receive_DMA
                0x00000000080127b0       0x9c ./Thirdparty/STM32F0xx_HAL_Driver/Src/stm32f0xx_hal_uart.o
                0x00000000080127b0                HAL_UART_Receive_DMA
 .text.UART_DMAReceiveCplt
                0x000000000801284c       0x3a ./Thirdparty/STM32F0xx_HAL_Driver/Src/stm32f0xx_hal_uart.o
 .text.HAL_UART_RxHalfCpltCallback
                0x0000000008012886        0x2 ./Thirdparty/STM32F0xx_HAL_Driver/Src/stm32f0xx_hal_uart.o
                0x0000000008012886                HAL_UART_RxHalfCpltCallback
 .text.UART_DMARxHalfCplt
                0x0000000008012888        0xa ./Thirdparty/STM32F0xx_HAL_Driver/Src/stm32f0xx_hal_uart.o
 .text.UART_DMAError
                0x0000000008012892       0x22 ./Thirdparty/STM32F0xx_HAL_Driver/Src/stm32f0xx_hal_uart.o
 .text.UART_SetConfig
                0x00000000080128b4      0x268 ./Thirdparty/STM32F0xx_HAL_Driver/Src/stm32f0xx_hal_uart.o
                0x00000000080128b4                UART_SetConfig
 .text.UART_AdvFeatureConfig
                0x0000000008012b1c       0xe0 ./Thirdparty/STM32F0xx_HAL_Driver/Src/stm32f0xx_hal_uart.o
                0x0000000008012b1c                UART_AdvFeatureConfig
 .text.UART_WaitOnFlagUntilTimeout
                0x0000000008012bfc       0xd0 ./Thirdparty/STM32F0xx_HAL_Driver/Src/stm32f0xx_hal_uart.o
                0x0000000008012bfc                UART_WaitOnFlagUntilTimeout
 .text.HAL_UART_Transmit
                0x0000000008012ccc       0xda ./Thirdparty/STM32F0xx_HAL_Driver/Src/stm32f0xx_hal_uart.o
                0x0000000008012ccc                HAL_UART_Transmit
 *fill*         0x0000000008012da6        0x2 
 .text.UART_CheckIdleState
                0x0000000008012da8       0x78 ./Thirdparty/STM32F0xx_HAL_Driver/Src/stm32f0xx_hal_uart.o
                0x0000000008012da8                UART_CheckIdleState
 .text.HAL_UART_Init
                0x0000000008012e20       0x70 ./Thirdparty/STM32F0xx_HAL_Driver/Src/stm32f0xx_hal_uart.o
                0x0000000008012e20                HAL_UART_Init
 .text.UART_Transmit_IT
                0x0000000008012e90       0x70 ./Thirdparty/STM32F0xx_HAL_Driver/Src/stm32f0xx_hal_uart.o
                0x0000000008012e90                UART_Transmit_IT
 .text.UART_EndTransmit_IT
                0x0000000008012f00       0x32 ./Thirdparty/STM32F0xx_HAL_Driver/Src/stm32f0xx_hal_uart.o
                0x0000000008012f00                UART_EndTransmit_IT
 *fill*         0x0000000008012f32        0x2 
 .text.UART_Receive_IT
                0x0000000008012f34       0x9c ./Thirdparty/STM32F0xx_HAL_Driver/Src/stm32f0xx_hal_uart.o
                0x0000000008012f34                UART_Receive_IT
 .text.HAL_UARTEx_WakeupCallback
                0x0000000008012fd0        0x2 ./Thirdparty/STM32F0xx_HAL_Driver/Src/stm32f0xx_hal_uart_ex.o
                0x0000000008012fd0                HAL_UARTEx_WakeupCallback
 .text.HAL_UART_IRQHandler
                0x0000000008012fd2       0xfc ./Thirdparty/STM32F0xx_HAL_Driver/Src/stm32f0xx_hal_uart_ex.o
                0x0000000008012fd2                HAL_UART_IRQHandler
 .text.main     0x00000000080130ce        0x8 ./User/main.o
                0x00000000080130ce                main
 .text.UserTask
                0x00000000080130d6        0x2 ./User/main.o
                0x00000000080130d6                UserTask
 .text.atof     0x00000000080130d8        0xa C:/ST/STM32CubeIDE_1.12.0/STM32CubeIDE/plugins/com.st.stm32cube.ide.mcu.externaltools.gnu-tools-for-stm32.11.3.rel1.win32_1.1.100.202309141235/tools/bin/../lib/gcc/arm-none-eabi/11.3.1/../../../../arm-none-eabi/lib/thumb/v6-m/nofp\libc.a(libc_a-atof.o)
                0x00000000080130d8                atof
 .text.atoi     0x00000000080130e2        0xc C:/ST/STM32CubeIDE_1.12.0/STM32CubeIDE/plugins/com.st.stm32cube.ide.mcu.externaltools.gnu-tools-for-stm32.11.3.rel1.win32_1.1.100.202309141235/tools/bin/../lib/gcc/arm-none-eabi/11.3.1/../../../../arm-none-eabi/lib/thumb/v6-m/nofp\libc.a(libc_a-atoi.o)
                0x00000000080130e2                atoi
 .text.atol     0x00000000080130ee        0xc C:/ST/STM32CubeIDE_1.12.0/STM32CubeIDE/plugins/com.st.stm32cube.ide.mcu.externaltools.gnu-tools-for-stm32.11.3.rel1.win32_1.1.100.202309141235/tools/bin/../lib/gcc/arm-none-eabi/11.3.1/../../../../arm-none-eabi/lib/thumb/v6-m/nofp\libc.a(libc_a-atol.o)
                0x00000000080130ee                atol
 *fill*         0x00000000080130fa        0x2 
 .text.malloc   0x00000000080130fc       0x14 C:/ST/STM32CubeIDE_1.12.0/STM32CubeIDE/plugins/com.st.stm32cube.ide.mcu.externaltools.gnu-tools-for-stm32.11.3.rel1.win32_1.1.100.202309141235/tools/bin/../lib/gcc/arm-none-eabi/11.3.1/../../../../arm-none-eabi/lib/thumb/v6-m/nofp\libc.a(libc_a-malloc.o)
                0x00000000080130fc                malloc
 .text.free     0x0000000008013110       0x14 C:/ST/STM32CubeIDE_1.12.0/STM32CubeIDE/plugins/com.st.stm32cube.ide.mcu.externaltools.gnu-tools-for-stm32.11.3.rel1.win32_1.1.100.202309141235/tools/bin/../lib/gcc/arm-none-eabi/11.3.1/../../../../arm-none-eabi/lib/thumb/v6-m/nofp\libc.a(libc_a-malloc.o)
                0x0000000008013110                free
 .text._malloc_r
                0x0000000008013124      0x428 C:/ST/STM32CubeIDE_1.12.0/STM32CubeIDE/plugins/com.st.stm32cube.ide.mcu.externaltools.gnu-tools-for-stm32.11.3.rel1.win32_1.1.100.202309141235/tools/bin/../lib/gcc/arm-none-eabi/11.3.1/../../../../arm-none-eabi/lib/thumb/v6-m/nofp\libc.a(libc_a-mallocr.o)
                0x0000000008013124                _malloc_r
 .text.__malloc_lock
                0x000000000801354c       0x10 C:/ST/STM32CubeIDE_1.12.0/STM32CubeIDE/plugins/com.st.stm32cube.ide.mcu.externaltools.gnu-tools-for-stm32.11.3.rel1.win32_1.1.100.202309141235/tools/bin/../lib/gcc/arm-none-eabi/11.3.1/../../../../arm-none-eabi/lib/thumb/v6-m/nofp\libc.a(libc_a-mlock.o)
                0x000000000801354c                __malloc_lock
 .text.__malloc_unlock
                0x000000000801355c       0x10 C:/ST/STM32CubeIDE_1.12.0/STM32CubeIDE/plugins/com.st.stm32cube.ide.mcu.externaltools.gnu-tools-for-stm32.11.3.rel1.win32_1.1.100.202309141235/tools/bin/../lib/gcc/arm-none-eabi/11.3.1/../../../../arm-none-eabi/lib/thumb/v6-m/nofp\libc.a(libc_a-mlock.o)
                0x000000000801355c                __malloc_unlock
 .text.rand     0x000000000801356c       0x34 C:/ST/STM32CubeIDE_1.12.0/STM32CubeIDE/plugins/com.st.stm32cube.ide.mcu.externaltools.gnu-tools-for-stm32.11.3.rel1.win32_1.1.100.202309141235/tools/bin/../lib/gcc/arm-none-eabi/11.3.1/../../../../arm-none-eabi/lib/thumb/v6-m/nofp\libc.a(libc_a-rand.o)
                0x000000000801356c                rand