Archive member included to satisfy reference by file (symbol)

c:/st/stm32cubeide_1.12.0/stm32cubeide/plugins/com.st.stm32cube.ide.mcu.externaltools.gnu-tools-for-stm32.10.3-2021.10.win32_1.0.200.202301161003/tools/bin/../lib/gcc/arm-none-eabi/10.3.1/../../../../arm-none-eabi/lib/thumb/v6-m/nofp\libc.a(lib_a-atof.o)
                              ./BOS/BOS_CLI.o (atof)
c:/st/stm32cubeide_1.12.0/stm32cubeide/plugins/com.st.stm32cube.ide.mcu.externaltools.gnu-tools-for-stm32.10.3-2021.10.win32_1.0.200.202301161003/tools/bin/../lib/gcc/arm-none-eabi/10.3.1/../../../../arm-none-eabi/lib/thumb/v6-m/nofp\libc.a(lib_a-atoi.o)
                              ./BOS/BOS_CLI.o (atoi)
c:/st/stm32cubeide_1.12.0/stm32cubeide/plugins/com.st.stm32cube.ide.mcu.externaltools.gnu-tools-for-stm32.10.3-2021.10.win32_1.0.200.202301161003/tools/bin/../lib/gcc/arm-none-eabi/10.3.1/../../../../arm-none-eabi/lib/thumb/v6-m/nofp\libc.a(lib_a-atol.o)
                              ./BOS/BOS.o (atol)
c:/st/stm32cubeide_1.12.0/stm32cubeide/plugins/com.st.stm32cube.ide.mcu.externaltools.gnu-tools-for-stm32.10.3-2021.10.win32_1.0.200.202301161003/tools/bin/../lib/gcc/arm-none-eabi/10.3.1/../../../../arm-none-eabi/lib/thumb/v6-m/nofp\libc.a(lib_a-ctype_.o)
                              ./BOS/BOS_CLI.o (_ctype_)
c:/st/stm32cubeide_1.12.0/stm32cubeide/plugins/com.st.stm32cube.ide.mcu.externaltools.gnu-tools-for-stm32.10.3-2021.10.win32_1.0.200.202301161003/tools/bin/../lib/gcc/arm-none-eabi/10.3.1/../../../../arm-none-eabi/lib/thumb/v6-m/nofp\libc.a(lib_a-exit.o)
                              c:/st/stm32cubeide_1.12.0/stm32cubeide/plugins/com.st.stm32cube.ide.mcu.externaltools.gnu-tools-for-stm32.10.3-2021.10.win32_1.0.200.202301161003/tools/bin/../lib/gcc/arm-none-eabi/10.3.1/../../../../arm-none-eabi/lib/thumb/v6-m/nofp/crt0.o (exit)
c:/st/stm32cubeide_1.12.0/stm32cubeide/plugins/com.st.stm32cube.ide.mcu.externaltools.gnu-tools-for-stm32.10.3-2021.10.win32_1.0.200.202301161003/tools/bin/../lib/gcc/arm-none-eabi/10.3.1/../../../../arm-none-eabi/lib/thumb/v6-m/nofp\libc.a(lib_a-impure.o)
                              c:/st/stm32cubeide_1.12.0/stm32cubeide/plugins/com.st.stm32cube.ide.mcu.externaltools.gnu-tools-for-stm32.10.3-2021.10.win32_1.0.200.202301161003/tools/bin/../lib/gcc/arm-none-eabi/10.3.1/../../../../arm-none-eabi/lib/thumb/v6-m/nofp\libc.a(lib_a-exit.o) (_global_impure_ptr)
c:/st/stm32cubeide_1.12.0/stm32cubeide/plugins/com.st.stm32cube.ide.mcu.externaltools.gnu-tools-for-stm32.10.3-2021.10.win32_1.0.200.202301161003/tools/bin/../lib/gcc/arm-none-eabi/10.3.1/../../../../arm-none-eabi/lib/thumb/v6-m/nofp\libc.a(lib_a-init.o)
                              c:/st/stm32cubeide_1.12.0/stm32cubeide/plugins/com.st.stm32cube.ide.mcu.externaltools.gnu-tools-for-stm32.10.3-2021.10.win32_1.0.200.202301161003/tools/bin/../lib/gcc/arm-none-eabi/10.3.1/../../../../arm-none-eabi/lib/thumb/v6-m/nofp/crt0.o (__libc_init_array)
c:/st/stm32cubeide_1.12.0/stm32cubeide/plugins/com.st.stm32cube.ide.mcu.externaltools.gnu-tools-for-stm32.10.3-2021.10.win32_1.0.200.202301161003/tools/bin/../lib/gcc/arm-none-eabi/10.3.1/../../../../arm-none-eabi/lib/thumb/v6-m/nofp\libc.a(lib_a-malloc.o)
                              ./BOS/BOS.o (malloc)
c:/st/stm32cubeide_1.12.0/stm32cubeide/plugins/com.st.stm32cube.ide.mcu.externaltools.gnu-tools-for-stm32.10.3-2021.10.win32_1.0.200.202301161003/tools/bin/../lib/gcc/arm-none-eabi/10.3.1/../../../../arm-none-eabi/lib/thumb/v6-m/nofp\libc.a(lib_a-mallocr.o)
                              c:/st/stm32cubeide_1.12.0/stm32cubeide/plugins/com.st.stm32cube.ide.mcu.externaltools.gnu-tools-for-stm32.10.3-2021.10.win32_1.0.200.202301161003/tools/bin/../lib/gcc/arm-none-eabi/10.3.1/../../../../arm-none-eabi/lib/thumb/v6-m/nofp\libc.a(lib_a-malloc.o) (_malloc_r)
c:/st/stm32cubeide_1.12.0/stm32cubeide/plugins/com.st.stm32cube.ide.mcu.externaltools.gnu-tools-for-stm32.10.3-2021.10.win32_1.0.200.202301161003/tools/bin/../lib/gcc/arm-none-eabi/10.3.1/../../../../arm-none-eabi/lib/thumb/v6-m/nofp\libc.a(lib_a-memcmp.o)
                              ./Thirdparty/Middleware/STM32F0xx/FreeRTOS/Source/tasks.o (memcmp)
c:/st/stm32cubeide_1.12.0/stm32cubeide/plugins/com.st.stm32cube.ide.mcu.externaltools.gnu-tools-for-stm32.10.3-2021.10.win32_1.0.200.202301161003/tools/bin/../lib/gcc/arm-none-eabi/10.3.1/../../../../arm-none-eabi/lib/thumb/v6-m/nofp\libc.a(lib_a-memcpy-stub.o)
                              ./BOS/BOS.o (memcpy)
c:/st/stm32cubeide_1.12.0/stm32cubeide/plugins/com.st.stm32cube.ide.mcu.externaltools.gnu-tools-for-stm32.10.3-2021.10.win32_1.0.200.202301161003/tools/bin/../lib/gcc/arm-none-eabi/10.3.1/../../../../arm-none-eabi/lib/thumb/v6-m/nofp\libc.a(lib_a-memset.o)
[...]
Memory Configuration

Name             Origin             Length             Attributes
RAM              0x0000000020000000 0x0000000000008000 xrw
FLASH            0x0000000008000000 0x0000000000020000 xr
*default*        0x0000000000000000 0xffffffffffffffff

Linker script and memory map

LOAD c:/st/stm32cubeide_1.12.0/stm32cubeide/plugins/com.st.stm32cube.ide.mcu.externaltools.gnu-tools-for-stm32.10.3-2021.10.win32_1.0.200.202301161003/tools/bin/../lib/gcc/arm-none-eabi/10.3.1/thumb/v6-m/nofp/crti.o
LOAD c:/st/stm32cubeide_1.12.0/stm32cubeide/plugins/com.st.stm32cube.ide.mcu.externaltools.gnu-tools-for-stm32.10.3-2021.10.win32_1.0.200.202301161003/tools/bin/../lib/gcc/arm-none-eabi/10.3.1/thumb/v6-m/nofp/crtbegin.o
LOAD c:/st/stm32cubeide_1.12.0/stm32cubeide/plugins/com.st.stm32cube.ide.mcu.externaltools.gnu-tools-for-stm32.10.3-2021.10.win32_1.0.200.202301161003/tools/bin/../lib/gcc/arm-none-eabi/10.3.1/../../../../arm-none-eabi/lib/thumb/v6-m/nofp/crt0.o
LOAD ./BOS/BOS.o
LOAD ./BOS/BOS_CLI.o
LOAD ./BOS/BOS_CLIcommands.o
LOAD ./BOS/BOS_dma.o
LOAD ./BOS/BOS_freertos.o
LOAD ./BOS/BOS_messaging.o
LOAD ./BOS/BOS_msgparser.o
LOAD ./H1AR0/H1AR0.o
LOAD ./H1AR0/H1AR0_dma.o
LOAD ./H1AR0/H1AR0_eeprom.o
LOAD ./H1AR0/H1AR0_gpio.o
LOAD ./H1AR0/H1AR0_inputs.o
LOAD ./H1AR0/H1AR0_it.o
LOAD ./H1AR0/H1AR0_rtc.o
LOAD ./H1AR0/H1AR0_timers.o
LOAD ./H1AR0/H1AR0_uart.o
LOAD ./H1AR0/startup_stm32f091xc.o
LOAD ./Thirdparty/CMSIS/STM32F0xx/Device/ST/STM32F0xx/Source/Templates/system_stm32f0xx.o
LOAD ./Thirdparty/Middleware/STM32F0xx/FreeRTOS/Source/CMSIS_RTOS/cmsis_os.o
LOAD ./Thirdparty/Middleware/STM32F0xx/FreeRTOS/Source/FreeRTOS_CLI.o
LOAD ./Thirdparty/Middleware/STM32F0xx/FreeRTOS/Source/croutine.o
LOAD ./Thirdparty/Middleware/STM32F0xx/FreeRTOS/Source/event_groups.o
LOAD ./Thirdparty/Middleware/STM32F0xx/FreeRTOS/Source/list.o
LOAD ./Thirdparty/Middleware/STM32F0xx/FreeRTOS/Source/queue.o
LOAD ./Thirdparty/Middleware/STM32F0xx/FreeRTOS/Source/tasks.o
LOAD ./Thirdparty/Middleware/STM32F0xx/FreeRTOS/Source/timers.o
LOAD ./Thirdparty/Middleware/STM32F0xx/FreeRTOS/Source/portable/GCC/ARM_CM0/port.o
LOAD ./Thirdparty/Middleware/STM32F0xx/FreeRTOS/Source/portable/MemMang/heap_4.o
LOAD ./Thirdparty/STM32F0xx_HAL_Driver/Src/stm32f0xx_hal.o
LOAD ./Thirdparty/STM32F0xx_HAL_Driver/Src/stm32f0xx_hal_adc.o
LOAD ./Thirdparty/STM32F0xx_HAL_Driver/Src/stm32f0xx_hal_adc_ex.o
LOAD ./Thirdparty/STM32F0xx_HAL_Driver/Src/stm32f0xx_hal_can.o
LOAD ./Thirdparty/STM32F0xx_HAL_Driver/Src/stm32f0xx_hal_cec.o
LOAD ./Thirdparty/STM32F0xx_HAL_Driver/Src/stm32f0xx_hal_comp.o
LOAD ./Thirdparty/STM32F0xx_HAL_Driver/Src/stm32f0xx_hal_cortex.o
LOAD ./Thirdparty/STM32F0xx_HAL_Driver/Src/stm32f0xx_hal_crc.o
LOAD ./Thirdparty/STM32F0xx_HAL_Driver/Src/stm32f0xx_hal_crc_ex.o
LOAD ./Thirdparty/STM32F0xx_HAL_Driver/Src/stm32f0xx_hal_dac.o
LOAD ./Thirdparty/STM32F0xx_HAL_Driver/Src/stm32f0xx_hal_dac_ex.o
LOAD ./Thirdparty/STM32F0xx_HAL_Driver/Src/stm32f0xx_hal_dma.o
LOAD ./Thirdparty/STM32F0xx_HAL_Driver/Src/stm32f0xx_hal_flash.o
LOAD ./Thirdparty/STM32F0xx_HAL_Driver/Src/stm32f0xx_hal_flash_ex.o
LOAD ./Thirdparty/STM32F0xx_HAL_Driver/Src/stm32f0xx_hal_gpio.o
LOAD ./Thirdparty/STM32F0xx_HAL_Driver/Src/stm32f0xx_hal_i2c.o
LOAD ./Thirdparty/STM32F0xx_HAL_Driver/Src/stm32f0xx_hal_i2c_ex.o
LOAD ./Thirdparty/STM32F0xx_HAL_Driver/Src/stm32f0xx_hal_i2s.o
LOAD ./Thirdparty/STM32F0xx_HAL_Driver/Src/stm32f0xx_hal_irda.o
LOAD ./Thirdparty/STM32F0xx_HAL_Driver/Src/stm32f0xx_hal_iwdg.o
LOAD ./Thirdparty/STM32F0xx_HAL_Driver/Src/stm32f0xx_hal_msp_template.o
LOAD ./Thirdparty/STM32F0xx_HAL_Driver/Src/stm32f0xx_hal_pcd.o
LOAD ./Thirdparty/STM32F0xx_HAL_Driver/Src/stm32f0xx_hal_pcd_ex.o
LOAD ./Thirdparty/STM32F0xx_HAL_Driver/Src/stm32f0xx_hal_pwr.o
LOAD ./Thirdparty/STM32F0xx_HAL_Driver/Src/stm32f0xx_hal_pwr_ex.o
LOAD ./Thirdparty/STM32F0xx_HAL_Driver/Src/stm32f0xx_hal_rcc.o
LOAD ./Thirdparty/STM32F0xx_HAL_Driver/Src/stm32f0xx_hal_rcc_ex.o
LOAD ./Thirdparty/STM32F0xx_HAL_Driver/Src/stm32f0xx_hal_rtc.o
LOAD ./Thirdparty/STM32F0xx_HAL_Driver/Src/stm32f0xx_hal_rtc_ex.o
LOAD ./Thirdparty/STM32F0xx_HAL_Driver/Src/stm32f0xx_hal_smartcard.o
LOAD ./Thirdparty/STM32F0xx_HAL_Driver/Src/stm32f0xx_hal_smartcard_ex.o
LOAD ./Thirdparty/STM32F0xx_HAL_Driver/Src/stm32f0xx_hal_smbus.o
LOAD ./Thirdparty/STM32F0xx_HAL_Driver/Src/stm32f0xx_hal_spi.o
LOAD ./Thirdparty/STM32F0xx_HAL_Driver/Src/stm32f0xx_hal_spi_ex.o
LOAD ./Thirdparty/STM32F0xx_HAL_Driver/Src/stm32f0xx_hal_tim.o
LOAD ./Thirdparty/STM32F0xx_HAL_Driver/Src/stm32f0xx_hal_tim_ex.o
LOAD ./Thirdparty/STM32F0xx_HAL_Driver/Src/stm32f0xx_hal_tsc.o
LOAD ./Thirdparty/STM32F0xx_HAL_Driver/Src/stm32f0xx_hal_uart.o
LOAD ./Thirdparty/STM32F0xx_HAL_Driver/Src/stm32f0xx_hal_uart_ex.o
LOAD ./Thirdparty/STM32F0xx_HAL_Driver/Src/stm32f0xx_hal_usart.o
LOAD ./Thirdparty/STM32F0xx_HAL_Driver/Src/stm32f0xx_hal_wwdg.o
LOAD ./User/main.o
START GROUP
LOAD c:/st/stm32cubeide_1.12.0/stm32cubeide/plugins/com.st.stm32cube.ide.mcu.externaltools.gnu-tools-for-stm32.10.3-2021.10.win32_1.0.200.202301161003/tools/bin/../lib/gcc/arm-none-eabi/10.3.1/../../../../arm-none-eabi/lib/thumb/v6-m/nofp\libc.a
LOAD c:/st/stm32cubeide_1.12.0/stm32cubeide/plugins/com.st.stm32cube.ide.mcu.externaltools.gnu-tools-for-stm32.10.3-2021.10.win32_1.0.200.202301161003/tools/bin/../lib/gcc/arm-none-eabi/10.3.1/../../../../arm-none-eabi/lib/thumb/v6-m/nofp\libm.a
END GROUP
START GROUP
LOAD c:/st/stm32cubeide_1.12.0/stm32cubeide/plugins/com.st.stm32cube.ide.mcu.externaltools.gnu-tools-for-stm32.10.3-2021.10.win32_1.0.200.202301161003/tools/bin/../lib/gcc/arm-none-eabi/10.3.1/thumb/v6-m/nofp\libgcc.a
LOAD c:/st/stm32cubeide_1.12.0/stm32cubeide/plugins/com.st.stm32cube.ide.mcu.externaltools.gnu-tools-for-stm32.10.3-2021.10.win32_1.0.200.202301161003/tools/bin/../lib/gcc/arm-none-eabi/10.3.1/../../../../arm-none-eabi/lib/thumb/v6-m/nofp\libc.a
END GROUP
START GROUP
LOAD c:/st/stm32cubeide_1.12.0/stm32cubeide/plugins/com.st.stm32cube.ide.mcu.externaltools.gnu-tools-for-stm32.10.3-2021.10.win32_1.0.200.202301161003/tools/bin/../lib/gcc/arm-none-eabi/10.3.1/thumb/v6-m/nofp\libgcc.a
LOAD c:/st/stm32cubeide_1.12.0/stm32cubeide/plugins/com.st.stm32cube.ide.mcu.externaltools.gnu-tools-for-stm32.10.3-2021.10.win32_1.0.200.202301161003/tools/bin/../lib/gcc/arm-none-eabi/10.3.1/../../../../arm-none-eabi/lib/thumb/v6-m/nofp\libc.a
LOAD c:/st/stm32cubeide_1.12.0/stm32cubeide/plugins/com.st.stm32cube.ide.mcu.externaltools.gnu-tools-for-stm32.10.3-2021.10.win32_1.0.200.202301161003/tools/bin/../lib/gcc/arm-none-eabi/10.3.1/../../../../arm-none-eabi/lib/thumb/v6-m/nofp\libnosys.a
END GROUP
LOAD c:/st/stm32cubeide_1.12.0/stm32cubeide/plugins/com.st.stm32cube.ide.mcu.externaltools.gnu-tools-for-stm32.10.3-2021.10.win32_1.0.200.202301161003/tools/bin/../lib/gcc/arm-none-eabi/10.3.1/thumb/v6-m/nofp/crtend.o
LOAD c:/st/stm32cubeide_1.12.0/stm32cubeide/plugins/com.st.stm32cube.ide.mcu.externaltools.gnu-tools-for-stm32.10.3-2021.10.win32_1.0.200.202301161003/tools/bin/../lib/gcc/arm-none-eabi/10.3.1/thumb/v6-m/nofp/crtn.o
                0x0000000020008000                _estack = 0x20008000
                0x0000000000000200                _Min_Heap_Size = 0x200
                0x0000000000000400                _Min_Stack_Size = 0x400

.isr_vector     0x0000000008000000       0xbc
                0x0000000008000000                . = ALIGN (0x4)
 *(.isr_vector)
 .isr_vector    0x0000000008000000       0xbc ./H1AR0/startup_stm32f091xc.o
                0x0000000008000000                g_pfnVectors
                0x00000000080000bc                . = ALIGN (0x4)

.text           0x00000000080000bc    0x195e4
                0x00000000080000bc                . = ALIGN (0x4)
 *(.text)
 .text          0x00000000080000bc       0x48 c:/st/stm32cubeide_1.12.0/stm32cubeide/plugins/com.st.stm32cube.ide.mcu.externaltools.gnu-tools-for-stm32.10.3-2021.10.win32_1.0.200.202301161003/tools/bin/../lib/gcc/arm-none-eabi/10.3.1/thumb/v6-m/nofp/crtbegin.o
 .text          0x0000000008000104       0x14 c:/st/stm32cubeide_1.12.0/stm32cubeide/plugins/com.st.stm32cube.ide.mcu.externaltools.gnu-tools-for-stm32.10.3-2021.10.win32_1.0.200.202301161003/tools/bin/../lib/gcc/arm-none-eabi/10.3.1/../../../../arm-none-eabi/lib/thumb/v6-m/nofp\libc.a(lib_a-strcmp.o)
                0x0000000008000104                strcmp
 .text          0x0000000008000118        0xe c:/st/stm32cubeide_1.12.0/stm32cubeide/plugins/com.st.stm32cube.ide.mcu.externaltools.gnu-tools-for-stm32.10.3-2021.10.win32_1.0.200.202301161003/tools/bin/../lib/gcc/arm-none-eabi/10.3.1/../../../../arm-none-eabi/lib/thumb/v6-m/nofp\libc.a(lib_a-strlen.o)
                0x0000000008000118                strlen
 *fill*         0x0000000008000126        0x2 
 .text          0x0000000008000128       0x14 c:/st/stm32cubeide_1.12.0/stm32cubeide/plugins/com.st.stm32cube.ide.mcu.externaltools.gnu-tools-for-stm32.10.3-2021.10.win32_1.0.200.202301161003/tools/bin/../lib/gcc/arm-none-eabi/10.3.1/thumb/v6-m/nofp\libgcc.a(_thumb1_case_uqi.o)
                0x0000000008000128                __gnu_thumb1_case_uqi
 .text          0x000000000800013c       0x14 c:/st/stm32cubeide_1.12.0/stm32cubeide/plugins/com.st.stm32cube.ide.mcu.externaltools.gnu-tools-for-stm32.10.3-2021.10.win32_1.0.200.202301161003/tools/bin/../lib/gcc/arm-none-eabi/10.3.1/thumb/v6-m/nofp\libgcc.a(_thumb1_case_uhi.o)
                0x000000000800013c                __gnu_thumb1_case_uhi
 .text          0x0000000008000150      0x114 c:/st/stm32cubeide_1.12.0/stm32cubeide/plugins/com.st.stm32cube.ide.mcu.externaltools.gnu-tools-for-stm32.10.3-2021.10.win32_1.0.200.202301161003/tools/bin/../lib/gcc/arm-none-eabi/10.3.1/thumb/v6-m/nofp\libgcc.a(_udivsi3.o)
                0x0000000008000150                __aeabi_uidiv
                0x0000000008000150                __udivsi3
                0x000000000800025c                __aeabi_uidivmod
 .text          0x0000000008000264      0x1d4 c:/st/stm32cubeide_1.12.0/stm32cubeide/plugins/com.st.stm32cube.ide.mcu.externaltools.gnu-tools-for-stm32.10.3-2021.10.win32_1.0.200.202301161003/tools/bin/../lib/gcc/arm-none-eabi/10.3.1/thumb/v6-m/nofp\libgcc.a(_divsi3.o)
                0x0000000008000264                __divsi3
                0x0000000008000264                __aeabi_idiv
                0x0000000008000430                __aeabi_idivmod
 .text          0x0000000008000438        0x4 c:/st/stm32cubeide_1.12.0/stm32cubeide/plugins/com.st.stm32cube.ide.mcu.externaltools.gnu-tools-for-stm32.10.3-2021.10.win32_1.0.200.202301161003/tools/bin/../lib/gcc/arm-none-eabi/10.3.1/thumb/v6-m/nofp\libgcc.a(_dvmd_tls.o)
                0x0000000008000438                __aeabi_idiv0
                0x0000000008000438                __aeabi_ldiv0
 .text          0x000000000800043c       0x7c c:/st/stm32cubeide_1.12.0/stm32cubeide/plugins/com.st.stm32cube.ide.mcu.externaltools.gnu-tools-for-stm32.10.3-2021.10.win32_1.0.200.202301161003/tools/bin/../lib/gcc/arm-none-eabi/10.3.1/thumb/v6-m/nofp\libgcc.a(_arm_cmpdf2.o)
                0x000000000800043c                __aeabi_cdrcmple
                0x000000000800044c                __aeabi_cdcmple
                0x000000000800044c                __aeabi_cdcmpeq
                0x000000000800045c                __aeabi_dcmpeq
                0x0000000008000468                __aeabi_dcmplt
                0x000000000800047c                __aeabi_dcmple
                0x0000000008000490                __aeabi_dcmpgt
                0x00000000080004a4                __aeabi_dcmpge
 .text          0x00000000080004b8       0x74 c:/st/stm32cubeide_1.12.0/stm32cubeide/plugins/com.st.stm32cube.ide.mcu.externaltools.gnu-tools-for-stm32.10.3-2021.10.win32_1.0.200.202301161003/tools/bin/../lib/gcc/arm-none-eabi/10.3.1/thumb/v6-m/nofp\libgcc.a(_arm_cmpsf2.o)
                0x00000000080004b8                __aeabi_cfrcmple
                0x00000000080004c0                __aeabi_cfcmpeq
                0x00000000080004c0                __aeabi_cfcmple
                0x00000000080004d0                __aeabi_fcmpeq
                0x00000000080004dc                __aeabi_fcmplt
                0x00000000080004f0                __aeabi_fcmple
                0x0000000008000504                __aeabi_fcmpgt
                0x0000000008000518                __aeabi_fcmpge
 .text          0x000000000800052c       0x14 c:/st/stm32cubeide_1.12.0/stm32cubeide/plugins/com.st.stm32cube.ide.mcu.externaltools.gnu-tools-for-stm32.10.3-2021.10.win32_1.0.200.202301161003/tools/bin/../lib/gcc/arm-none-eabi/10.3.1/thumb/v6-m/nofp\libgcc.a(_aeabi_ulcmp.o)
                0x000000000800052c                __aeabi_ulcmp
 .text          0x0000000008000540       0x40 c:/st/stm32cubeide_1.12.0/stm32cubeide/plugins/com.st.stm32cube.ide.mcu.externaltools.gnu-tools-for-stm32.10.3-2021.10.win32_1.0.200.202301161003/tools/bin/../lib/gcc/arm-none-eabi/10.3.1/thumb/v6-m/nofp\libgcc.a(_aeabi_uldivmod.o)
                0x0000000008000540                __aeabi_uldivmod
 .text          0x0000000008000580       0x5c c:/st/stm32cubeide_1.12.0/stm32cubeide/plugins/com.st.stm32cube.ide.mcu.externaltools.gnu-tools-for-stm32.10.3-2021.10.win32_1.0.200.202301161003/tools/bin/../lib/gcc/arm-none-eabi/10.3.1/thumb/v6-m/nofp\libgcc.a(_muldi3.o)
                0x0000000008000580                __muldi3
                0x0000000008000580                __aeabi_lmul
 .text          0x00000000080005dc       0x30 c:/st/stm32cubeide_1.12.0/stm32cubeide/plugins/com.st.stm32cube.ide.mcu.externaltools.gnu-tools-for-stm32.10.3-2021.10.win32_1.0.200.202301161003/tools/bin/../lib/gcc/arm-none-eabi/10.3.1/thumb/v6-m/nofp\libgcc.a(_fixunssfsi.o)
                0x00000000080005dc                __fixunssfsi
                0x00000000080005dc                __aeabi_f2uiz
 .text          0x000000000800060c       0x3c c:/st/stm32cubeide_1.12.0/stm32cubeide/plugins/com.st.stm32cube.ide.mcu.externaltools.gnu-tools-for-stm32.10.3-2021.10.win32_1.0.200.202301161003/tools/bin/../lib/gcc/arm-none-eabi/10.3.1/thumb/v6-m/nofp\libgcc.a(_fixunsdfsi.o)
                0x000000000800060c                __aeabi_d2uiz
                0x000000000800060c                __fixunsdfsi
 .text          0x0000000008000648       0x3c c:/st/stm32cubeide_1.12.0/stm32cubeide/plugins/com.st.stm32cube.ide.mcu.externaltools.gnu-tools-for-stm32.10.3-2021.10.win32_1.0.200.202301161003/tools/bin/../lib/gcc/arm-none-eabi/10.3.1/thumb/v6-m/nofp\libgcc.a(_fixdfdi.o)
                0x0000000008000648                __fixdfdi
                0x0000000008000648                __aeabi_d2lz
 .text          0x0000000008000684       0x3c c:/st/stm32cubeide_1.12.0/stm32cubeide/plugins/com.st.stm32cube.ide.mcu.externaltools.gnu-tools-for-stm32.10.3-2021.10.win32_1.0.200.202301161003/tools/bin/../lib/gcc/arm-none-eabi/10.3.1/thumb/v6-m/nofp\libgcc.a(_fixunsdfdi.o)
                0x0000000008000684                __fixunsdfdi
                0x0000000008000684                __aeabi_d2ulz
 .text          0x00000000080006c0       0x2c c:/st/stm32cubeide_1.12.0/stm32cubeide/plugins/com.st.stm32cube.ide.mcu.externaltools.gnu-tools-for-stm32.10.3-2021.10.win32_1.0.200.202301161003/tools/bin/../lib/gcc/arm-none-eabi/10.3.1/thumb/v6-m/nofp\libgcc.a(_floatdidf.o)
                0x00000000080006c0                __aeabi_l2d
                0x00000000080006c0                __floatdidf
 .text          0x00000000080006ec      0x198 c:/st/stm32cubeide_1.12.0/stm32cubeide/plugins/com.st.stm32cube.ide.mcu.externaltools.gnu-tools-for-stm32.10.3-2021.10.win32_1.0.200.202301161003/tools/bin/../lib/gcc/arm-none-eabi/10.3.1/thumb/v6-m/nofp\libgcc.a(_udivmoddi4.o)
                0x00000000080006ec                __udivmoddi4
 .text          0x0000000008000884       0x4c c:/st/stm32cubeide_1.12.0/stm32cubeide/plugins/com.st.stm32cube.ide.mcu.externaltools.gnu-tools-for-stm32.10.3-2021.10.win32_1.0.200.202301161003/tools/bin/../lib/gcc/arm-none-eabi/10.3.1/thumb/v6-m/nofp\libgcc.a(eqsf2.o)
                0x0000000008000884                __eqsf2
                0x0000000008000884                __nesf2
 .text          0x00000000080008d0       0x8c c:/st/stm32cubeide_1.12.0/stm32cubeide/plugins/com.st.stm32cube.ide.mcu.externaltools.gnu-tools-for-stm32.10.3-2021.10.win32_1.0.200.202301161003/tools/bin/../lib/gcc/arm-none-eabi/10.3.1/thumb/v6-m/nofp\libgcc.a(gesf2.o)
                0x00000000080008d0                __gesf2
                0x00000000080008d0                __gtsf2
 .text          0x000000000800095c       0x88 c:/st/stm32cubeide_1.12.0/stm32cubeide/plugins/com.st.stm32cube.ide.mcu.externaltools.gnu-tools-for-stm32.10.3-2021.10.win32_1.0.200.202301161003/tools/bin/../lib/gcc/arm-none-eabi/10.3.1/thumb/v6-m/nofp\libgcc.a(lesf2.o)
                0x000000000800095c                __ltsf2
                0x000000000800095c                __lesf2
 .text          0x00000000080009e4      0x24c c:/st/stm32cubeide_1.12.0/stm32cubeide/plugins/com.st.stm32cube.ide.mcu.externaltools.gnu-tools-for-stm32.10.3-2021.10.win32_1.0.200.202301161003/tools/bin/../lib/gcc/arm-none-eabi/10.3.1/thumb/v6-m/nofp\libgcc.a(mulsf3.o)
                0x00000000080009e4                __aeabi_fmul
 .text          0x0000000008000c30      0x35c c:/st/stm32cubeide_1.12.0/stm32cubeide/plugins/com.st.stm32cube.ide.mcu.externaltools.gnu-tools-for-stm32.10.3-2021.10.win32_1.0.200.202301161003/tools/bin/../lib/gcc/arm-none-eabi/10.3.1/thumb/v6-m/nofp\libgcc.a(subsf3.o)
                0x0000000008000c30                __aeabi_fsub
 .text          0x0000000008000f8c       0x40 c:/st/stm32cubeide_1.12.0/stm32cubeide/plugins/com.st.stm32cube.ide.mcu.externaltools.gnu-tools-for-stm32.10.3-2021.10.win32_1.0.200.202301161003/tools/bin/../lib/gcc/arm-none-eabi/10.3.1/thumb/v6-m/nofp\libgcc.a(fixsfsi.o)
                0x0000000008000f8c                __aeabi_f2iz
 .text          0x0000000008000fcc       0x84 c:/st/stm32cubeide_1.12.0/stm32cubeide/plugins/com.st.stm32cube.ide.mcu.externaltools.gnu-tools-for-stm32.10.3-2021.10.win32_1.0.200.202301161003/tools/bin/../lib/gcc/arm-none-eabi/10.3.1/thumb/v6-m/nofp\libgcc.a(floatunsisf.o)
                0x0000000008000fcc                __aeabi_ui2f
 .text          0x0000000008001050      0x678 c:/st/stm32cubeide_1.12.0/stm32cubeide/plugins/com.st.stm32cube.ide.mcu.externaltools.gnu-tools-for-stm32.10.3-2021.10.win32_1.0.200.202301161003/tools/bin/../lib/gcc/arm-none-eabi/10.3.1/thumb/v6-m/nofp\libgcc.a(adddf3.o)
                0x0000000008001050                __aeabi_dadd
 .text          0x00000000080016c8      0x5ec c:/st/stm32cubeide_1.12.0/stm32cubeide/plugins/com.st.stm32cube.ide.mcu.externaltools.gnu-tools-for-stm32.10.3-2021.10.win32_1.0.200.202301161003/tools/bin/../lib/gcc/arm-none-eabi/10.3.1/thumb/v6-m/nofp\libgcc.a(divdf3.o)
                0x00000000080016c8                __aeabi_ddiv
 .text          0x0000000008001cb4       0x84 c:/st/stm32cubeide_1.12.0/stm32cubeide/plugins/com.st.stm32cube.ide.mcu.externaltools.gnu-tools-for-stm32.10.3-2021.10.win32_1.0.200.202301161003/tools/bin/../lib/gcc/arm-none-eabi/10.3.1/thumb/v6-m/nofp\libgcc.a(eqdf2.o)
                0x0000000008001cb4                __nedf2
                0x0000000008001cb4                __eqdf2
 .text          0x0000000008001d38       0xcc c:/st/stm32cubeide_1.12.0/stm32cubeide/plugins/com.st.stm32cube.ide.mcu.externaltools.gnu-tools-for-stm32.10.3-2021.10.win32_1.0.200.202301161003/tools/bin/../lib/gcc/arm-none-eabi/10.3.1/thumb/v6-m/nofp\libgcc.a(gedf2.o)
                0x0000000008001d38                __gedf2
                0x0000000008001d38                __gtdf2
 .text          0x0000000008001e04       0xc8 c:/st/stm32cubeide_1.12.0/stm32cubeide/plugins/com.st.stm32cube.ide.mcu.externaltools.gnu-tools-for-stm32.10.3-2021.10.win32_1.0.200.202301161003/tools/bin/../lib/gcc/arm-none-eabi/10.3.1/thumb/v6-m/nofp\libgcc.a(ledf2.o)
                0x0000000008001e04                __ledf2
                0x0000000008001e04                __ltdf2
 .text          0x0000000008001ecc      0x4d8 c:/st/stm32cubeide_1.12.0/stm32cubeide/plugins/com.st.stm32cube.ide.mcu.externaltools.gnu-tools-for-stm32.10.3-2021.10.win32_1.0.200.202301161003/tools/bin/../lib/gcc/arm-none-eabi/10.3.1/thumb/v6-m/nofp\libgcc.a(muldf3.o)
                0x0000000008001ecc                __aeabi_dmul
 .text          0x00000000080023a4      0x724 c:/st/stm32cubeide_1.12.0/stm32cubeide/plugins/com.st.stm32cube.ide.mcu.externaltools.gnu-tools-for-stm32.10.3-2021.10.win32_1.0.200.202301161003/tools/bin/../lib/gcc/arm-none-eabi/10.3.1/thumb/v6-m/nofp\libgcc.a(subdf3.o)
                0x00000000080023a4                __aeabi_dsub
 .text          0x0000000008002ac8       0x3c c:/st/stm32cubeide_1.12.0/stm32cubeide/plugins/com.st.stm32cube.ide.mcu.externaltools.gnu-tools-for-stm32.10.3-2021.10.win32_1.0.200.202301161003/tools/bin/../lib/gcc/arm-none-eabi/10.3.1/thumb/v6-m/nofp\libgcc.a(unorddf2.o)
                0x0000000008002ac8                __aeabi_dcmpun
 .text          0x0000000008002b04       0x6c c:/st/stm32cubeide_1.12.0/stm32cubeide/plugins/com.st.stm32cube.ide.mcu.externaltools.gnu-tools-for-stm32.10.3-2021.10.win32_1.0.200.202301161003/tools/bin/../lib/gcc/arm-none-eabi/10.3.1/thumb/v6-m/nofp\libgcc.a(fixdfsi.o)
                0x0000000008002b04                __aeabi_d2iz
 .text          0x0000000008002b70       0x60 c:/st/stm32cubeide_1.12.0/stm32cubeide/plugins/com.st.stm32cube.ide.mcu.externaltools.gnu-tools-for-stm32.10.3-2021.10.win32_1.0.200.202301161003/tools/bin/../lib/gcc/arm-none-eabi/10.3.1/thumb/v6-m/nofp\libgcc.a(floatsidf.o)
                0x0000000008002b70                __aeabi_i2d
 .text          0x0000000008002bd0       0x4c c:/st/stm32cubeide_1.12.0/stm32cubeide/plugins/com.st.stm32cube.ide.mcu.externaltools.gnu-tools-for-stm32.10.3-2021.10.win32_1.0.200.202301161003/tools/bin/../lib/gcc/arm-none-eabi/10.3.1/thumb/v6-m/nofp\libgcc.a(floatunsidf.o)
                0x0000000008002bd0                __aeabi_ui2d
 .text          0x0000000008002c1c       0x90 c:/st/stm32cubeide_1.12.0/stm32cubeide/plugins/com.st.stm32cube.ide.mcu.externaltools.gnu-tools-for-stm32.10.3-2021.10.win32_1.0.200.202301161003/tools/bin/../lib/gcc/arm-none-eabi/10.3.1/thumb/v6-m/nofp\libgcc.a(extendsfdf2.o)
                0x0000000008002c1c                __aeabi_f2d
 .text          0x0000000008002cac      0x110 c:/st/stm32cubeide_1.12.0/stm32cubeide/plugins/com.st.stm32cube.ide.mcu.externaltools.gnu-tools-for-stm32.10.3-2021.10.win32_1.0.200.202301161003/tools/bin/../lib/gcc/arm-none-eabi/10.3.1/thumb/v6-m/nofp\libgcc.a(truncdfsf2.o)
                0x0000000008002cac                __aeabi_d2f
 .text          0x0000000008002dbc       0x3c c:/st/stm32cubeide_1.12.0/stm32cubeide/plugins/com.st.stm32cube.ide.mcu.externaltools.gnu-tools-for-stm32.10.3-2021.10.win32_1.0.200.202301161003/tools/bin/../lib/gcc/arm-none-eabi/10.3.1/thumb/v6-m/nofp\libgcc.a(_clzsi2.o)
                0x0000000008002dbc                __clzsi2
 .text          0x0000000008002df8       0x18 c:/st/stm32cubeide_1.12.0/stm32cubeide/plugins/com.st.stm32cube.ide.mcu.externaltools.gnu-tools-for-stm32.10.3-2021.10.win32_1.0.200.202301161003/tools/bin/../lib/gcc/arm-none-eabi/10.3.1/thumb/v6-m/nofp\libgcc.a(_clzdi2.o)
                0x0000000008002df8                __clzdi2
 *(.text*)
 .text.Processor_type
                0x0000000008002e10       0x7c ./BOS/BOS.o
                0x0000000008002e10                Processor_type
 .text.Get_Module_Name
                0x0000000008002e8c       0x10 ./BOS/BOS.o
                0x0000000008002e8c                Get_Module_Name
 .text.Send_BOS_Message
                0x0000000008002e9c       0x90 ./BOS/BOS.o
                0x0000000008002e9c                Send_BOS_Message
 .text.LoadROtopology
                0x0000000008002f2c       0x9c ./BOS/BOS.o
                0x0000000008002f2c                LoadROtopology
 .text.LoadEEportsDir
                0x0000000008002fc8       0x38 ./BOS/BOS.o
                0x0000000008002fc8                LoadEEportsDir
 .text.LoadEEalias
                0x0000000008003000       0x78 ./BOS/BOS.o
                0x0000000008003000                LoadEEalias
 .text.LoadEEgroup
                0x0000000008003078       0xb4 ./BOS/BOS.o
                0x0000000008003078                LoadEEgroup
 .text.LoadEEstreams
                0x000000000800312c      0x144 ./BOS/BOS.o
                0x000000000800312c                LoadEEstreams
 .text.LoadEEparams
                0x0000000008003270      0x19c ./BOS/BOS.o
                0x0000000008003270                LoadEEparams
 .text.LoadEEbuttons
                0x000000000800340c       0xe0 ./BOS/BOS.o
                0x000000000800340c                LoadEEbuttons
 .text.LoadROsnippets
                0x00000000080034ec       0xfc ./BOS/BOS.o
                0x00000000080034ec                LoadROsnippets
 .text.LoadEEvars
                0x00000000080035e8       0x24 ./BOS/BOS.o
                0x00000000080035e8                LoadEEvars
 .text.SaveEEportsDir
                0x000000000800360c       0x3c ./BOS/BOS.o
                0x000000000800360c                SaveEEportsDir
 .text.SaveEEalias
                0x0000000008003648       0x60 ./BOS/BOS.o
                0x0000000008003648                SaveEEalias
 .text.SaveEEstreams
                0x00000000080036a8       0x8e ./BOS/BOS.o
                0x00000000080036a8                SaveEEstreams
 *fill*         0x0000000008003736        0x2 
 .text.SaveEEparams
                0x0000000008003738       0x8c ./BOS/BOS.o
                0x0000000008003738                SaveEEparams
 .text.ClearEEportsDir
                0x00000000080037c4       0x48 ./BOS/BOS.o
                0x00000000080037c4                ClearEEportsDir
 .text.EE_FormatForFactoryReset
                0x000000000800380c       0x28 ./BOS/BOS.o
                0x000000000800380c                EE_FormatForFactoryReset
 .text.IsLowerCLIbaud
                0x0000000008003834       0x9c ./BOS/BOS.o
                0x0000000008003834                IsLowerCLIbaud
 .text.IsModuleParameter
                0x00000000080038d0       0x34 ./BOS/BOS.o
                0x00000000080038d0                IsModuleParameter
 .text.IsMathOperator
                0x0000000008003904       0x8c ./BOS/BOS.o
                0x0000000008003904                IsMathOperator
 .text.BOS_Init
                0x0000000008003990      0x118 ./BOS/BOS.o
                0x0000000008003990                BOS_Init
 .text.Module_Init
                0x0000000008003aa8       0x18 ./BOS/BOS.o
                0x0000000008003aa8                Module_Init
 .text.ExploreNeighbors
                0x0000000008003ac0       0x50 ./BOS/BOS.o
                0x0000000008003ac0                ExploreNeighbors
 .text.FindBroadcastRoutes
                0x0000000008003b10      0x140 ./BOS/BOS.o
                0x0000000008003b10                FindBroadcastRoutes
 .text.minArr   0x0000000008003c50       0x38 ./BOS/BOS.o
                0x0000000008003c50                minArr
 .text.QnotEmpty
                0x0000000008003c88       0x1c ./BOS/BOS.o
                0x0000000008003c88                QnotEmpty
 .text.FindRoute
                0x0000000008003ca4      0x17c ./BOS/BOS.o
                0x0000000008003ca4                FindRoute
 .text.DisplayTopology
                0x0000000008003e20      0x1ac ./BOS/BOS.o
                0x0000000008003e20                DisplayTopology
 .text.DisplayPortsDir
                0x0000000008003fcc       0xd4 ./BOS/BOS.o
                0x0000000008003fcc                DisplayPortsDir
 .text.DisplayModuleStatus
                0x00000000080040a0      0x2ec ./BOS/BOS.o
                0x00000000080040a0                DisplayModuleStatus
 .text.GetID    0x000000000800438c       0xc4 ./BOS/BOS.o
                0x000000000800438c                GetID
 .text.NameModule
                0x0000000008004450       0xd0 ./BOS/BOS.o
                0x0000000008004450                NameModule
 .text.AddModuleToGroup
                0x0000000008004520      0x10c ./BOS/BOS.o
                0x0000000008004520                AddModuleToGroup
 .text.WriteToRemote
                0x000000000800462c      0x2a0 ./BOS/BOS.o
                0x000000000800462c                WriteToRemote
 .text.GetDateString
                0x00000000080048cc       0x48 ./BOS/BOS.o
                0x00000000080048cc                GetDateString
 .text.Bridge   0x0000000008004914       0x28 ./BOS/BOS.o
                0x0000000008004914                Bridge
 .text.Unbridge
                0x000000000800493c       0x80 ./BOS/BOS.o
                0x000000000800493c                Unbridge
 .text.StringToLowerCase
                0x00000000080049bc       0x28 ./BOS/BOS_CLI.o
                0x00000000080049bc                StringToLowerCase
 .text.ParseSnippetCondition
                0x00000000080049e4      0x454 ./BOS/BOS_CLI.o
                0x00000000080049e4                ParseSnippetCondition
 .text.AddSnippet
                0x0000000008004e38       0xec ./BOS/BOS_CLI.o
                0x0000000008004e38                AddSnippet
 .text.CLI_CommandParser
                0x0000000008004f24      0x420 ./BOS/BOS_CLI.o
                0x0000000008004f24                CLI_CommandParser
 .text.prvCLITask
                0x0000000008005344      0x1a0 ./BOS/BOS_CLI.o
                0x0000000008005344                prvCLITask
 .text.ParseSnippetCommand
                0x00000000080054e4       0x84 ./BOS/BOS_CLI.o
                0x00000000080054e4                ParseSnippetCommand
 .text.CheckSnippetCondition
                0x0000000008005568      0x134 ./BOS/BOS_CLI.o
                0x0000000008005568                CheckSnippetCondition
 .text.ExecuteSnippet
                0x000000000800569c       0x88 ./BOS/BOS_CLI.o
                0x000000000800569c                ExecuteSnippet
 .text.NVIC_SystemReset
                0x0000000008005724       0x1c ./BOS/BOS_CLIcommands.o
 .text.exploreCommand
                0x0000000008005740        0x4 ./BOS/BOS_CLIcommands.o
 .text.resetCommand
                0x0000000008005744        0x6 ./BOS/BOS_CLIcommands.o
 *fill*         0x000000000800574a        0x2 
 .text.setBaudrateCommand
                0x000000000800574c       0x70 ./BOS/BOS_CLIcommands.o
 .text.flashsizeCommand
                0x00000000080057bc       0x1c ./BOS/BOS_CLIcommands.o
 .text.GetReadPrecentageCommand
                0x00000000080057d8       0x5c ./BOS/BOS_CLIcommands.o
 .text.ReadVrefCommand
                0x0000000008005834       0x38 ./BOS/BOS_CLIcommands.o
 .text.ReadTempCommand
                0x000000000800586c       0x38 ./BOS/BOS_CLIcommands.o
 .text.ADCReadCommand
                0x00000000080058a4       0xb4 ./BOS/BOS_CLIcommands.o
 .text.testportCommand
                0x0000000008005958      0x1b0 ./BOS/BOS_CLIcommands.o
 .text.unbridgeCommand
                0x0000000008005b08       0xac ./BOS/BOS_CLIcommands.o
 .text.bridgeCommand
                0x0000000008005bb4       0xac ./BOS/BOS_CLIcommands.o
 .text.delSnipCommand
                0x0000000008005c60       0xf8 ./BOS/BOS_CLIcommands.o
 .text.pauseSnipCommand
                0x0000000008005d58       0x6c ./BOS/BOS_CLIcommands.o
 .text.actSnipCommand
                0x0000000008005dc4       0x6c ./BOS/BOS_CLIcommands.o
 .text.snipCommand
                0x0000000008005e30      0x23c ./BOS/BOS_CLIcommands.o
 .text.idcodeCommand
                0x000000000800606c       0xa0 ./BOS/BOS_CLIcommands.o
 .text.uuidCommand
                0x000000000800610c       0x50 ./BOS/BOS_CLIcommands.o
 .text.timeCommand
                0x000000000800615c       0x8c ./BOS/BOS_CLIcommands.o
 .text.dateCommand
                0x00000000080061e8       0x20 ./BOS/BOS_CLIcommands.o
 .text.getCommand
                0x0000000008006208      0x270 ./BOS/BOS_CLIcommands.o
 .text.defaultCommand
                0x0000000008006478       0xbc ./BOS/BOS_CLIcommands.o
 .text.setCommand
                0x0000000008006534      0x83c ./BOS/BOS_CLIcommands.o
 .text.removebuttonCommand
                0x0000000008006d70       0x54 ./BOS/BOS_CLIcommands.o
 .text.addbuttonCommand
                0x0000000008006dc4       0xd0 ./BOS/BOS_CLIcommands.o
 .text.scastCommand
                0x0000000008006e94      0x1b8 ./BOS/BOS_CLIcommands.o
 .text.infoCommand
                0x000000000800704c       0xb8 ./BOS/BOS_CLIcommands.o
 .text.statusCommand
                0x0000000008007104        0xc ./BOS/BOS_CLIcommands.o
 .text.groupCommand
                0x0000000008007110      0x1c8 ./BOS/BOS_CLIcommands.o
 .text.nameCommand
                0x00000000080072d8       0x90 ./BOS/BOS_CLIcommands.o
 .text.bootloaderUpdateCommand
                0x0000000008007368      0x164 ./BOS/BOS_CLIcommands.o
 .text.pingCommand
                0x00000000080074cc       0x60 ./BOS/BOS_CLIcommands.o
 .text.prvRunTimeStatsCommand
                0x000000000800752c       0x1c ./BOS/BOS_CLIcommands.o
 .text.prvTaskStatsCommand
                0x0000000008007548       0x1c ./BOS/BOS_CLIcommands.o
 .text.RegisterUserCLICommands
                0x0000000008007564        0x2 ./BOS/BOS_CLIcommands.o
                0x0000000008007564                RegisterUserCLICommands
 *fill*         0x0000000008007566        0x2 
 .text.vRegisterCLICommands
                0x0000000008007568      0x138 ./BOS/BOS_CLIcommands.o
                0x0000000008007568                vRegisterCLICommands
 .text.StartDMAstream
                0x00000000080076a0       0x50 ./BOS/BOS_dma.o
                0x00000000080076a0                StartDMAstream
 .text.DMA_IRQHandler
                0x00000000080076f0       0x6c ./BOS/BOS_dma.o
                0x00000000080076f0                DMA_IRQHandler
 .text.ResetUartORE
                0x000000000800775c       0x40 ./BOS/BOS_dma.o
                0x000000000800775c                ResetUartORE
 .text.MX_FREERTOS_Init
                0x000000000800779c      0x1a0 ./BOS/BOS_freertos.o
                0x000000000800779c                MX_FREERTOS_Init
 .text.ExecuteMonitor
                0x000000000800793c      0x354 ./BOS/BOS_freertos.o
                0x000000000800793c                ExecuteMonitor
 .text.StartDefaultTask
                0x0000000008007c90       0xb0 ./BOS/BOS_freertos.o
                0x0000000008007c90                StartDefaultTask
 .text.vMainConfigureTimerForRunTimeStats
                0x0000000008007d40       0x20 ./BOS/BOS_freertos.o
                0x0000000008007d40                vMainConfigureTimerForRunTimeStats
 .text.ulMainGetRunTimeCounterValue
                0x0000000008007d60       0x50 ./BOS/BOS_freertos.o
                0x0000000008007d60                ulMainGetRunTimeCounterValue
 .text.StreamTimerCallback
                0x0000000008007db0       0x16 ./BOS/BOS_messaging.o
                0x0000000008007db0                StreamTimerCallback
 *fill*         0x0000000008007dc6        0x2 
 .text.SetupDMAStreams
                0x0000000008007dc8      0x1b0 ./BOS/BOS_messaging.o
                0x0000000008007dc8                SetupDMAStreams
 .text.NotifyMessagingTask
                0x0000000008007f78       0x78 ./BOS/BOS_messaging.o
                0x0000000008007f78                NotifyMessagingTask
 .text.SendMessageFromPort
                0x0000000008007ff0      0x3d8 ./BOS/BOS_messaging.o
                0x0000000008007ff0                SendMessageFromPort
 .text.ForwardReceivedMessage
                0x00000000080083c8       0x40 ./BOS/BOS_messaging.o
                0x00000000080083c8                ForwardReceivedMessage
 .text.BroadcastReceivedMessage
                0x0000000008008408       0x40 ./BOS/BOS_messaging.o
                0x0000000008008408                BroadcastReceivedMessage
 .text.BroadcastMessage
                0x0000000008008448       0x50 ./BOS/BOS_messaging.o
                0x0000000008008448                BroadcastMessage
 .text.SendMessageToModule
                0x0000000008008498       0x4c ./BOS/BOS_messaging.o
                0x0000000008008498                SendMessageToModule
 .text.StartScastDMAStream
                0x00000000080084e4      0x190 ./BOS/BOS_messaging.o
                0x00000000080084e4                StartScastDMAStream
 .text.NVIC_SystemReset
                0x0000000008008674       0x1c ./BOS/BOS_msgparser.o
 .text.BackEndTask
                0x0000000008008690      0x388 ./BOS/BOS_msgparser.o
                0x0000000008008690                BackEndTask
 .text.User_MessagingParser
                0x0000000008008a18        0x4 ./BOS/BOS_msgparser.o
                0x0000000008008a18                User_MessagingParser
 .text.PxMessagingTask
                0x0000000008008a1c     0x1bec ./BOS/BOS_msgparser.o
                0x0000000008008a1c                PxMessagingTask
 .text.SystemClock_Config
                0x000000000800a608       0xb0 ./H1AR0/H1AR0.o
                0x000000000800a608                SystemClock_Config
 .text.SaveToRO
                0x000000000800a6b8      0x1ec ./H1AR0/H1AR0.o
                0x000000000800a6b8                SaveToRO
 .text.ClearROtopology
                0x000000000800a8a4       0x2c ./H1AR0/H1AR0.o
                0x000000000800a8a4                ClearROtopology
 .text.SetupPortForRemoteBootloaderUpdate
                0x000000000800a8d0       0x2a ./H1AR0/H1AR0.o
                0x000000000800a8d0                SetupPortForRemoteBootloaderUpdate
 *fill*         0x000000000800a8fa        0x2 
 .text.remoteBootloaderUpdate
                0x000000000800a8fc       0xb8 ./H1AR0/H1AR0.o
                0x000000000800a8fc                remoteBootloaderUpdate
 .text.Module_Peripheral_Init
                0x000000000800a9b4       0x3c ./H1AR0/H1AR0.o
                0x000000000800a9b4                Module_Peripheral_Init
 .text.RegisterModuleCLICommands
                0x000000000800a9f0       0x10 ./H1AR0/H1AR0.o
                0x000000000800a9f0                RegisterModuleCLICommands
 .text.GetPort  0x000000000800aa00       0x4c ./H1AR0/H1AR0.o
                0x000000000800aa00                GetPort
 .text.TransmitData
                0x000000000800aa4c       0x28 ./H1AR0/H1AR0.o
                0x000000000800aa4c                TransmitData
 .text.Module_MessagingTask
                0x000000000800aa74       0x3c ./H1AR0/H1AR0.o
                0x000000000800aa74                Module_MessagingTask
 .text.CLI_Transmit_DataCommand
                0x000000000800aab0       0x54 ./H1AR0/H1AR0.o
                0x000000000800aab0                CLI_Transmit_DataCommand
 .text.DMA_MSG_RX_CH_Init
                0x000000000800ab04       0x22 ./H1AR0/H1AR0_dma.o
                0x000000000800ab04                DMA_MSG_RX_CH_Init
 .text.DMA_MSG_TX_CH_Init
                0x000000000800ab26       0x22 ./H1AR0/H1AR0_dma.o
                0x000000000800ab26                DMA_MSG_TX_CH_Init
 .text.DMA_Init
                0x000000000800ab48       0xa8 ./H1AR0/H1AR0_dma.o
                0x000000000800ab48                DMA_Init
 .text.DMA_STREAM_CH_Init
                0x000000000800abf0       0x20 ./H1AR0/H1AR0_dma.o
                0x000000000800abf0                DMA_STREAM_CH_Init
 .text.StopStreamDMA
                0x000000000800ac10       0x34 ./H1AR0/H1AR0_dma.o
                0x000000000800ac10                StopStreamDMA
 .text.StopMsgDMA
                0x000000000800ac44       0x24 ./H1AR0/H1AR0_dma.o
                0x000000000800ac44                StopMsgDMA
 .text.SwitchMsgDMAToStream
                0x000000000800ac68       0x28 ./H1AR0/H1AR0_dma.o
                0x000000000800ac68                SwitchMsgDMAToStream
 .text.SetupDMAInterrupts
                0x000000000800ac90       0x5c ./H1AR0/H1AR0_dma.o
                0x000000000800ac90                SetupDMAInterrupts
 .text.UnSetupDMAInterrupts
                0x000000000800acec       0xa4 ./H1AR0/H1AR0_dma.o
                0x000000000800acec                UnSetupDMAInterrupts
 .text.DMA_MSG_TX_UnSetup
                0x000000000800ad90       0x14 ./H1AR0/H1AR0_dma.o
                0x000000000800ad90                DMA_MSG_TX_UnSetup
 .text.RemapAndLinkDMAtoUARTRx
                0x000000000800ada4      0x868 ./H1AR0/H1AR0_dma.o
                0x000000000800ada4                RemapAndLinkDMAtoUARTRx
 .text.DMA_MSG_RX_Setup
                0x000000000800b60c       0x2c ./H1AR0/H1AR0_dma.o
                0x000000000800b60c                DMA_MSG_RX_Setup
 .text.SetupMessagingRxDMAs
                0x000000000800b638       0x8c ./H1AR0/H1AR0_dma.o
                0x000000000800b638                SetupMessagingRxDMAs
 .text.SwitchStreamDMAToMsg
                0x000000000800b6c4       0x6c ./H1AR0/H1AR0_dma.o
                0x000000000800b6c4                SwitchStreamDMAToMsg
 .text.DMA_STREAM_Setup
                0x000000000800b730       0x40 ./H1AR0/H1AR0_dma.o
                0x000000000800b730                DMA_STREAM_Setup
 .text.CRC_Init
                0x000000000800b770       0x28 ./H1AR0/H1AR0_dma.o
                0x000000000800b770                CRC_Init
 .text.HAL_CRC_MspInit
                0x000000000800b798       0x1c ./H1AR0/H1AR0_dma.o
                0x000000000800b798                HAL_CRC_MspInit
 .text.CalculateCRC8
                0x000000000800b7b4       0x9c ./H1AR0/H1AR0_dma.o
                0x000000000800b7b4                CalculateCRC8
 .text.EE_FindValidPage
                0x000000000800b850       0x5c ./H1AR0/H1AR0_eeprom.o
 .text.EE_VerifyPageFullWriteVariable
                0x000000000800b8ac       0xa8 ./H1AR0/H1AR0_eeprom.o
 .text.EE_ReadVariable
                0x000000000800b954       0x4c ./H1AR0/H1AR0_eeprom.o
                0x000000000800b954                EE_ReadVariable
 .text.EE_PageTransfer
                0x000000000800b9a0      0x118 ./H1AR0/H1AR0_eeprom.o
 .text.EE_WriteVariable
                0x000000000800bab8       0x2c ./H1AR0/H1AR0_eeprom.o
                0x000000000800bab8                EE_WriteVariable
 .text.EE_Format
                0x000000000800bae4       0xc8 ./H1AR0/H1AR0_eeprom.o
                0x000000000800bae4                EE_Format
 .text.EE_Init  0x000000000800bbac      0x384 ./H1AR0/H1AR0_eeprom.o
                0x000000000800bbac                EE_Init
 .text.EraseSector
                0x000000000800bf30       0x30 ./H1AR0/H1AR0_eeprom.o
                0x000000000800bf30                EraseSector
 .text.IND_LED_Init
                0x000000000800bf60       0x22 ./H1AR0/H1AR0_gpio.o
                0x000000000800bf60                IND_LED_Init
 *fill*         0x000000000800bf82        0x2 
 .text.GPIO_Init
                0x000000000800bf84       0x6c ./H1AR0/H1AR0_gpio.o
                0x000000000800bf84                GPIO_Init
 .text.GetPortGPIOs
                0x000000000800bff0       0xb8 ./H1AR0/H1AR0_gpio.o
                0x000000000800bff0                GetPortGPIOs
 .text.IsFactoryReset
                0x000000000800c0a8       0xf0 ./H1AR0/H1AR0_gpio.o
                0x000000000800c0a8                IsFactoryReset
 .text.buttonPressedCallback
                0x000000000800c198        0x2 ./H1AR0/H1AR0_inputs.o
                0x000000000800c198                buttonPressedCallback
 *fill*         0x000000000800c19a        0x2 
 .text.CheckForTimedButtonPress
                0x000000000800c19c       0x6c ./H1AR0/H1AR0_inputs.o
                0x000000000800c19c                CheckForTimedButtonPress
 .text.CheckForTimedButtonRelease
                0x000000000800c208       0x6c ./H1AR0/H1AR0_inputs.o
                0x000000000800c208                CheckForTimedButtonRelease
 .text.AddPortButton
                0x000000000800c274      0x124 ./H1AR0/H1AR0_inputs.o
                0x000000000800c274                AddPortButton
 .text.RemovePortButton
                0x000000000800c398      0x110 ./H1AR0/H1AR0_inputs.o
                0x000000000800c398                RemovePortButton
 .text.SetButtonEvents
                0x000000000800c4a8      0x320 ./H1AR0/H1AR0_inputs.o
                0x000000000800c4a8                SetButtonEvents
 .text.HAL_ADC_MspInit
                0x000000000800c7c8       0x60 ./H1AR0/H1AR0_inputs.o
                0x000000000800c7c8                HAL_ADC_MspInit
 .text.Get_channel
                0x000000000800c828       0x54 ./H1AR0/H1AR0_inputs.o
                0x000000000800c828                Get_channel
 .text.Error_Handler
                0x000000000800c87c        0xa ./H1AR0/H1AR0_inputs.o
                0x000000000800c87c                Error_Handler
 *fill*         0x000000000800c886        0x2 
 .text.MX_ADC_Init
                0x000000000800c888       0x68 ./H1AR0/H1AR0_inputs.o
                0x000000000800c888                MX_ADC_Init
 .text.ReadTempAndVref
                0x000000000800c8f0      0x190 ./H1AR0/H1AR0_inputs.o
                0x000000000800c8f0                ReadTempAndVref
 .text.GetReadPrecentage
                0x000000000800ca80      0x16c ./H1AR0/H1AR0_inputs.o
                0x000000000800ca80                GetReadPrecentage
 .text.Get_Rank
                0x000000000800cbec       0x64 ./H1AR0/H1AR0_inputs.o
                0x000000000800cbec                Get_Rank
 .text.ADCSelectChannel
                0x000000000800cc50       0x60 ./H1AR0/H1AR0_inputs.o
                0x000000000800cc50                ADCSelectChannel
 .text.ReadADCChannel
                0x000000000800ccb0       0xd0 ./H1AR0/H1AR0_inputs.o
                0x000000000800ccb0                ReadADCChannel
 .text.buttonReleasedCallback
                0x000000000800cd80        0x2 ./H1AR0/H1AR0_inputs.o
                0x000000000800cd80                buttonReleasedCallback
 .text.buttonClickedCallback
                0x000000000800cd82        0x2 ./H1AR0/H1AR0_inputs.o
                0x000000000800cd82                buttonClickedCallback
 .text.buttonDblClickedCallback
                0x000000000800cd84        0x2 ./H1AR0/H1AR0_inputs.o
                0x000000000800cd84                buttonDblClickedCallback
 .text.buttonPressedForXCallback
                0x000000000800cd86        0x2 ./H1AR0/H1AR0_inputs.o
                0x000000000800cd86                buttonPressedForXCallback
 .text.buttonReleasedForYCallback
                0x000000000800cd88        0x2 ./H1AR0/H1AR0_inputs.o
                0x000000000800cd88                buttonReleasedForYCallback
 *fill*         0x000000000800cd8a        0x2 
 .text.CheckAttachedButtons
                0x000000000800cd8c      0x4b8 ./H1AR0/H1AR0_inputs.o
                0x000000000800cd8c                CheckAttachedButtons
 .text.NVIC_SystemReset
                0x000000000800d244       0x1c ./H1AR0/H1AR0_it.o
 .text.SysTick_Handler
                0x000000000800d260        0xc ./H1AR0/H1AR0_it.o
                0x000000000800d260                SysTick_Handler
 .text.HardFault_Handler
                0x000000000800d26c       0x38 ./H1AR0/H1AR0_it.o
                0x000000000800d26c                HardFault_Handler
 .text.USART1_IRQHandler
                0x000000000800d2a4       0x10 ./H1AR0/H1AR0_it.o
                0x000000000800d2a4                USART1_IRQHandler
 .text.USART2_IRQHandler
                0x000000000800d2b4       0x10 ./H1AR0/H1AR0_it.o
                0x000000000800d2b4                USART2_IRQHandler
 .text.USART3_8_IRQHandler
                0x000000000800d2c4       0x2c ./H1AR0/H1AR0_it.o
                0x000000000800d2c4                USART3_8_IRQHandler
 .text.DMA1_Ch1_IRQHandler
                0x000000000800d2f0        0xa ./H1AR0/H1AR0_it.o
                0x000000000800d2f0                DMA1_Ch1_IRQHandler
 *fill*         0x000000000800d2fa        0x2 
 .text.DMA1_Ch2_3_DMA2_Ch1_2_IRQHandler
                0x000000000800d2fc       0x40 ./H1AR0/H1AR0_it.o
                0x000000000800d2fc                DMA1_Ch2_3_DMA2_Ch1_2_IRQHandler
 .text.DMA1_Ch4_7_DMA2_Ch3_5_IRQHandler
                0x000000000800d33c       0x54 ./H1AR0/H1AR0_it.o
                0x000000000800d33c                DMA1_Ch4_7_DMA2_Ch3_5_IRQHandler
 .text.HAL_UART_TxCpltCallback
                0x000000000800d390       0x30 ./H1AR0/H1AR0_it.o
                0x000000000800d390                HAL_UART_TxCpltCallback
 .text.HAL_UART_ErrorCallback
                0x000000000800d3c0       0x48 ./H1AR0/H1AR0_it.o
                0x000000000800d3c0                HAL_UART_ErrorCallback
 .text.HAL_UART_RxCpltCallback
                0x000000000800d408      0x1e8 ./H1AR0/H1AR0_it.o
                0x000000000800d408                HAL_UART_RxCpltCallback
 .text.vApplicationStackOverflowHook
                0x000000000800d5f0       0x38 ./H1AR0/H1AR0_it.o
                0x000000000800d5f0                vApplicationStackOverflowHook
 .text.vApplicationMallocFailedHook
                0x000000000800d628       0x38 ./H1AR0/H1AR0_it.o
                0x000000000800d628                vApplicationMallocFailedHook
 .text.RTC_CalendarConfig
                0x000000000800d660      0x100 ./H1AR0/H1AR0_rtc.o
                0x000000000800d660                RTC_CalendarConfig
 .text.RTC_Init
                0x000000000800d760       0x8c ./H1AR0/H1AR0_rtc.o
                0x000000000800d760                RTC_Init
 .text.BOS_CalendarConfig
                0x000000000800d7ec       0xc0 ./H1AR0/H1AR0_rtc.o
                0x000000000800d7ec                BOS_CalendarConfig
 .text.GetTimeDate
                0x000000000800d8ac       0x68 ./H1AR0/H1AR0_rtc.o
                0x000000000800d8ac                GetTimeDate
 .text.TIM_USEC_Init
                0x000000000800d914       0x64 ./H1AR0/H1AR0_timers.o
                0x000000000800d914                TIM_USEC_Init
 .text.TIM_MSEC_Init
                0x000000000800d978       0x64 ./H1AR0/H1AR0_timers.o
                0x000000000800d978                TIM_MSEC_Init
 .text.StartMicroDelay
                0x000000000800d9dc       0x24 ./H1AR0/H1AR0_timers.o
                0x000000000800d9dc                StartMicroDelay
 .text.StartMilliDelay
                0x000000000800da00       0x24 ./H1AR0/H1AR0_timers.o
                0x000000000800da00                StartMilliDelay
 .text.MX_USART1_UART_Init
                0x000000000800da24       0x30 ./H1AR0/H1AR0_uart.o
                0x000000000800da24                MX_USART1_UART_Init
 .text.MX_USART2_UART_Init
                0x000000000800da54       0x30 ./H1AR0/H1AR0_uart.o
                0x000000000800da54                MX_USART2_UART_Init
 .text.MX_USART3_UART_Init
                0x000000000800da84       0x30 ./H1AR0/H1AR0_uart.o
                0x000000000800da84                MX_USART3_UART_Init
 .text.MX_USART4_UART_Init
                0x000000000800dab4       0x30 ./H1AR0/H1AR0_uart.o
                0x000000000800dab4                MX_USART4_UART_Init
 .text.MX_USART5_UART_Init
                0x000000000800dae4       0x30 ./H1AR0/H1AR0_uart.o
                0x000000000800dae4                MX_USART5_UART_Init
 .text.MX_USART6_UART_Init
                0x000000000800db14       0x30 ./H1AR0/H1AR0_uart.o
                0x000000000800db14                MX_USART6_UART_Init
 .text.HAL_UART_MspInit
                0x000000000800db44      0x25c ./H1AR0/H1AR0_uart.o
                0x000000000800db44                HAL_UART_MspInit
 .text.GetUart  0x000000000800dda0       0x3c ./H1AR0/H1AR0_uart.o
                0x000000000800dda0                GetUart
 .text.writePxMutex
                0x000000000800dddc       0x60 ./H1AR0/H1AR0_uart.o
                0x000000000800dddc                writePxMutex
 .text.writePxITMutex
                0x000000000800de3c       0x40 ./H1AR0/H1AR0_uart.o
                0x000000000800de3c                writePxITMutex
 .text.UpdateBaudrate
                0x000000000800de7c       0x12 ./H1AR0/H1AR0_uart.o
                0x000000000800de7c                UpdateBaudrate
 *fill*         0x000000000800de8e        0x2 
 .text.SwapUartPins
                0x000000000800de90       0x78 ./H1AR0/H1AR0_uart.o
                0x000000000800de90                SwapUartPins
 .text.ReadPortsDir
                0x000000000800df08       0x54 ./H1AR0/H1AR0_uart.o
                0x000000000800df08                ReadPortsDir
 .text.ReadPortsDirMSG
                0x000000000800df5c       0x40 ./H1AR0/H1AR0_uart.o
                0x000000000800df5c                ReadPortsDirMSG
 .text.UpdateMyPortsDir
                0x000000000800df9c       0x50 ./H1AR0/H1AR0_uart.o
                0x000000000800df9c                UpdateMyPortsDir
 .text.Reset_Handler
                0x000000000800dfec       0x8c ./H1AR0/startup_stm32f091xc.o
                0x000000000800dfec                Reset_Handler
 .text.Default_Handler
                0x000000000800e078        0x2 ./H1AR0/startup_stm32f091xc.o
                0x000000000800e078                TIM1_CC_IRQHandler
                0x000000000800e078                TSC_IRQHandler
                0x000000000800e078                ADC1_COMP_IRQHandler
                0x000000000800e078                NMI_Handler
                0x000000000800e078                I2C1_IRQHandler
                0x000000000800e078                RCC_CRS_IRQHandler
                0x000000000800e078                SPI1_IRQHandler
                0x000000000800e078                TIM6_DAC_IRQHandler
                0x000000000800e078                EXTI2_3_IRQHandler
                0x000000000800e078                I2C2_IRQHandler
                0x000000000800e078                TIM17_IRQHandler
                0x000000000800e078                CEC_CAN_IRQHandler
                0x000000000800e078                RTC_IRQHandler
                0x000000000800e078                PVD_VDDIO2_IRQHandler
                0x000000000800e078                TIM16_IRQHandler
                0x000000000800e078                TIM3_IRQHandler
                0x000000000800e078                EXTI4_15_IRQHandler
                0x000000000800e078                Default_Handler
                0x000000000800e078                TIM14_IRQHandler
                0x000000000800e078                TIM7_IRQHandler
                0x000000000800e078                TIM15_IRQHandler
                0x000000000800e078                EXTI0_1_IRQHandler
                0x000000000800e078                SPI2_IRQHandler
                0x000000000800e078                WWDG_IRQHandler
                0x000000000800e078                TIM2_IRQHandler
                0x000000000800e078                FLASH_IRQHandler
                0x000000000800e078                TIM1_BRK_UP_TRG_COM_IRQHandler
 *fill*         0x000000000800e07a        0x2 
 .text.SystemInit
                0x000000000800e07c       0x60 ./Thirdparty/CMSIS/STM32F0xx/Device/ST/STM32F0xx/Source/Templates/system_stm32f0xx.o
                0x000000000800e07c                SystemInit
 .text.inHandlerMode
                0x000000000800e0dc        0xa ./Thirdparty/Middleware/STM32F0xx/FreeRTOS/Source/CMSIS_RTOS/cmsis_os.o
 .text.osKernelStart
                0x000000000800e0e6        0xa ./Thirdparty/Middleware/STM32F0xx/FreeRTOS/Source/CMSIS_RTOS/cmsis_os.o
                0x000000000800e0e6                osKernelStart
 .text.osDelay  0x000000000800e0f0       0x10 ./Thirdparty/Middleware/STM32F0xx/FreeRTOS/Source/CMSIS_RTOS/cmsis_os.o
                0x000000000800e0f0                osDelay
 .text.osSemaphoreCreate
                0x000000000800e100       0x2c ./Thirdparty/Middleware/STM32F0xx/FreeRTOS/Source/CMSIS_RTOS/cmsis_os.o
                0x000000000800e100                osSemaphoreCreate
 .text.osSemaphoreWait
                0x000000000800e12c       0x60 ./Thirdparty/Middleware/STM32F0xx/FreeRTOS/Source/CMSIS_RTOS/cmsis_os.o
                0x000000000800e12c                osSemaphoreWait
 .text.osSemaphoreRelease
                0x000000000800e18c       0x58 ./Thirdparty/Middleware/STM32F0xx/FreeRTOS/Source/CMSIS_RTOS/cmsis_os.o
                0x000000000800e18c                osSemaphoreRelease
 .text.osSystickHandler
                0x000000000800e1e4       0x12 ./Thirdparty/Middleware/STM32F0xx/FreeRTOS/Source/CMSIS_RTOS/cmsis_os.o
                0x000000000800e1e4                osSystickHandler
 .text.prvGetNumberOfParameters
                0x000000000800e1f6       0x30 ./Thirdparty/Middleware/STM32F0xx/FreeRTOS/Source/FreeRTOS_CLI.o
 *fill*         0x000000000800e226        0x2 
 .text.FreeRTOS_CLIRegisterCommand
                0x000000000800e228       0x30 ./Thirdparty/Middleware/STM32F0xx/FreeRTOS/Source/FreeRTOS_CLI.o
                0x000000000800e228                FreeRTOS_CLIRegisterCommand
 .text.FreeRTOS_CLIProcessCommand
                0x000000000800e258       0xd4 ./Thirdparty/Middleware/STM32F0xx/FreeRTOS/Source/FreeRTOS_CLI.o
                0x000000000800e258                FreeRTOS_CLIProcessCommand
 .text.FreeRTOS_CLIGetOutputBuffer
                0x000000000800e32c        0x8 ./Thirdparty/Middleware/STM32F0xx/FreeRTOS/Source/FreeRTOS_CLI.o
                0x000000000800e32c                FreeRTOS_CLIGetOutputBuffer
 .text.FreeRTOS_CLIGetParameter
                0x000000000800e334       0x5e ./Thirdparty/Middleware/STM32F0xx/FreeRTOS/Source/FreeRTOS_CLI.o
                0x000000000800e334                FreeRTOS_CLIGetParameter
 *fill*         0x000000000800e392        0x2 
 .text.prvHelpCommand
                0x000000000800e394       0xf8 ./Thirdparty/Middleware/STM32F0xx/FreeRTOS/Source/FreeRTOS_CLI.o
 .text.vListInitialise
                0x000000000800e48c       0x16 ./Thirdparty/Middleware/STM32F0xx/FreeRTOS/Source/list.o
                0x000000000800e48c                vListInitialise
 .text.vListInitialiseItem
                0x000000000800e4a2        0x6 ./Thirdparty/Middleware/STM32F0xx/FreeRTOS/Source/list.o
                0x000000000800e4a2                vListInitialiseItem
 .text.vListInsertEnd
                0x000000000800e4a8       0x16 ./Thirdparty/Middleware/STM32F0xx/FreeRTOS/Source/list.o
                0x000000000800e4a8                vListInsertEnd
 .text.vListInsert
                0x000000000800e4be       0x2e ./Thirdparty/Middleware/STM32F0xx/FreeRTOS/Source/list.o
                0x000000000800e4be                vListInsert
 .text.uxListRemove
                0x000000000800e4ec       0x24 ./Thirdparty/Middleware/STM32F0xx/FreeRTOS/Source/list.o
                0x000000000800e4ec                uxListRemove
 .text.prvIsQueueFull
                0x000000000800e510       0x1e ./Thirdparty/Middleware/STM32F0xx/FreeRTOS/Source/queue.o
 .text.prvIsQueueEmpty
                0x000000000800e52e       0x1c ./Thirdparty/Middleware/STM32F0xx/FreeRTOS/Source/queue.o
 .text.prvCopyDataToQueue
                0x000000000800e54a       0x88 ./Thirdparty/Middleware/STM32F0xx/FreeRTOS/Source/queue.o
 .text.prvCopyDataFromQueue
                0x000000000800e5d2       0x24 ./Thirdparty/Middleware/STM32F0xx/FreeRTOS/Source/queue.o
 .text.prvUnlockQueue
                0x000000000800e5f6       0x6e ./Thirdparty/Middleware/STM32F0xx/FreeRTOS/Source/queue.o
 .text.xQueueGenericReset
                0x000000000800e664       0x64 ./Thirdparty/Middleware/STM32F0xx/FreeRTOS/Source/queue.o
                0x000000000800e664                xQueueGenericReset
 .text.xQueueGenericCreate
                0x000000000800e6c8       0x40 ./Thirdparty/Middleware/STM32F0xx/FreeRTOS/Source/queue.o
                0x000000000800e6c8                xQueueGenericCreate
 .text.xQueueCreateCountingSemaphore
                0x000000000800e708       0x14 ./Thirdparty/Middleware/STM32F0xx/FreeRTOS/Source/queue.o
                0x000000000800e708                xQueueCreateCountingSemaphore
 .text.xQueueGenericSend
                0x000000000800e71c       0xe6 ./Thirdparty/Middleware/STM32F0xx/FreeRTOS/Source/queue.o
                0x000000000800e71c                xQueueGenericSend
 .text.xQueueGenericSendFromISR
                0x000000000800e802       0x72 ./Thirdparty/Middleware/STM32F0xx/FreeRTOS/Source/queue.o
                0x000000000800e802                xQueueGenericSendFromISR
 .text.xQueueGiveFromISR
                0x000000000800e874       0x60 ./Thirdparty/Middleware/STM32F0xx/FreeRTOS/Source/queue.o
                0x000000000800e874                xQueueGiveFromISR
 .text.xQueueGenericReceive
                0x000000000800e8d4      0x11e ./Thirdparty/Middleware/STM32F0xx/FreeRTOS/Source/queue.o
                0x000000000800e8d4                xQueueGenericReceive
 .text.xQueueReceiveFromISR
                0x000000000800e9f2       0x68 ./Thirdparty/Middleware/STM32F0xx/FreeRTOS/Source/queue.o
                0x000000000800e9f2                xQueueReceiveFromISR
 *fill*         0x000000000800ea5a        0x2 
 .text.vQueueAddToRegistry
                0x000000000800ea5c       0x24 ./Thirdparty/Middleware/STM32F0xx/FreeRTOS/Source/queue.o
                0x000000000800ea5c                vQueueAddToRegistry
 .text.vQueueWaitForMessageRestricted
                0x000000000800ea80       0x40 ./Thirdparty/Middleware/STM32F0xx/FreeRTOS/Source/queue.o
                0x000000000800ea80                vQueueWaitForMessageRestricted
 .text.prvTaskCheckFreeStackSpace
                0x000000000800eac0       0x14 ./Thirdparty/Middleware/STM32F0xx/FreeRTOS/Source/tasks.o
 .text.prvListTaskWithinSingleList
                0x000000000800ead4       0x9a ./Thirdparty/Middleware/STM32F0xx/FreeRTOS/Source/tasks.o
 *fill*         0x000000000800eb6e        0x2 
 .text.prvResetNextTaskUnblockTime
                0x000000000800eb70       0x2c ./Thirdparty/Middleware/STM32F0xx/FreeRTOS/Source/tasks.o
 .text.prvDeleteTCB
                0x000000000800eb9c       0x12 ./Thirdparty/Middleware/STM32F0xx/FreeRTOS/Source/tasks.o
 .text.prvAllocateTCBAndStack
                0x000000000800ebae       0x40 ./Thirdparty/Middleware/STM32F0xx/FreeRTOS/Source/tasks.o
 .text.prvInitialiseTCBVariables
                0x000000000800ebee       0x54 ./Thirdparty/Middleware/STM32F0xx/FreeRTOS/Source/tasks.o
 *fill*         0x000000000800ec42        0x2 
 .text.prvInitialiseTaskLists
                0x000000000800ec44       0x54 ./Thirdparty/Middleware/STM32F0xx/FreeRTOS/Source/tasks.o
 .text.prvAddCurrentTaskToDelayedList
                0x000000000800ec98       0x40 ./Thirdparty/Middleware/STM32F0xx/FreeRTOS/Source/tasks.o
 .text.prvWriteNameToBuffer
                0x000000000800ecd8       0x22 ./Thirdparty/Middleware/STM32F0xx/FreeRTOS/Source/tasks.o
 *fill*         0x000000000800ecfa        0x2 
 .text.xTaskGenericCreate
                0x000000000800ecfc       0xf8 ./Thirdparty/Middleware/STM32F0xx/FreeRTOS/Source/tasks.o
                0x000000000800ecfc                xTaskGenericCreate
 .text.uxTaskPriorityGet
                0x000000000800edf4       0x20 ./Thirdparty/Middleware/STM32F0xx/FreeRTOS/Source/tasks.o
                0x000000000800edf4                uxTaskPriorityGet
 .text.vTaskPrioritySet
                0x000000000800ee14       0xbc ./Thirdparty/Middleware/STM32F0xx/FreeRTOS/Source/tasks.o
                0x000000000800ee14                vTaskPrioritySet
 .text.vTaskStartScheduler
                0x000000000800eed0       0x4c ./Thirdparty/Middleware/STM32F0xx/FreeRTOS/Source/tasks.o
                0x000000000800eed0                vTaskStartScheduler
 .text.vTaskSuspendAll
                0x000000000800ef1c       0x10 ./Thirdparty/Middleware/STM32F0xx/FreeRTOS/Source/tasks.o
                0x000000000800ef1c                vTaskSuspendAll
 .text.xTaskGetTickCount
                0x000000000800ef2c        0xc ./Thirdparty/Middleware/STM32F0xx/FreeRTOS/Source/tasks.o
                0x000000000800ef2c                xTaskGetTickCount
 .text.xTaskGetTickCountFromISR
                0x000000000800ef38        0xc ./Thirdparty/Middleware/STM32F0xx/FreeRTOS/Source/tasks.o
                0x000000000800ef38                xTaskGetTickCountFromISR
 .text.xTaskIncrementTick
                0x000000000800ef44       0xe8 ./Thirdparty/Middleware/STM32F0xx/FreeRTOS/Source/tasks.o
                0x000000000800ef44                xTaskIncrementTick
 .text.xTaskResumeAll
                0x000000000800f02c       0xc4 ./Thirdparty/Middleware/STM32F0xx/FreeRTOS/Source/tasks.o
                0x000000000800f02c                xTaskResumeAll
 .text.vTaskDelay
                0x000000000800f0f0       0x30 ./Thirdparty/Middleware/STM32F0xx/FreeRTOS/Source/tasks.o
                0x000000000800f0f0                vTaskDelay
 .text.prvCheckTasksWaitingTermination
                0x000000000800f120       0x50 ./Thirdparty/Middleware/STM32F0xx/FreeRTOS/Source/tasks.o
 .text.prvIdleTask
                0x000000000800f170       0x18 ./Thirdparty/Middleware/STM32F0xx/FreeRTOS/Source/tasks.o
 .text.uxTaskGetSystemState
                0x000000000800f188       0x90 ./Thirdparty/Middleware/STM32F0xx/FreeRTOS/Source/tasks.o
                0x000000000800f188                uxTaskGetSystemState
 .text.vTaskSwitchContext
                0x000000000800f218       0xe0 ./Thirdparty/Middleware/STM32F0xx/FreeRTOS/Source/tasks.o
                0x000000000800f218                vTaskSwitchContext
 .text.vTaskPlaceOnEventList
                0x000000000800f2f8       0x38 ./Thirdparty/Middleware/STM32F0xx/FreeRTOS/Source/tasks.o
                0x000000000800f2f8                vTaskPlaceOnEventList
 .text.vTaskPlaceOnEventListRestricted
                0x000000000800f330       0x24 ./Thirdparty/Middleware/STM32F0xx/FreeRTOS/Source/tasks.o
                0x000000000800f330                vTaskPlaceOnEventListRestricted
 .text.xTaskRemoveFromEventList
                0x000000000800f354       0x70 ./Thirdparty/Middleware/STM32F0xx/FreeRTOS/Source/tasks.o
                0x000000000800f354                xTaskRemoveFromEventList
 .text.vTaskSetTimeOutState
                0x000000000800f3c4       0x18 ./Thirdparty/Middleware/STM32F0xx/FreeRTOS/Source/tasks.o
                0x000000000800f3c4                vTaskSetTimeOutState
 .text.xTaskCheckForTimeOut
                0x000000000800f3dc       0x58 ./Thirdparty/Middleware/STM32F0xx/FreeRTOS/Source/tasks.o
                0x000000000800f3dc                xTaskCheckForTimeOut
 .text.vTaskMissedYield
                0x000000000800f434        0xc ./Thirdparty/Middleware/STM32F0xx/FreeRTOS/Source/tasks.o
                0x000000000800f434                vTaskMissedYield
 .text.xTaskGetSchedulerState
                0x000000000800f440       0x24 ./Thirdparty/Middleware/STM32F0xx/FreeRTOS/Source/tasks.o
                0x000000000800f440                xTaskGetSchedulerState
 .text.vTaskPriorityInherit
                0x000000000800f464       0x7c ./Thirdparty/Middleware/STM32F0xx/FreeRTOS/Source/tasks.o
                0x000000000800f464                vTaskPriorityInherit
 .text.xTaskPriorityDisinherit
                0x000000000800f4e0       0x60 ./Thirdparty/Middleware/STM32F0xx/FreeRTOS/Source/tasks.o
                0x000000000800f4e0                xTaskPriorityDisinherit
 .text.vTaskList
                0x000000000800f540       0xb8 ./Thirdparty/Middleware/STM32F0xx/FreeRTOS/Source/tasks.o
                0x000000000800f540                vTaskList
 .text.vTaskGetRunTimeStats
                0x000000000800f5f8       0xb0 ./Thirdparty/Middleware/STM32F0xx/FreeRTOS/Source/tasks.o
                0x000000000800f5f8                vTaskGetRunTimeStats
 .text.pvTaskIncrementMutexHeldCount
                0x000000000800f6a8       0x1c ./Thirdparty/Middleware/STM32F0xx/FreeRTOS/Source/tasks.o
                0x000000000800f6a8                pvTaskIncrementMutexHeldCount
 .text.ulTaskNotifyTake
                0x000000000800f6c4       0x8c ./Thirdparty/Middleware/STM32F0xx/FreeRTOS/Source/tasks.o
                0x000000000800f6c4                ulTaskNotifyTake
 .text.xTaskGenericNotify
                0x000000000800f750       0xb0 ./Thirdparty/Middleware/STM32F0xx/FreeRTOS/Source/tasks.o
                0x000000000800f750                xTaskGenericNotify
 .text.prvGetNextExpireTime
                0x000000000800f800       0x20 ./Thirdparty/Middleware/STM32F0xx/FreeRTOS/Source/timers.o
 .text.prvInsertTimerInActiveList
                0x000000000800f820       0x44 ./Thirdparty/Middleware/STM32F0xx/FreeRTOS/Source/timers.o
 .text.prvCheckForValidListAndQueue
                0x000000000800f864       0x50 ./Thirdparty/Middleware/STM32F0xx/FreeRTOS/Source/timers.o
 .text.xTimerCreateTimerTask
                0x000000000800f8b4       0x3c ./Thirdparty/Middleware/STM32F0xx/FreeRTOS/Source/timers.o
                0x000000000800f8b4                xTimerCreateTimerTask
 .text.xTimerCreate
                0x000000000800f8f0       0x3c ./Thirdparty/Middleware/STM32F0xx/FreeRTOS/Source/timers.o
                0x000000000800f8f0                xTimerCreate
 .text.xTimerGenericCommand
                0x000000000800f92c       0x58 ./Thirdparty/Middleware/STM32F0xx/FreeRTOS/Source/timers.o
                0x000000000800f92c                xTimerGenericCommand
 .text.prvSwitchTimerLists
                0x000000000800f984       0x60 ./Thirdparty/Middleware/STM32F0xx/FreeRTOS/Source/timers.o
 .text.prvSampleTimeNow
                0x000000000800f9e4       0x2c ./Thirdparty/Middleware/STM32F0xx/FreeRTOS/Source/timers.o
 .text.prvProcessExpiredTimer
                0x000000000800fa10       0x4c ./Thirdparty/Middleware/STM32F0xx/FreeRTOS/Source/timers.o
 .text.prvProcessTimerOrBlockTask
                0x000000000800fa5c       0x58 ./Thirdparty/Middleware/STM32F0xx/FreeRTOS/Source/timers.o
 .text.prvProcessReceivedCommands
                0x000000000800fab4       0xac ./Thirdparty/Middleware/STM32F0xx/FreeRTOS/Source/timers.o
 .text.prvTimerTask
                0x000000000800fb60       0x16 ./Thirdparty/Middleware/STM32F0xx/FreeRTOS/Source/timers.o
 .text.pvTimerGetTimerID
                0x000000000800fb76       0x12 ./Thirdparty/Middleware/STM32F0xx/FreeRTOS/Source/timers.o
                0x000000000800fb76                pvTimerGetTimerID
 .text.prvTaskExitError
                0x000000000800fb88        0x4 ./Thirdparty/Middleware/STM32F0xx/FreeRTOS/Source/portable/GCC/ARM_CM0/port.o
 .text.vPortStartFirstTask
                0x000000000800fb8c       0x20 ./Thirdparty/Middleware/STM32F0xx/FreeRTOS/Source/portable/GCC/ARM_CM0/port.o
 .text.prvSetupTimerInterrupt
                0x000000000800fbac       0x28 ./Thirdparty/Middleware/STM32F0xx/FreeRTOS/Source/portable/GCC/ARM_CM0/port.o
 .text.pxPortInitialiseStack
                0x000000000800fbd4       0x20 ./Thirdparty/Middleware/STM32F0xx/FreeRTOS/Source/portable/GCC/ARM_CM0/port.o
                0x000000000800fbd4                pxPortInitialiseStack
 .text.SVC_Handler
                0x000000000800fbf4        0x2 ./Thirdparty/Middleware/STM32F0xx/FreeRTOS/Source/portable/GCC/ARM_CM0/port.o
                0x000000000800fbf4                SVC_Handler
 *fill*         0x000000000800fbf6        0x2 
 .text.xPortStartScheduler
                0x000000000800fbf8       0x34 ./Thirdparty/Middleware/STM32F0xx/FreeRTOS/Source/portable/GCC/ARM_CM0/port.o
                0x000000000800fbf8                xPortStartScheduler
 .text.vPortYield
                0x000000000800fc2c       0x18 ./Thirdparty/Middleware/STM32F0xx/FreeRTOS/Source/portable/GCC/ARM_CM0/port.o
                0x000000000800fc2c                vPortYield
 .text.vPortEnterCritical
                0x000000000800fc44       0x18 ./Thirdparty/Middleware/STM32F0xx/FreeRTOS/Source/portable/GCC/ARM_CM0/port.o
                0x000000000800fc44                vPortEnterCritical
 .text.vPortExitCritical
                0x000000000800fc5c       0x14 ./Thirdparty/Middleware/STM32F0xx/FreeRTOS/Source/portable/GCC/ARM_CM0/port.o
                0x000000000800fc5c                vPortExitCritical
 .text.ulSetInterruptMaskFromISR
                0x000000000800fc70        0xa ./Thirdparty/Middleware/STM32F0xx/FreeRTOS/Source/portable/GCC/ARM_CM0/port.o
                0x000000000800fc70                ulSetInterruptMaskFromISR
 .text.vClearInterruptMaskFromISR
                0x000000000800fc7a        0x6 ./Thirdparty/Middleware/STM32F0xx/FreeRTOS/Source/portable/GCC/ARM_CM0/port.o
                0x000000000800fc7a                vClearInterruptMaskFromISR
 .text.PendSV_Handler
                0x000000000800fc80       0x44 ./Thirdparty/Middleware/STM32F0xx/FreeRTOS/Source/portable/GCC/ARM_CM0/port.o
                0x000000000800fc80                PendSV_Handler
 .text.xPortSysTickHandler
                0x000000000800fcc4       0x24 ./Thirdparty/Middleware/STM32F0xx/FreeRTOS/Source/portable/GCC/ARM_CM0/port.o
                0x000000000800fcc4                xPortSysTickHandler
 .text.prvHeapInit
                0x000000000800fce8       0x50 ./Thirdparty/Middleware/STM32F0xx/FreeRTOS/Source/portable/MemMang/heap_4.o
 .text.prvInsertBlockIntoFreeList
                0x000000000800fd38       0x50 ./Thirdparty/Middleware/STM32F0xx/FreeRTOS/Source/portable/MemMang/heap_4.o
 .text.pvPortMalloc
                0x000000000800fd88       0xc8 ./Thirdparty/Middleware/STM32F0xx/FreeRTOS/Source/portable/MemMang/heap_4.o
                0x000000000800fd88                pvPortMalloc
 .text.vPortFree
                0x000000000800fe50       0x40 ./Thirdparty/Middleware/STM32F0xx/FreeRTOS/Source/portable/MemMang/heap_4.o
                0x000000000800fe50                vPortFree
 .text.HAL_InitTick
                0x000000000800fe90       0x24 ./Thirdparty/STM32F0xx_HAL_Driver/Src/stm32f0xx_hal.o
                0x000000000800fe90                HAL_InitTick
 .text.HAL_Init
                0x000000000800feb4       0x20 ./Thirdparty/STM32F0xx_HAL_Driver/Src/stm32f0xx_hal.o
                0x000000000800feb4                HAL_Init
 .text.HAL_IncTick
                0x000000000800fed4       0x10 ./Thirdparty/STM32F0xx_HAL_Driver/Src/stm32f0xx_hal.o
                0x000000000800fed4                HAL_IncTick
 .text.HAL_GetTick
                0x000000000800fee4        0xc ./Thirdparty/STM32F0xx_HAL_Driver/Src/stm32f0xx_hal.o
                0x000000000800fee4                HAL_GetTick
 .text.HAL_Delay
                0x000000000800fef0       0x1c ./Thirdparty/STM32F0xx_HAL_Driver/Src/stm32f0xx_hal.o
                0x000000000800fef0                HAL_Delay
 .text.HAL_GetREVID
                0x000000000800ff0c        0xc ./Thirdparty/STM32F0xx_HAL_Driver/Src/stm32f0xx_hal.o
                0x000000000800ff0c                HAL_GetREVID
 .text.HAL_GetDEVID
                0x000000000800ff18       0x10 ./Thirdparty/STM32F0xx_HAL_Driver/Src/stm32f0xx_hal.o
                0x000000000800ff18                HAL_GetDEVID
 .text.ADC_ConversionStop
                0x000000000800ff28       0x54 ./Thirdparty/STM32F0xx_HAL_Driver/Src/stm32f0xx_hal_adc.o
 .text.ADC_Disable
                0x000000000800ff7c       0x80 ./Thirdparty/STM32F0xx_HAL_Driver/Src/stm32f0xx_hal_adc.o
 .text.ADC_Enable
                0x000000000800fffc       0xa8 ./Thirdparty/STM32F0xx_HAL_Driver/Src/stm32f0xx_hal_adc.o
 .text.HAL_ADC_Init
                0x00000000080100a4      0x16c ./Thirdparty/STM32F0xx_HAL_Driver/Src/stm32f0xx_hal_adc.o
                0x00000000080100a4                HAL_ADC_Init
 .text.HAL_ADC_Start
                0x0000000008010210       0x60 ./Thirdparty/STM32F0xx_HAL_Driver/Src/stm32f0xx_hal_adc.o
                0x0000000008010210                HAL_ADC_Start
 .text.HAL_ADC_Stop
                0x0000000008010270       0x44 ./Thirdparty/STM32F0xx_HAL_Driver/Src/stm32f0xx_hal_adc.o
                0x0000000008010270                HAL_ADC_Stop
 .text.HAL_ADC_PollForConversion
                0x00000000080102b4       0xc0 ./Thirdparty/STM32F0xx_HAL_Driver/Src/stm32f0xx_hal_adc.o
                0x00000000080102b4                HAL_ADC_PollForConversion
 .text.HAL_ADC_GetValue
                0x0000000008010374        0xc ./Thirdparty/STM32F0xx_HAL_Driver/Src/stm32f0xx_hal_adc.o
                0x0000000008010374                HAL_ADC_GetValue
 .text.HAL_ADC_ConfigChannel
                0x0000000008010380      0x14c ./Thirdparty/STM32F0xx_HAL_Driver/Src/stm32f0xx_hal_adc.o
                0x0000000008010380                HAL_ADC_ConfigChannel
 .text.HAL_NVIC_SetPriority
                0x00000000080104cc       0x60 ./Thirdparty/STM32F0xx_HAL_Driver/Src/stm32f0xx_hal_cortex.o
                0x00000000080104cc                HAL_NVIC_SetPriority
 .text.HAL_NVIC_EnableIRQ
                0x000000000801052c       0x14 ./Thirdparty/STM32F0xx_HAL_Driver/Src/stm32f0xx_hal_cortex.o
                0x000000000801052c                HAL_NVIC_EnableIRQ
 .text.HAL_NVIC_DisableIRQ
                0x0000000008010540       0x14 ./Thirdparty/STM32F0xx_HAL_Driver/Src/stm32f0xx_hal_cortex.o
                0x0000000008010540                HAL_NVIC_DisableIRQ
 .text.HAL_SYSTICK_Config
                0x0000000008010554       0x38 ./Thirdparty/STM32F0xx_HAL_Driver/Src/stm32f0xx_hal_cortex.o
                0x0000000008010554                HAL_SYSTICK_Config
 .text.HAL_SYSTICK_CLKSourceConfig
                0x000000000801058c       0x20 ./Thirdparty/STM32F0xx_HAL_Driver/Src/stm32f0xx_hal_cortex.o
                0x000000000801058c                HAL_SYSTICK_CLKSourceConfig
 .text.CRC_Handle_8
                0x00000000080105ac       0x7a ./Thirdparty/STM32F0xx_HAL_Driver/Src/stm32f0xx_hal_crc.o
 .text.CRC_Handle_16
                0x0000000008010626       0x30 ./Thirdparty/STM32F0xx_HAL_Driver/Src/stm32f0xx_hal_crc.o
 .text.HAL_CRC_Init
                0x0000000008010656       0x62 ./Thirdparty/STM32F0xx_HAL_Driver/Src/stm32f0xx_hal_crc.o
                0x0000000008010656                HAL_CRC_Init
 .text.HAL_CRC_Accumulate
                0x00000000080106b8       0x54 ./Thirdparty/STM32F0xx_HAL_Driver/Src/stm32f0xx_hal_crc.o
                0x00000000080106b8                HAL_CRC_Accumulate
 .text.HAL_CRC_Calculate
                0x000000000801070c       0x60 ./Thirdparty/STM32F0xx_HAL_Driver/Src/stm32f0xx_hal_crc.o
                0x000000000801070c                HAL_CRC_Calculate
 .text.HAL_CRCEx_Polynomial_Set
                0x000000000801076c       0x50 ./Thirdparty/STM32F0xx_HAL_Driver/Src/stm32f0xx_hal_crc_ex.o
                0x000000000801076c                HAL_CRCEx_Polynomial_Set
 .text.HAL_CRCEx_Init
                0x00000000080107bc       0x34 ./Thirdparty/STM32F0xx_HAL_Driver/Src/stm32f0xx_hal_crc_ex.o
                0x00000000080107bc                HAL_CRCEx_Init
 .text.DMA_SetConfig
                0x00000000080107f0       0x20 ./Thirdparty/STM32F0xx_HAL_Driver/Src/stm32f0xx_hal_dma.o
 .text.HAL_DMA_Init
                0x0000000008010810       0x54 ./Thirdparty/STM32F0xx_HAL_Driver/Src/stm32f0xx_hal_dma.o
                0x0000000008010810                HAL_DMA_Init
 .text.HAL_DMA_Start_IT
                0x0000000008010864       0x52 ./Thirdparty/STM32F0xx_HAL_Driver/Src/stm32f0xx_hal_dma.o
                0x0000000008010864                HAL_DMA_Start_IT
 .text.HAL_DMA_Abort
                0x00000000080108b6       0x50 ./Thirdparty/STM32F0xx_HAL_Driver/Src/stm32f0xx_hal_dma.o
                0x00000000080108b6                HAL_DMA_Abort
 *fill*         0x0000000008010906        0x2 
 .text.HAL_DMA_IRQHandler
                0x0000000008010908      0x844 ./Thirdparty/STM32F0xx_HAL_Driver/Src/stm32f0xx_hal_dma.o
                0x0000000008010908                HAL_DMA_IRQHandler
 .text.FLASH_Program_HalfWord
                0x000000000801114c       0x20 ./Thirdparty/STM32F0xx_HAL_Driver/Src/stm32f0xx_hal_flash.o
 .text.FLASH_SetErrorCode
                0x000000000801116c       0x34 ./Thirdparty/STM32F0xx_HAL_Driver/Src/stm32f0xx_hal_flash.o
 .text.HAL_FLASH_Unlock
                0x00000000080111a0       0x28 ./Thirdparty/STM32F0xx_HAL_Driver/Src/stm32f0xx_hal_flash.o
                0x00000000080111a0                HAL_FLASH_Unlock
 .text.HAL_FLASH_Lock
                0x00000000080111c8       0x14 ./Thirdparty/STM32F0xx_HAL_Driver/Src/stm32f0xx_hal_flash.o
                0x00000000080111c8                HAL_FLASH_Lock
 .text.FLASH_WaitForLastOperation
                0x00000000080111dc       0x58 ./Thirdparty/STM32F0xx_HAL_Driver/Src/stm32f0xx_hal_flash.o
                0x00000000080111dc                FLASH_WaitForLastOperation
 .text.HAL_FLASH_Program
                0x0000000008011234       0xa8 ./Thirdparty/STM32F0xx_HAL_Driver/Src/stm32f0xx_hal_flash.o
                0x0000000008011234                HAL_FLASH_Program
 .text.FLASH_MassErase
                0x00000000080112dc       0x24 ./Thirdparty/STM32F0xx_HAL_Driver/Src/stm32f0xx_hal_flash_ex.o
 .text.FLASH_PageErase
                0x0000000008011300       0x24 ./Thirdparty/STM32F0xx_HAL_Driver/Src/stm32f0xx_hal_flash_ex.o
                0x0000000008011300                FLASH_PageErase
 .text.HAL_FLASHEx_Erase
                0x0000000008011324       0xa4 ./Thirdparty/STM32F0xx_HAL_Driver/Src/stm32f0xx_hal_flash_ex.o
                0x0000000008011324                HAL_FLASHEx_Erase
 .text.HAL_GPIO_Init
                0x00000000080113c8      0x198 ./Thirdparty/STM32F0xx_HAL_Driver/Src/stm32f0xx_hal_gpio.o
                0x00000000080113c8                HAL_GPIO_Init
 .text.HAL_GPIO_DeInit
                0x0000000008011560      0x104 ./Thirdparty/STM32F0xx_HAL_Driver/Src/stm32f0xx_hal_gpio.o
                0x0000000008011560                HAL_GPIO_DeInit
 .text.HAL_GPIO_ReadPin
                0x0000000008011664        0xe ./Thirdparty/STM32F0xx_HAL_Driver/Src/stm32f0xx_hal_gpio.o
                0x0000000008011664                HAL_GPIO_ReadPin
 .text.HAL_GPIO_WritePin
                0x0000000008011672        0xc ./Thirdparty/STM32F0xx_HAL_Driver/Src/stm32f0xx_hal_gpio.o
                0x0000000008011672                HAL_GPIO_WritePin
 .text.HAL_GPIO_TogglePin
                0x000000000801167e        0x8 ./Thirdparty/STM32F0xx_HAL_Driver/Src/stm32f0xx_hal_gpio.o
                0x000000000801167e                HAL_GPIO_TogglePin
 .text.HAL_MspInit
                0x0000000008011686        0x2 ./Thirdparty/STM32F0xx_HAL_Driver/Src/stm32f0xx_hal_msp_template.o
                0x0000000008011686                HAL_MspInit
 .text.HAL_PWR_EnableBkUpAccess
                0x0000000008011688       0x14 ./Thirdparty/STM32F0xx_HAL_Driver/Src/stm32f0xx_hal_pwr.o
                0x0000000008011688                HAL_PWR_EnableBkUpAccess
 .text.HAL_RCC_OscConfig
                0x000000000801169c      0x54c ./Thirdparty/STM32F0xx_HAL_Driver/Src/stm32f0xx_hal_rcc.o
                0x000000000801169c                HAL_RCC_OscConfig
 .text.HAL_RCC_ClockConfig
                0x0000000008011be8      0x250 ./Thirdparty/STM32F0xx_HAL_Driver/Src/stm32f0xx_hal_rcc.o
                0x0000000008011be8                HAL_RCC_ClockConfig
 .text.HAL_RCC_GetSysClockFreq
                0x0000000008011e38       0x94 ./Thirdparty/STM32F0xx_HAL_Driver/Src/stm32f0xx_hal_rcc.o
                0x0000000008011e38                HAL_RCC_GetSysClockFreq
 .text.HAL_RCC_GetHCLKFreq
                0x0000000008011ecc       0x28 ./Thirdparty/STM32F0xx_HAL_Driver/Src/stm32f0xx_hal_rcc.o
                0x0000000008011ecc                HAL_RCC_GetHCLKFreq
 .text.HAL_RCC_GetPCLK1Freq
                0x0000000008011ef4       0x20 ./Thirdparty/STM32F0xx_HAL_Driver/Src/stm32f0xx_hal_rcc.o
                0x0000000008011ef4                HAL_RCC_GetPCLK1Freq
 .text.HAL_RCCEx_PeriphCLKConfig
                0x0000000008011f14      0x130 ./Thirdparty/STM32F0xx_HAL_Driver/Src/stm32f0xx_hal_rcc_ex.o
                0x0000000008011f14                HAL_RCCEx_PeriphCLKConfig
 .text.HAL_RTC_MspInit
                0x0000000008012044        0x2 ./Thirdparty/STM32F0xx_HAL_Driver/Src/stm32f0xx_hal_rtc.o
                0x0000000008012044                HAL_RTC_MspInit
 .text.HAL_RTC_WaitForSynchro
                0x0000000008012046       0x32 ./Thirdparty/STM32F0xx_HAL_Driver/Src/stm32f0xx_hal_rtc.o
                0x0000000008012046                HAL_RTC_WaitForSynchro
 .text.RTC_EnterInitMode
                0x0000000008012078       0x3a ./Thirdparty/STM32F0xx_HAL_Driver/Src/stm32f0xx_hal_rtc.o
                0x0000000008012078                RTC_EnterInitMode
 *fill*         0x00000000080120b2        0x2 
 .text.HAL_RTC_Init
                0x00000000080120b4       0xa0 ./Thirdparty/STM32F0xx_HAL_Driver/Src/stm32f0xx_hal_rtc.o
                0x00000000080120b4                HAL_RTC_Init
 .text.RTC_ByteToBcd2
                0x0000000008012154       0x16 ./Thirdparty/STM32F0xx_HAL_Driver/Src/stm32f0xx_hal_rtc.o
                0x0000000008012154                RTC_ByteToBcd2
 *fill*         0x000000000801216a        0x2 
 .text.HAL_RTC_SetTime
                0x000000000801216c       0xfc ./Thirdparty/STM32F0xx_HAL_Driver/Src/stm32f0xx_hal_rtc.o
                0x000000000801216c                HAL_RTC_SetTime
 .text.HAL_RTC_SetDate
                0x0000000008012268       0xd8 ./Thirdparty/STM32F0xx_HAL_Driver/Src/stm32f0xx_hal_rtc.o
                0x0000000008012268                HAL_RTC_SetDate
 .text.RTC_Bcd2ToByte
                0x0000000008012340       0x14 ./Thirdparty/STM32F0xx_HAL_Driver/Src/stm32f0xx_hal_rtc.o
                0x0000000008012340                RTC_Bcd2ToByte
 .text.HAL_RTC_GetTime
                0x0000000008012354       0x50 ./Thirdparty/STM32F0xx_HAL_Driver/Src/stm32f0xx_hal_rtc.o
                0x0000000008012354                HAL_RTC_GetTime
 .text.HAL_RTC_GetDate
                0x00000000080123a4       0x48 ./Thirdparty/STM32F0xx_HAL_Driver/Src/stm32f0xx_hal_rtc.o
                0x00000000080123a4                HAL_RTC_GetDate
 .text.HAL_RTCEx_BKUPWrite
                0x00000000080123ec        0xc ./Thirdparty/STM32F0xx_HAL_Driver/Src/stm32f0xx_hal_rtc_ex.o
                0x00000000080123ec                HAL_RTCEx_BKUPWrite
 .text.HAL_RTCEx_BKUPRead
                0x00000000080123f8        0xc ./Thirdparty/STM32F0xx_HAL_Driver/Src/stm32f0xx_hal_rtc_ex.o
                0x00000000080123f8                HAL_RTCEx_BKUPRead
 .text.HAL_TIM_Base_MspInit
                0x0000000008012404        0x2 ./Thirdparty/STM32F0xx_HAL_Driver/Src/stm32f0xx_hal_tim.o
                0x0000000008012404                HAL_TIM_Base_MspInit
 .text.HAL_TIM_Base_Start
                0x0000000008012406       0x18 ./Thirdparty/STM32F0xx_HAL_Driver/Src/stm32f0xx_hal_tim.o
                0x0000000008012406                HAL_TIM_Base_Start
 *fill*         0x000000000801241e        0x2 
 .text.TIM_Base_SetConfig
                0x0000000008012420       0x9c ./Thirdparty/STM32F0xx_HAL_Driver/Src/stm32f0xx_hal_tim.o
                0x0000000008012420                TIM_Base_SetConfig
 .text.HAL_TIM_Base_Init
                0x00000000080124bc       0x34 ./Thirdparty/STM32F0xx_HAL_Driver/Src/stm32f0xx_hal_tim.o
                0x00000000080124bc                HAL_TIM_Base_Init
 .text.HAL_TIMEx_MasterConfigSynchronization
                0x00000000080124f0       0x4c ./Thirdparty/STM32F0xx_HAL_Driver/Src/stm32f0xx_hal_tim_ex.o
                0x00000000080124f0                HAL_TIMEx_MasterConfigSynchronization
 .text.HAL_UART_MspDeInit
                0x000000000801253c        0x2 ./Thirdparty/STM32F0xx_HAL_Driver/Src/stm32f0xx_hal_uart.o
                0x000000000801253c                HAL_UART_MspDeInit
 .text.HAL_UART_DeInit
                0x000000000801253e       0x38 ./Thirdparty/STM32F0xx_HAL_Driver/Src/stm32f0xx_hal_uart.o
                0x000000000801253e                HAL_UART_DeInit
 .text.HAL_UART_Transmit_IT
                0x0000000008012576       0x7a ./Thirdparty/STM32F0xx_HAL_Driver/Src/stm32f0xx_hal_uart.o
                0x0000000008012576                HAL_UART_Transmit_IT
 .text.HAL_UART_Receive_IT
                0x00000000080125f0       0xe4 ./Thirdparty/STM32F0xx_HAL_Driver/Src/stm32f0xx_hal_uart.o
                0x00000000080125f0                HAL_UART_Receive_IT
 .text.HAL_UART_Receive_DMA
                0x00000000080126d4       0x9c ./Thirdparty/STM32F0xx_HAL_Driver/Src/stm32f0xx_hal_uart.o
                0x00000000080126d4                HAL_UART_Receive_DMA
 .text.UART_DMAReceiveCplt
                0x0000000008012770       0x3a ./Thirdparty/STM32F0xx_HAL_Driver/Src/stm32f0xx_hal_uart.o
 .text.HAL_UART_RxHalfCpltCallback
                0x00000000080127aa        0x2 ./Thirdparty/STM32F0xx_HAL_Driver/Src/stm32f0xx_hal_uart.o
                0x00000000080127aa                HAL_UART_RxHalfCpltCallback
 .text.UART_DMARxHalfCplt
                0x00000000080127ac        0xa ./Thirdparty/STM32F0xx_HAL_Driver/Src/stm32f0xx_hal_uart.o
 .text.UART_DMAError
                0x00000000080127b6       0x22 ./Thirdparty/STM32F0xx_HAL_Driver/Src/stm32f0xx_hal_uart.o
 .text.UART_SetConfig
                0x00000000080127d8      0x268 ./Thirdparty/STM32F0xx_HAL_Driver/Src/stm32f0xx_hal_uart.o
                0x00000000080127d8                UART_SetConfig
 .text.UART_AdvFeatureConfig
                0x0000000008012a40       0xe0 ./Thirdparty/STM32F0xx_HAL_Driver/Src/stm32f0xx_hal_uart.o
                0x0000000008012a40                UART_AdvFeatureConfig
 .text.UART_WaitOnFlagUntilTimeout
                0x0000000008012b20       0xd0 ./Thirdparty/STM32F0xx_HAL_Driver/Src/stm32f0xx_hal_uart.o
                0x0000000008012b20                UART_WaitOnFlagUntilTimeout
 .text.HAL_UART_Transmit
                0x0000000008012bf0       0xda ./Thirdparty/STM32F0xx_HAL_Driver/Src/stm32f0xx_hal_uart.o
                0x0000000008012bf0                HAL_UART_Transmit
 *fill*         0x0000000008012cca        0x2 
 .text.UART_CheckIdleState
                0x0000000008012ccc       0x78 ./Thirdparty/STM32F0xx_HAL_Driver/Src/stm32f0xx_hal_uart.o
                0x0000000008012ccc                UART_CheckIdleState
 .text.HAL_UART_Init
                0x0000000008012d44       0x70 ./Thirdparty/STM32F0xx_HAL_Driver/Src/stm32f0xx_hal_uart.o
                0x0000000008012d44                HAL_UART_Init
 .text.UART_Transmit_IT
                0x0000000008012db4       0x70 ./Thirdparty/STM32F0xx_HAL_Driver/Src/stm32f0xx_hal_uart.o
                0x0000000008012db4                UART_Transmit_IT
 .text.UART_EndTransmit_IT
                0x0000000008012e24       0x32 ./Thirdparty/STM32F0xx_HAL_Driver/Src/stm32f0xx_hal_uart.o
                0x0000000008012e24                UART_EndTransmit_IT
 *fill*         0x0000000008012e56        0x2 
 .text.UART_Receive_IT
                0x0000000008012e58       0x9c ./Thirdparty/STM32F0xx_HAL_Driver/Src/stm32f0xx_hal_uart.o
                0x0000000008012e58                UART_Receive_IT
 .text.HAL_UARTEx_WakeupCallback
                0x0000000008012ef4        0x2 ./Thirdparty/STM32F0xx_HAL_Driver/Src/stm32f0xx_hal_uart_ex.o
                0x0000000008012ef4                HAL_UARTEx_WakeupCallback
 .text.HAL_UART_IRQHandler
                0x0000000008012ef6       0xfc ./Thirdparty/STM32F0xx_HAL_Driver/Src/stm32f0xx_hal_uart_ex.o
                0x0000000008012ef6                HAL_UART_IRQHandler
 .text.main     0x0000000008012ff2        0x8 ./User/main.o
                0x0000000008012ff2                main
 .text.UserTask
                0x0000000008012ffa        0x2 ./User/main.o
                0x0000000008012ffa                UserTask
 .text.atof     0x0000000008012ffc        0xa c:/st/stm32cubeide_1.12.0/stm32cubeide/plugins/com.st.stm32cube.ide.mcu.externaltools.gnu-tools-for-stm32.10.3-2021.10.win32_1.0.200.202301161003/tools/bin/../lib/gcc/arm-none-eabi/10.3.1/../../../../arm-none-eabi/lib/thumb/v6-m/nofp\libc.a(lib_a-atof.o)
                0x0000000008012ffc                atof
 .text.atoi     0x0000000008013006        0xc c:/st/stm32cubeide_1.12.0/stm32cubeide/plugins/com.st.stm32cube.ide.mcu.externaltools.gnu-tools-for-stm32.10.3-2021.10.win32_1.0.200.202301161003/tools/bin/../lib/gcc/arm-none-eabi/10.3.1/../../../../arm-none-eabi/lib/thumb/v6-m/nofp\libc.a(lib_a-atoi.o)
                0x0000000008013006                atoi
 .text.atol     0x0000000008013012        0xc c:/st/stm32cubeide_1.12.0/stm32cubeide/plugins/com.st.stm32cube.ide.mcu.externaltools.gnu-tools-for-stm32.10.3-2021.10.win32_1.0.200.202301161003/tools/bin/../lib/gcc/arm-none-eabi/10.3.1/../../../../arm-none-eabi/lib/thumb/v6-m/nofp\libc.a(lib_a-atol.o)
                0x0000000008013012                atol
 *fill*         0x000000000801301e        0x2 
 .text.__libc_init_array
                0x0000000008013020       0x48 c:/st/stm32cubeide_1.12.0/stm32cubeide/plugins/com.st.stm32cube.ide.mcu.externaltools.gnu-tools-for-stm32.10.3-2021.10.win32_1.0.200.202301161003/tools/bin/../lib/gcc/arm-none-eabi/10.3.1/../../../../arm-none-eabi/lib/thumb/v6-m/nofp\libc.a(lib_a-init.o)
                0x0000000008013020                __libc_init_array
 .text.malloc   0x0000000008013068       0x14 c:/st/stm32cubeide_1.12.0/stm32cubeide/plugins/com.st.stm32cube.ide.mcu.externaltools.gnu-tools-for-stm32.10.3-2021.10.win32_1.0.200.202301161003/tools/bin/../lib/gcc/arm-none-eabi/10.3.1/../../../../arm-none-eabi/lib/thumb/v6-m/nofp\libc.a(lib_a-malloc.o)
                0x0000000008013068                malloc
 .text.free     0x000000000801307c       0x14 c:/st/stm32cubeide_1.12.0/stm32cubeide/plugins/com.st.stm32cube.ide.mcu.externaltools.gnu-tools-for-stm32.10.3-2021.10.win32_1.0.200.202301161003/tools/bin/../lib/gcc/arm-none-eabi/10.3.1/../../../../arm-none-eabi/lib/thumb/v6-m/nofp\libc.a(lib_a-malloc.o)
                0x000000000801307c                free
 .text._malloc_r
                0x0000000008013090      0x424 c:/st/stm32cubeide_1.12.0/stm32cubeide/plugins/com.st.stm32cube.ide.mcu.externaltools.gnu-tools-for-stm32.10.3-2021.10.win32_1.0.200.202301161003/tools/bin/../lib/gcc/arm-none-eabi/10.3.1/../../../../arm-none-eabi/lib/thumb/v6-m/nofp\libc.a(lib_a-mallocr.o)
                0x0000000008013090                _malloc_r
 .text.memcmp   0x00000000080134b4       0x1c c:/st/stm32cubeide_1.12.0/stm32cubeide/plugins/com.st.stm32cube.ide.mcu.externaltools.gnu-tools-for-stm32.10.3-2021.10.win32_1.0.200.202301161003/tools/bin/../lib/gcc/arm-none-eabi/10.3.1/../../../../arm-none-eabi/lib/thumb/v6-m/nofp\libc.a(lib_a-memcmp.o)
                0x00000000080134b4                memcmp
 .text.memcpy   0x00000000080134d0       0x12 c:/st/stm32cubeide_1.12.0/stm32cubeide/plugins/com.st.stm32cube.ide.mcu.externaltools.gnu-tools-for-stm32.10.3-2021.10.win32_1.0.200.202301161003/tools/bin/../lib/gcc/arm-none-eabi/10.3.1/../../../../arm-none-eabi/lib/thumb/v6-m/nofp\libc.a(lib_a-memcpy-stub.o)