F:/HDD/Hexabiz_G0/H1ARxx/Thirdparty/Middleware/STM32F0xx/FreeRTOS/Source/portable/MemMang/heap_4.c:367:13:prvHeapInit	8	static
F:/HDD/Hexabiz_G0/H1ARxx/Thirdparty/Middleware/STM32F0xx/FreeRTOS/Source/portable/MemMang/heap_4.c:415:13:prvInsertBlockIntoFreeList	8	static
F:/HDD/Hexabiz_G0/H1ARxx/Thirdparty/Middleware/STM32F0xx/FreeRTOS/Source/portable/MemMang/heap_4.c:151:7:pvPortMalloc	16	static
F:/HDD/Hexabiz_G0/H1ARxx/Thirdparty/Middleware/STM32F0xx/FreeRTOS/Source/portable/MemMang/heap_4.c:301:6:vPortFree	16	static
F:/HDD/Hexabiz_G0/H1ARxx/Thirdparty/Middleware/STM32F0xx/FreeRTOS/Source/portable/MemMang/heap_4.c:349:8:xPortGetFreeHeapSize	0	static
F:/HDD/Hexabiz_G0/H1ARxx/Thirdparty/Middleware/STM32F0xx/FreeRTOS/Source/portable/MemMang/heap_4.c:355:8:xPortGetMinimumEverFreeHeapSize	0	static
F:/HDD/Hexabiz_G0/H1ARxx/Thirdparty/Middleware/STM32F0xx/FreeRTOS/Source/portable/MemMang/heap_4.c:361:6:vPortInitialiseBlocks	0	static
