H1AR0_uart.c:27:6:MX_USART1_UART_Init	8	static
H1AR0_uart.c:45:6:MX_USART2_UART_Init	8	static
H1AR0_uart.c:68:6:MX_USART3_UART_Init	8	static
H1AR0_uart.c:91:6:MX_USART4_UART_Init	8	static
H1AR0_uart.c:114:6:MX_USART5_UART_Init	8	static
H1AR0_uart.c:137:6:MX_USART6_UART_Init	8	static
H1AR0_uart.c:158:6:HAL_UART_MspInit	88	static
H1AR0_uart.c:442:21:GetUart	0	static
H1AR0_uart.c:335:19:readPxMutex	32	static
H1AR0_uart.c:355:19:writePxMutex	32	static
H1AR0_uart.c:375:19:readPxITMutex	32	static
H1AR0_uart.c:391:19:writePxITMutex	32	static
H1AR0_uart.c:407:19:writePxDMAMutex	32	static
H1AR0_uart.c:427:12:UpdateBaudrate	8	static
H1AR0_uart.c:495:6:SwapUartPins	16	static
H1AR0_uart.c:514:12:ReadPortsDir	16	static
H1AR0_uart.c:537:12:ReadPortsDirMSG	24	static
H1AR0_uart.c:554:12:UpdateMyPortsDir	8	static
