F:/HDD/Hexabiz_G0/H1ARxx/H1AR0/H1AR0_uart.c:27:6:MX_USART1_UART_Init	8	static
F:/HDD/Hexabiz_G0/H1ARxx/H1AR0/H1AR0_uart.c:45:6:MX_USART2_UART_Init	8	static
F:/HDD/Hexabiz_G0/H1ARxx/H1AR0/H1AR0_uart.c:68:6:MX_USART3_UART_Init	8	static
F:/HDD/Hexabiz_G0/H1ARxx/H1AR0/H1AR0_uart.c:91:6:MX_USART4_UART_Init	8	static
F:/HDD/Hexabiz_G0/H1ARxx/H1AR0/H1AR0_uart.c:114:6:MX_USART5_UART_Init	8	static
F:/HDD/Hexabiz_G0/H1ARxx/H1AR0/H1AR0_uart.c:137:6:MX_USART6_UART_Init	8	static
F:/HDD/Hexabiz_G0/H1ARxx/H1AR0/H1AR0_uart.c:158:6:HAL_UART_MspInit	88	static
F:/HDD/Hexabiz_G0/H1ARxx/H1AR0/H1AR0_uart.c:443:21:GetUart	0	static
F:/HDD/Hexabiz_G0/H1ARxx/H1AR0/H1AR0_uart.c:336:19:readPxMutex	24	static
F:/HDD/Hexabiz_G0/H1ARxx/H1AR0/H1AR0_uart.c:356:19:writePxMutex	24	static
F:/HDD/Hexabiz_G0/H1ARxx/H1AR0/H1AR0_uart.c:376:19:readPxITMutex	32	static
F:/HDD/Hexabiz_G0/H1ARxx/H1AR0/H1AR0_uart.c:392:19:writePxITMutex	32	static
F:/HDD/Hexabiz_G0/H1ARxx/H1AR0/H1AR0_uart.c:408:19:writePxDMAMutex	32	static
F:/HDD/Hexabiz_G0/H1ARxx/H1AR0/H1AR0_uart.c:428:12:UpdateBaudrate	8	static
F:/HDD/Hexabiz_G0/H1ARxx/H1AR0/H1AR0_uart.c:496:6:SwapUartPins	8	static
F:/HDD/Hexabiz_G0/H1ARxx/H1AR0/H1AR0_uart.c:515:12:ReadPortsDir	16	static
F:/HDD/Hexabiz_G0/H1ARxx/H1AR0/H1AR0_uart.c:538:12:ReadPortsDirMSG	24	static
F:/HDD/Hexabiz_G0/H1ARxx/H1AR0/H1AR0_uart.c:555:12:UpdateMyPortsDir	8	static
