H1AR0_uart.c:529:6:SwapUartPins.part.0	16	static
H1AR0_uart.c:26:6:MX_USART1_UART_Init	8	static
H1AR0_uart.c:49:6:MX_USART2_UART_Init	8	static
H1AR0_uart.c:72:6:MX_USART3_UART_Init	8	static
H1AR0_uart.c:95:6:MX_USART4_UART_Init	8	static
H1AR0_uart.c:118:6:MX_USART5_UART_Init	8	static
H1AR0_uart.c:141:6:MX_USART6_UART_Init	8	static
H1AR0_uart.c:162:6:HAL_UART_MspInit	88	static
H1AR0_uart.c:369:19:readPxMutex	32	static
H1AR0_uart.c:389:19:writePxMutex	32	static
H1AR0_uart.c:409:19:readPxITMutex	16	static
H1AR0_uart.c:425:19:writePxITMutex	16	static
H1AR0_uart.c:441:19:writePxDMAMutex	16	static
H1AR0_uart.c:461:12:UpdateBaudrate	8	static
H1AR0_uart.c:476:21:GetUart	0	static
H1AR0_uart.c:529:6:SwapUartPins	16	static
H1AR0_uart.c:548:12:ReadPortsDir	24	static
H1AR0_uart.c:571:12:ReadPortsDirMSG	24	static
H1AR0_uart.c:588:12:UpdateMyPortsDir	24	static
