F:/HDD/Hexabiz_G0/H1ARxx/H1AR0/H1AR0_dma.c:92:6:DMA_MSG_RX_CH_Init	8	static
F:/HDD/Hexabiz_G0/H1ARxx/H1AR0/H1AR0_dma.c:110:6:DMA_MSG_TX_CH_Init	8	static
F:/HDD/Hexabiz_G0/H1ARxx/H1AR0/H1AR0_dma.c:45:6:DMA_Init	16	static
F:/HDD/Hexabiz_G0/H1ARxx/H1AR0/H1AR0_dma.c:128:6:DMA_STREAM_CH_Init	8	static
F:/HDD/Hexabiz_G0/H1ARxx/H1AR0/H1AR0_dma.c:146:6:DMA_FRONTEND_CH_Init	8	static
F:/HDD/Hexabiz_G0/H1ARxx/H1AR0/H1AR0_dma.c:281:6:StopStreamDMA	16	static
F:/HDD/Hexabiz_G0/H1ARxx/H1AR0/H1AR0_dma.c:297:6:StopMsgDMA	16	static
F:/HDD/Hexabiz_G0/H1ARxx/H1AR0/H1AR0_dma.c:312:6:SwitchMsgDMAToStream	8	static
F:/HDD/Hexabiz_G0/H1ARxx/H1AR0/H1AR0_dma.c:345:6:SetupDMAInterrupts	8	static
F:/HDD/Hexabiz_G0/H1ARxx/H1AR0/H1AR0_dma.c:383:6:UnSetupDMAInterrupts	8	static
F:/HDD/Hexabiz_G0/H1ARxx/H1AR0/H1AR0_dma.c:241:6:DMA_MSG_TX_UnSetup	8	static
F:/HDD/Hexabiz_G0/H1ARxx/H1AR0/H1AR0_dma.c:417:6:RemapAndLinkDMAtoUARTRx	16	static
F:/HDD/Hexabiz_G0/H1ARxx/H1AR0/H1AR0_dma.c:198:6:DMA_MSG_RX_Setup	16	static
F:/HDD/Hexabiz_G0/H1ARxx/H1AR0/H1AR0_dma.c:166:6:SetupMessagingRxDMAs	8	static
F:/HDD/Hexabiz_G0/H1ARxx/H1AR0/H1AR0_dma.c:326:6:SwitchStreamDMAToMsg	24	static
F:/HDD/Hexabiz_G0/H1ARxx/H1AR0/H1AR0_dma.c:255:6:DMA_STREAM_Setup	24	static
F:/HDD/Hexabiz_G0/H1ARxx/H1AR0/H1AR0_dma.c:547:6:RemapAndLinkDMAtoUARTTx	16	static
F:/HDD/Hexabiz_G0/H1ARxx/H1AR0/H1AR0_dma.c:215:6:DMA_MSG_TX_Setup	8	static
F:/HDD/Hexabiz_G0/H1ARxx/H1AR0/H1AR0_dma.c:662:6:CRC_Init	8	static
F:/HDD/Hexabiz_G0/H1ARxx/H1AR0/H1AR0_dma.c:674:6:HAL_CRC_MspInit	8	static
F:/HDD/Hexabiz_G0/H1ARxx/H1AR0/H1AR0_dma.c:680:6:HAL_CRC_MspDeInit	0	static
F:/HDD/Hexabiz_G0/H1ARxx/H1AR0/H1AR0_dma.c:690:10:CalculateCRC8	24	static
