../../Thirdparty/CMSIS/STM32F0xx/Include/core_cm0.h:676:22:NVIC_SystemReset	0	static,ignoring_inline_asm
F:/HDD/Hexabiz_G0/H1ARxx/H1AR0/H1AR0_it.c:33:6:SysTick_Handler	8	static
F:/HDD/Hexabiz_G0/H1ARxx/H1AR0/H1AR0_it.c:44:6:HardFault_Handler	24	static
F:/HDD/Hexabiz_G0/H1ARxx/H1AR0/H1AR0_it.c:64:6:USART1_IRQHandler	8	static
F:/HDD/Hexabiz_G0/H1ARxx/H1AR0/H1AR0_it.c:83:6:USART2_IRQHandler	8	static
F:/HDD/Hexabiz_G0/H1ARxx/H1AR0/H1AR0_it.c:102:6:USART3_8_IRQHandler	8	static
F:/HDD/Hexabiz_G0/H1ARxx/H1AR0/H1AR0_it.c:131:6:DMA1_Ch1_IRQHandler	8	static
F:/HDD/Hexabiz_G0/H1ARxx/H1AR0/H1AR0_it.c:143:6:DMA1_Ch2_3_DMA2_Ch1_2_IRQHandler	8	static
F:/HDD/Hexabiz_G0/H1ARxx/H1AR0/H1AR0_it.c:162:6:DMA1_Ch4_7_DMA2_Ch3_5_IRQHandler	8	static
F:/HDD/Hexabiz_G0/H1ARxx/H1AR0/H1AR0_it.c:182:6:HAL_UART_TxCpltCallback	16	static
F:/HDD/Hexabiz_G0/H1ARxx/H1AR0/H1AR0_it.c:196:6:HAL_UART_ErrorCallback	8	static
F:/HDD/Hexabiz_G0/H1ARxx/H1AR0/H1AR0_it.c:216:6:HAL_UART_RxCpltCallback	48	static
F:/HDD/Hexabiz_G0/H1ARxx/H1AR0/H1AR0_it.c:291:6:vApplicationStackOverflowHook	24	static
F:/HDD/Hexabiz_G0/H1ARxx/H1AR0/H1AR0_it.c:313:6:vApplicationMallocFailedHook	24	static
