C:/Users/adool/Documents/H1ARxx-Firmware/H1AR0/H1AR0.c:65:6:SystemClock_Config	128	static
C:/Users/adool/Documents/H1ARxx-Firmware/H1AR0/H1AR0.c:113:9:SaveToRO	64	static
C:/Users/adool/Documents/H1ARxx-Firmware/H1AR0/H1AR0.c:209:9:ClearROtopology	8	static
C:/Users/adool/Documents/H1ARxx-Firmware/H1AR0/H1AR0.c:270:6:SetupPortForRemoteBootloaderUpdate	8	static
C:/Users/adool/Documents/H1ARxx-Firmware/H1AR0/H1AR0.c:220:6:remoteBootloaderUpdate	40	static
C:/Users/adool/Documents/H1ARxx-Firmware/H1AR0/H1AR0.c:285:6:Module_Peripheral_Init	8	static
C:/Users/adool/Documents/H1ARxx-Firmware/H1AR0/H1AR0.c:329:6:RegisterModuleCLICommands	8	static
C:/Users/adool/Documents/H1ARxx-Firmware/H1AR0/H1AR0.c:339:9:GetPort	0	static
C:/Users/adool/Documents/H1ARxx-Firmware/H1AR0/H1AR0.c:359:15:TransmitData	8	static
C:/Users/adool/Documents/H1ARxx-Firmware/H1AR0/H1AR0.c:305:15:Module_MessagingTask	16	static
C:/Users/adool/Documents/H1ARxx-Firmware/H1AR0/H1AR0.c:424:15:CLI_Transmit_DataCommand	16	static
C:/Users/adool/Documents/H1ARxx-Firmware/H1AR0/H1AR0.c:376:9:GetUserDataCount	0	static
C:/Users/adool/Documents/H1ARxx-Firmware/H1AR0/H1AR0.c:398:15:GetUserDataByte	8	static
