../../Thirdparty/CMSIS/STM32F0xx/Include/core_cm0.h:676:22:NVIC_SystemReset	0	static,ignoring_inline_asm
C:/Users/adool/Documents/H1ARxx-Firmware/H1AR0/H1AR0_it.c:33:6:SysTick_Handler	8	static
C:/Users/adool/Documents/H1ARxx-Firmware/H1AR0/H1AR0_it.c:44:6:HardFault_Handler	24	static
C:/Users/adool/Documents/H1ARxx-Firmware/H1AR0/H1AR0_it.c:64:6:USART1_IRQHandler	8	static
C:/Users/adool/Documents/H1ARxx-Firmware/H1AR0/H1AR0_it.c:83:6:USART2_IRQHandler	8	static
C:/Users/adool/Documents/H1ARxx-Firmware/H1AR0/H1AR0_it.c:102:6:USART3_8_IRQHandler	8	static
C:/Users/adool/Documents/H1ARxx-Firmware/H1AR0/H1AR0_it.c:131:6:DMA1_Ch1_IRQHandler	8	static
C:/Users/adool/Documents/H1ARxx-Firmware/H1AR0/H1AR0_it.c:143:6:DMA1_Ch2_3_DMA2_Ch1_2_IRQHandler	8	static
C:/Users/adool/Documents/H1ARxx-Firmware/H1AR0/H1AR0_it.c:162:6:DMA1_Ch4_7_DMA2_Ch3_5_IRQHandler	8	static
C:/Users/adool/Documents/H1ARxx-Firmware/H1AR0/H1AR0_it.c:186:6:HAL_UART_TxCpltCallback	16	static
C:/Users/adool/Documents/H1ARxx-Firmware/H1AR0/H1AR0_it.c:200:6:HAL_UART_ErrorCallback	8	static
C:/Users/adool/Documents/H1ARxx-Firmware/H1AR0/H1AR0_it.c:220:6:HAL_UART_RxCpltCallback	48	static
C:/Users/adool/Documents/H1ARxx-Firmware/H1AR0/H1AR0_it.c:295:6:vApplicationStackOverflowHook	24	static
C:/Users/adool/Documents/H1ARxx-Firmware/H1AR0/H1AR0_it.c:317:6:vApplicationMallocFailedHook	24	static
