C:/Users/adool/Documents/H1ARxx-Firmware/H1AR0/H1AR0_dma.c:93:6:DMA_MSG_RX_CH_Init	8	static
C:/Users/adool/Documents/H1ARxx-Firmware/H1AR0/H1AR0_dma.c:111:6:DMA_MSG_TX_CH_Init	8	static
C:/Users/adool/Documents/H1ARxx-Firmware/H1AR0/H1AR0_dma.c:45:6:DMA_Init	16	static
C:/Users/adool/Documents/H1ARxx-Firmware/H1AR0/H1AR0_dma.c:129:6:DMA_STREAM_CH_Init	8	static
C:/Users/adool/Documents/H1ARxx-Firmware/H1AR0/H1AR0_dma.c:147:6:DMA_FRONTEND_CH_Init	8	static
C:/Users/adool/Documents/H1ARxx-Firmware/H1AR0/H1AR0_dma.c:282:6:StopStreamDMA	16	static
C:/Users/adool/Documents/H1ARxx-Firmware/H1AR0/H1AR0_dma.c:298:6:StopMsgDMA	16	static
C:/Users/adool/Documents/H1ARxx-Firmware/H1AR0/H1AR0_dma.c:313:6:SwitchMsgDMAToStream	8	static
C:/Users/adool/Documents/H1ARxx-Firmware/H1AR0/H1AR0_dma.c:346:6:SetupDMAInterrupts	8	static
C:/Users/adool/Documents/H1ARxx-Firmware/H1AR0/H1AR0_dma.c:384:6:UnSetupDMAInterrupts	8	static
C:/Users/adool/Documents/H1ARxx-Firmware/H1AR0/H1AR0_dma.c:242:6:DMA_MSG_TX_UnSetup	8	static
C:/Users/adool/Documents/H1ARxx-Firmware/H1AR0/H1AR0_dma.c:418:6:RemapAndLinkDMAtoUARTRx	12	static
C:/Users/adool/Documents/H1ARxx-Firmware/H1AR0/H1AR0_dma.c:199:6:DMA_MSG_RX_Setup	16	static
C:/Users/adool/Documents/H1ARxx-Firmware/H1AR0/H1AR0_dma.c:167:6:SetupMessagingRxDMAs	8	static
C:/Users/adool/Documents/H1ARxx-Firmware/H1AR0/H1AR0_dma.c:327:6:SwitchStreamDMAToMsg	24	static
C:/Users/adool/Documents/H1ARxx-Firmware/H1AR0/H1AR0_dma.c:256:6:DMA_STREAM_Setup	24	static
C:/Users/adool/Documents/H1ARxx-Firmware/H1AR0/H1AR0_dma.c:548:6:RemapAndLinkDMAtoUARTTx	12	static
C:/Users/adool/Documents/H1ARxx-Firmware/H1AR0/H1AR0_dma.c:216:6:DMA_MSG_TX_Setup	8	static
C:/Users/adool/Documents/H1ARxx-Firmware/H1AR0/H1AR0_dma.c:663:6:CRC_Init	8	static
C:/Users/adool/Documents/H1ARxx-Firmware/H1AR0/H1AR0_dma.c:675:6:HAL_CRC_MspInit	8	static
C:/Users/adool/Documents/H1ARxx-Firmware/H1AR0/H1AR0_dma.c:681:6:HAL_CRC_MspDeInit	0	static
C:/Users/adool/Documents/H1ARxx-Firmware/H1AR0/H1AR0_dma.c:691:10:CalculateCRC8	24	static
