H1AR0_dma.c:93:6:DMA_MSG_RX_CH_Init	8	static
H1AR0_dma.c:111:6:DMA_MSG_TX_CH_Init	8	static
H1AR0_dma.c:45:6:DMA_Init	16	static
H1AR0_dma.c:129:6:DMA_STREAM_CH_Init	8	static
H1AR0_dma.c:147:6:DMA_FRONTEND_CH_Init	8	static
H1AR0_dma.c:282:6:StopStreamDMA	16	static
H1AR0_dma.c:298:6:StopMsgDMA	16	static
H1AR0_dma.c:313:6:SwitchMsgDMAToStream	8	static
H1AR0_dma.c:346:6:SetupDMAInterrupts	8	static
H1AR0_dma.c:383:6:UnSetupDMAInterrupts	8	static
H1AR0_dma.c:242:6:DMA_MSG_TX_UnSetup	8	static
H1AR0_dma.c:417:6:RemapAndLinkDMAtoUARTRx	16	static
H1AR0_dma.c:199:6:DMA_MSG_RX_Setup	16	static
H1AR0_dma.c:167:6:SetupMessagingRxDMAs	8	static
H1AR0_dma.c:327:6:SwitchStreamDMAToMsg	32	static
H1AR0_dma.c:256:6:DMA_STREAM_Setup	24	static
H1AR0_dma.c:532:6:RemapAndLinkDMAtoUARTTx	16	static
H1AR0_dma.c:216:6:DMA_MSG_TX_Setup	8	static
H1AR0_dma.c:647:6:CRC_Init	8	static
H1AR0_dma.c:659:6:HAL_CRC_MspInit	8	static
H1AR0_dma.c:665:6:HAL_CRC_MspDeInit	0	static
H1AR0_dma.c:675:10:CalculateCRC8	24	static
