H1AR0_dma.c:45:6:DMA_Init	48	static
H1AR0_dma.c:90:6:DMA_MSG_RX_CH_Init	8	static
H1AR0_dma.c:108:6:DMA_MSG_TX_CH_Init	8	static
H1AR0_dma.c:126:6:DMA_STREAM_CH_Init	8	static
H1AR0_dma.c:144:6:DMA_FRONTEND_CH_Init	8	static
H1AR0_dma.c:279:6:StopStreamDMA	16	static
H1AR0_dma.c:295:6:StopMsgDMA	16	static
H1AR0_dma.c:310:6:SwitchMsgDMAToStream	16	static
H1AR0_dma.c:343:6:SetupDMAInterrupts	8	static
H1AR0_dma.c:380:6:UnSetupDMAInterrupts	8	static
H1AR0_dma.c:239:6:DMA_MSG_TX_UnSetup	8	static
H1AR0_dma.c:414:6:RemapAndLinkDMAtoUARTRx	16	static
H1AR0_dma.c:196:6:DMA_MSG_RX_Setup	16	static
H1AR0_dma.c:164:6:SetupMessagingRxDMAs	8	static
H1AR0_dma.c:324:6:SwitchStreamDMAToMsg	32	static
H1AR0_dma.c:253:6:DMA_STREAM_Setup	24	static
H1AR0_dma.c:529:6:RemapAndLinkDMAtoUARTTx	16	static
H1AR0_dma.c:213:6:DMA_MSG_TX_Setup	8	static
H1AR0_dma.c:644:6:CRC_Init	8	static
H1AR0_dma.c:656:6:HAL_CRC_MspInit	8	static
H1AR0_dma.c:662:6:HAL_CRC_MspDeInit	0	static
H1AR0_dma.c:672:10:CalculateCRC8	24	static
