D:/Hexabitz release/H1ARxx/Thirdparty/STM32F0xx_HAL_Driver/Src/stm32f0xx_hal_dma.c:679:13:DMA_SetConfig	8	static
D:/Hexabitz release/H1ARxx/Thirdparty/STM32F0xx_HAL_Driver/Src/stm32f0xx_hal_dma.c:178:19:HAL_DMA_Init	12	static
D:/Hexabitz release/H1ARxx/Thirdparty/STM32F0xx_HAL_Driver/Src/stm32f0xx_hal_dma.c:239:19:HAL_DMA_DeInit	4	static
D:/Hexabitz release/H1ARxx/Thirdparty/STM32F0xx_HAL_Driver/Src/stm32f0xx_hal_dma.c:320:19:HAL_DMA_Start	16	static
D:/Hexabitz release/H1ARxx/Thirdparty/STM32F0xx_HAL_Driver/Src/stm32f0xx_hal_dma.c:352:19:HAL_DMA_Start_IT	24	static
D:/Hexabitz release/H1ARxx/Thirdparty/STM32F0xx_HAL_Driver/Src/stm32f0xx_hal_dma.c:396:19:HAL_DMA_Abort	16	static
D:/Hexabitz release/H1ARxx/Thirdparty/STM32F0xx_HAL_Driver/Src/stm32f0xx_hal_dma.c:441:19:HAL_DMA_PollForTransfer	32	static
D:/Hexabitz release/H1ARxx/Thirdparty/STM32F0xx_HAL_Driver/Src/stm32f0xx_hal_dma.c:530:6:HAL_DMA_IRQHandler	8	static
D:/Hexabitz release/H1ARxx/Thirdparty/STM32F0xx_HAL_Driver/Src/stm32f0xx_hal_dma.c:642:22:HAL_DMA_GetState	0	static
D:/Hexabitz release/H1ARxx/Thirdparty/STM32F0xx_HAL_Driver/Src/stm32f0xx_hal_dma.c:653:10:HAL_DMA_GetError	0	static
