D:/Hexabitz release/H1ARxx/Thirdparty/STM32F0xx_HAL_Driver/Src/stm32f0xx_hal_gpio.c:188:6:HAL_GPIO_Init	32	static
D:/Hexabitz release/H1ARxx/Thirdparty/STM32F0xx_HAL_Driver/Src/stm32f0xx_hal_gpio.c:313:6:HAL_GPIO_DeInit	28	static
D:/Hexabitz release/H1ARxx/Thirdparty/STM32F0xx_HAL_Driver/Src/stm32f0xx_hal_gpio.c:394:15:HAL_GPIO_ReadPin	0	static
D:/Hexabitz release/H1ARxx/Thirdparty/STM32F0xx_HAL_Driver/Src/stm32f0xx_hal_gpio.c:427:6:HAL_GPIO_WritePin	0	static
D:/Hexabitz release/H1ARxx/Thirdparty/STM32F0xx_HAL_Driver/Src/stm32f0xx_hal_gpio.c:449:6:HAL_GPIO_TogglePin	0	static
D:/Hexabitz release/H1ARxx/Thirdparty/STM32F0xx_HAL_Driver/Src/stm32f0xx_hal_gpio.c:468:19:HAL_GPIO_LockPin	8	static
D:/Hexabitz release/H1ARxx/Thirdparty/STM32F0xx_HAL_Driver/Src/stm32f0xx_hal_gpio.c:517:13:HAL_GPIO_EXTI_Callback	0	static
D:/Hexabitz release/H1ARxx/Thirdparty/STM32F0xx_HAL_Driver/Src/stm32f0xx_hal_gpio.c:502:6:HAL_GPIO_EXTI_IRQHandler	8	static
