F:/HDD/Hexabiz_G0/H1ARxx/Thirdparty/Middleware/STM32F0xx/FreeRTOS/Source/FreeRTOS_CLI.c:322:15:prvGetNumberOfParameters	0	static
F:/HDD/Hexabiz_G0/H1ARxx/Thirdparty/Middleware/STM32F0xx/FreeRTOS/Source/FreeRTOS_CLI.c:69:15:FreeRTOS_CLIRegisterCommand	16	static
F:/HDD/Hexabiz_G0/H1ARxx/Thirdparty/Middleware/STM32F0xx/FreeRTOS/Source/FreeRTOS_CLI.c:110:15:FreeRTOS_CLIProcessCommand	32	static
F:/HDD/Hexabiz_G0/H1ARxx/Thirdparty/Middleware/STM32F0xx/FreeRTOS/Source/FreeRTOS_CLI.c:185:9:FreeRTOS_CLIGetOutputBuffer	0	static
F:/HDD/Hexabiz_G0/H1ARxx/Thirdparty/Middleware/STM32F0xx/FreeRTOS/Source/FreeRTOS_CLI.c:191:15:FreeRTOS_CLIGetParameter	8	static
F:/HDD/Hexabiz_G0/H1ARxx/Thirdparty/Middleware/STM32F0xx/FreeRTOS/Source/FreeRTOS_CLI.c:247:22:prvHelpCommand	32	static
