C:/Users/adool/Documents/H1ARxx-Firmware/Thirdparty/Middleware/STM32F0xx/FreeRTOS/Source/timers.c:495:19:prvGetNextExpireTime	0	static
C:/Users/adool/Documents/H1ARxx-Firmware/Thirdparty/Middleware/STM32F0xx/FreeRTOS/Source/timers.c:544:19:prvInsertTimerInActiveList	8	static
C:/Users/adool/Documents/H1ARxx-Firmware/Thirdparty/Middleware/STM32F0xx/FreeRTOS/Source/timers.c:770:13:prvCheckForValidListAndQueue	16	static
C:/Users/adool/Documents/H1ARxx-Firmware/Thirdparty/Middleware/STM32F0xx/FreeRTOS/Source/timers.c:240:12:xTimerCreateTimerTask	24	static
C:/Users/adool/Documents/H1ARxx-Firmware/Thirdparty/Middleware/STM32F0xx/FreeRTOS/Source/timers.c:275:15:xTimerCreate	32	static
C:/Users/adool/Documents/H1ARxx-Firmware/Thirdparty/Middleware/STM32F0xx/FreeRTOS/Source/timers.c:316:12:xTimerGenericCommand	32	static
C:/Users/adool/Documents/H1ARxx-Firmware/Thirdparty/Middleware/STM32F0xx/FreeRTOS/Source/timers.c:711:13:prvSwitchTimerLists	24	static
C:/Users/adool/Documents/H1ARxx-Firmware/Thirdparty/Middleware/STM32F0xx/FreeRTOS/Source/timers.c:521:19:prvSampleTimeNow	16	static
C:/Users/adool/Documents/H1ARxx-Firmware/Thirdparty/Middleware/STM32F0xx/FreeRTOS/Source/timers.c:378:13:prvProcessExpiredTimer	24	static
C:/Users/adool/Documents/H1ARxx-Firmware/Thirdparty/Middleware/STM32F0xx/FreeRTOS/Source/timers.c:442:13:prvProcessTimerOrBlockTask	24	static
C:/Users/adool/Documents/H1ARxx-Firmware/Thirdparty/Middleware/STM32F0xx/FreeRTOS/Source/timers.c:585:13:prvProcessReceivedCommands	40	static
C:/Users/adool/Documents/H1ARxx-Firmware/Thirdparty/Middleware/STM32F0xx/FreeRTOS/Source/timers.c:418:13:prvTimerTask	16	static
C:/Users/adool/Documents/H1ARxx-Firmware/Thirdparty/Middleware/STM32F0xx/FreeRTOS/Source/timers.c:370:14:pcTimerGetTimerName	0	static
C:/Users/adool/Documents/H1ARxx-Firmware/Thirdparty/Middleware/STM32F0xx/FreeRTOS/Source/timers.c:808:12:xTimerIsTimerActive	8	static
C:/Users/adool/Documents/H1ARxx-Firmware/Thirdparty/Middleware/STM32F0xx/FreeRTOS/Source/timers.c:827:7:pvTimerGetTimerID	8	static
C:/Users/adool/Documents/H1ARxx-Firmware/Thirdparty/Middleware/STM32F0xx/FreeRTOS/Source/timers.c:844:6:vTimerSetTimerID	16	static
C:/Users/adool/Documents/H1ARxx-Firmware/Thirdparty/Middleware/STM32F0xx/FreeRTOS/Source/timers.c:860:13:xTimerPendFunctionCallFromISR	24	static
C:/Users/adool/Documents/H1ARxx-Firmware/Thirdparty/Middleware/STM32F0xx/FreeRTOS/Source/timers.c:884:13:xTimerPendFunctionCall	24	static
